[h264_videotoolbox @ 0x7cae5c000] This device does not support the qmax option. Value ignored.
[h264_videotoolbox @ 0x7cae5c000] This device does not support the qmax option. Value ignored.
COMPARISON_ACTUAL_EXPORT_PATH=HardwareFrames
[h264_videotoolbox @ 0x7cae5c000] This device does not support the qmax option. Value ignored.
[h264_videotoolbox @ 0x7cae5c000] This device does not support the qmax option. Value ignored.
COMPARISON_ACTUAL_EXPORT_PATH=HardwareFrames
COMPARISON_ACTUAL_EXPORT_PATH=HardwareFrames
COMPARISON_ACTUAL_EXPORT_PATH=HardwareFrames
        1.35 real         1.44 user         0.64 sys
          1219985408  maximum resident set size
                   0  average shared memory size
                   0  average unshared data size
                   0  average unshared stack size
              101584  page reclaims
                  52  page faults
                   0  swaps
                   0  block input operations
                   0  block output operations
                   0  messages sent
                   0  messages received
                   0  signals received
                  71  voluntary context switches
               11608  involuntary context switches
         17938541476  instructions retired
          7357742607  cycles elapsed
          1601799680  peak memory footprint
