[h264_videotoolbox @ 0xa3cac8000] This device does not support the qmax option. Value ignored.
[h264_videotoolbox @ 0xa3cac8000] This device does not support the qmax option. Value ignored.
[h264_videotoolbox @ 0xa3cac8000] This device does not support the qmax option. Value ignored.
[h264_videotoolbox @ 0xa3cac8000] This device does not support the qmax option. Value ignored.
COMPARISON_ACTUAL_EXPORT_PATH=HardwareFrames
COMPARISON_ACTUAL_EXPORT_PATH=HardwareFrames
COMPARISON_ACTUAL_EXPORT_PATH=HardwareFrames
        1.25 real         0.06 user         0.05 sys
            61210624  maximum resident set size
                   0  average shared memory size
                   0  average unshared data size
                   0  average unshared stack size
                5050  page reclaims
                  61  page faults
                   0  swaps
                   0  block input operations
                   0  block output operations
                   0  messages sent
                   0  messages received
                   0  signals received
                  70  voluntary context switches
                1096  involuntary context switches
           986672497  instructions retired
           399310276  cycles elapsed
           202900128  peak memory footprint
