[h264_videotoolbox @ 0xb8f5d8000] This device does not support the qmax option. Value ignored.
[h264_videotoolbox @ 0xb8f5d8000] This device does not support the qmax option. Value ignored.
[h264_videotoolbox @ 0xb8f5d8000] This device does not support the qmax option. Value ignored.
[h264_videotoolbox @ 0xb8f5d8000] This device does not support the qmax option. Value ignored.
       26.94 real       122.96 user        11.53 sys
          3195174912  maximum resident set size
                   0  average shared memory size
                   0  average unshared data size
                   0  average unshared stack size
             1655463  page reclaims
                  66  page faults
                   0  swaps
                   0  block input operations
                   3  block output operations
                   0  messages sent
                   0  messages received
                   0  signals received
               15921  voluntary context switches
              339760  involuntary context switches
       1242413077409  instructions retired
        445413843360  cycles elapsed
          4026698920  peak memory footprint
