    Updating crates.io index
 Downloading crates ...
  Downloaded aligned v0.4.3
  Downloaded equator-macro v0.4.2
  Downloaded fontconfig-parser v0.5.8
  Downloaded slotmap v1.1.1
  Downloaded unit-prefix v0.5.2
  Downloaded wasm-bindgen-shared v0.2.129
  Downloaded weezl v0.1.12
  Downloaded version_check v0.9.5
  Downloaded y4m v0.8.0
  Downloaded xmlwriter v0.1.0
  Downloaded rustybuzz v0.12.1
  Downloaded serde v1.0.229
  Downloaded regex-syntax v0.8.11
  Downloaded image v0.25.10
  Downloaded regex-automata v0.4.18
  Downloaded libc v0.2.189
  Downloaded zune-core v0.5.3
  Downloaded rust-fuzzy-search v0.1.1
  Downloaded tiff v0.11.3
  Downloaded zune-inflate v0.2.54
  Downloaded zerocopy-derive v0.8.59
  Downloaded ttf-parser v0.25.1
  Downloaded winnow v1.0.4
  Downloaded wasm-bindgen-macro-support v0.2.129
  Downloaded wasm-bindgen v0.2.129
  Downloaded typewit v1.15.2
  Downloaded syn v2.0.119
  Downloaded microfft v0.6.0
  Downloaded zune-jpeg v0.5.15
  Downloaded uuid v1.26.1
  Downloaded zlib-rs v0.6.8
  Downloaded unicode-width v0.2.2
  Downloaded ttf-parser v0.20.0
  Downloaded num-bigint v0.4.8
  Downloaded tiny-skia v0.11.4
  Downloaded zerocopy v0.8.59
  Downloaded usvgr v0.46.0
  Downloaded minimal-lexical v0.2.1
  Downloaded syn v3.0.6
  Downloaded svgr v0.46.0
  Downloaded nom v8.0.0
  Downloaded nom v7.1.3
  Downloaded moxcms v0.8.1
  Downloaded rav1e v0.8.1
  Downloaded miniz_oxide v0.9.1
  Downloaded miniz_oxide v0.8.9
  Downloaded jpeg-decoder v0.3.2
  Downloaded gif v0.12.0
  Downloaded bindgen v0.72.1
  Downloaded libm v0.2.16
  Downloaded itertools v0.14.0
  Downloaded itertools v0.13.0
  Downloaded hashbrown v0.15.5
  Downloaded futures-util v0.3.34
  Downloaded kurbo v0.11.3
  Downloaded indexmap v2.14.2
  Downloaded hashbrown v0.17.1
  Downloaded av-scenechange v0.14.1
  Downloaded wasm-bindgen-macro v0.2.129
  Downloaded regex v1.13.1
  Downloaded kurbo v0.8.3
  Downloaded konst v0.3.17
  Downloaded indicatif v0.18.6
  Downloaded image-webp v0.2.4
  Downloaded flate2 v1.1.10
  Downloaded v_frame v0.3.9
  Downloaded tinyvec v1.13.3
  Downloaded svgrtypes v0.46.0
  Downloaded rayon v1.12.0
  Downloaded exr v1.74.2
  Downloaded unicode-vo v0.1.0
  Downloaded unicode-ident v1.0.26
  Downloaded toml_edit v0.25.15+spec-1.1.0
  Downloaded thiserror v2.0.21
  Downloaded siphasher v1.0.4
  Downloaded rayon-core v1.13.0
  Downloaded raw-cpuid v11.6.0
  Downloaded no_std_io2 v0.9.4
  Downloaded aho-corasick v1.1.5
  Downloaded unicode-script v0.5.8
  Downloaded unicode-ccc v0.1.2
  Downloaded typewit_proc_macros v1.8.1
  Downloaded thiserror-impl v2.0.21
  Downloaded simd_helpers v0.1.0
  Downloaded simd-adler32 v0.3.10
  Downloaded num-traits v0.2.19
  Downloaded num-iter v0.1.46
  Downloaded num-integer v0.1.47
  Downloaded num-derive v0.4.2
  Downloaded num v0.4.3
  Downloaded nom_locate v4.2.0
  Downloaded fontdb v0.16.2
  Downloaded bumpalo v3.20.3
  Downloaded unicode-properties v0.1.4
  Downloaded unicode-bidi-mirroring v0.1.0
  Downloaded unicode-bidi v0.3.18
  Downloaded toml_parser v1.1.3+spec-1.1.0
  Downloaded toml_datetime v1.1.1+spec-1.1.0
  Downloaded tiny-skia-path v0.11.4
  Downloaded syn-helpers v0.5.0
  Downloaded strict-num v0.1.1
  Downloaded static_assertions v1.1.0
  Downloaded stable_deref_trait v1.2.1
  Downloaded smallvec v1.16.2
  Downloaded slab v0.4.12
  Downloaded rustc-hash v2.1.3
  Downloaded roxmltree v0.20.0
  Downloaded pxfm v0.1.30
  Downloaded portable-atomic v1.15.0
  Downloaded num-rational v0.4.2
  Downloaded num-complex v0.4.6
  Downloaded noop_proc_macro v0.3.0
  Downloaded new_debug_unreachable v1.0.6
  Downloaded mutate_once v0.1.2
  Downloaded log v0.4.34
  Downloaded libloading v0.8.9
  Downloaded kamadak-exif v0.6.1
  Downloaded half v2.7.1
  Downloaded getrandom v0.4.3
  Downloaded getrandom v0.3.4
  Downloaded futures-channel v0.3.34
  Downloaded futures v0.3.34
  Downloaded crossbeam-utils v0.8.23
  Downloaded const_panic v0.2.17
  Downloaded console v0.16.6
  Downloaded colored v2.2.0
  Downloaded cc v1.5.1
  Downloaded bytemuck v1.25.2
  Downloaded base64 v0.21.7
  Downloaded av1-grain v0.2.5
  Downloaded siphasher v0.3.11
  Downloaded simplecss v0.2.2
  Downloaded shlex v2.0.1
  Downloaded shlex v1.3.0
  Downloaded serde_derive v1.0.229
  Downloaded serde_core v1.0.229
  Downloaded self-rust-tokenize-derive v0.3.4
  Downloaded self-rust-tokenize v0.3.4
  Downloaded scopeguard v1.2.0
  Downloaded rustversion v1.0.23
  Downloaded rgb v0.8.53
  Downloaded ravif v0.13.0
  Downloaded rangemap v1.8.0
  Downloaded quote v1.0.47
  Downloaded qoi v0.4.1
  Downloaded pulp v0.22.3
  Downloaded profiling-procmacros v1.0.18
  Downloaded png v0.18.1
  Downloaded png v0.17.16
  Downloaded memmap2 v0.9.11
  Downloaded lru v0.14.0
  Downloaded loop9 v0.1.5
  Downloaded lock_api v0.4.14
  Downloaded konst_kernel v0.3.15
  Downloaded jobserver v0.1.35
  Downloaded imgref v1.12.3
  Downloaded glob v0.3.4
  Downloaded gif v0.14.2
  Downloaded futures-io v0.3.34
  Downloaded futures-executor v0.3.34
  Downloaded futures-core v0.3.34
  Downloaded find-msvc-tools v0.1.14
  Downloaded euclid v0.22.14
  Downloaded either v1.18.0
  Downloaded crossbeam-epoch v0.9.21
  Downloaded crossbeam-deque v0.8.8
  Downloaded crc32fast v1.5.2
  Downloaded cexpr v0.6.0
  Downloaded bytecount v0.6.9
  Downloaded bitflags v1.3.2
  Downloaded bit_field v0.10.3
  Downloaded base64 v0.22.1
  Downloaded avif-serialize v0.8.9
  Downloaded reborrow v0.5.5
  Downloaded quick-error v2.0.1
  Downloaded pulp-wasm-simd-flag v0.1.1
  Downloaded profiling v1.0.18
  Downloaded proc-macro2 v1.0.107
  Downloaded proc-macro-crate v3.5.0
  Downloaded pkg-config v0.3.34
  Downloaded pin-project-lite v0.2.17
  Downloaded pico-args v0.5.0
  Downloaded pastey v0.1.1
  Downloaded paste v1.0.15
  Downloaded parking_lot_core v0.9.12
  Downloaded parking_lot v0.12.5
  Downloaded once_cell v1.21.4
  Downloaded num_cpus v1.17.0
  Downloaded memmap v0.7.0
  Downloaded memchr v2.8.3
  Downloaded maybe-rayon v0.1.1
  Downloaded lebe v0.5.3
  Downloaded lazy_static v1.5.1
  Downloaded konst_proc_macros v0.3.10
  Downloaded itoa v1.0.18
  Downloaded futures-task v0.3.34
  Downloaded futures-sink v0.3.34
  Downloaded futures-macro v0.3.34
  Downloaded ffmpeg-sys-next v9.0.0
  Downloaded fdeflate v0.3.7
  Downloaded clang-sys v1.9.1
  Downloaded cfg-if v1.0.5
  Downloaded byteorder-lite v0.1.0
  Downloaded built v0.8.1
  Downloaded bitstream-io v4.10.0
  Downloaded bitflags v2.13.2
  Downloaded foldhash v0.1.5
  Downloaded float-cmp v0.9.0
  Downloaded fax v0.2.7
  Downloaded equivalent v1.0.2
  Downloaded either_n v0.2.0
  Downloaded data-url v0.3.2
  Downloaded color_quant v1.1.0
  Downloaded bytemuck_derive v1.12.1
  Downloaded autocfg v1.5.1
  Downloaded arrayvec v0.7.8
  Downloaded arrayref v0.3.9
  Downloaded allocator-api2 v0.2.21
  Downloaded aligned-vec v0.6.4
  Downloaded ahash v0.8.12
  Downloaded equator v0.4.2
  Downloaded as-slice v0.2.1
  Downloaded arg_enum_proc_macro v0.3.4
  Downloaded anyhow v1.0.104
  Downloaded adler2 v2.0.1
   Compiling proc-macro2 v1.0.107
   Compiling quote v1.0.47
   Compiling unicode-ident v1.0.26
   Compiling libc v0.2.189
   Compiling autocfg v1.5.1
   Compiling version_check v0.9.5
   Compiling syn v2.0.119
   Compiling syn v3.0.6
   Compiling bytemuck_derive v1.12.1
   Compiling cfg-if v1.0.5
   Compiling crc32fast v1.5.2
   Compiling num-traits v0.2.19
   Compiling bytemuck v1.25.2
   Compiling bitflags v2.13.2
   Compiling memchr v2.8.3
   Compiling minimal-lexical v0.2.1
   Compiling simd-adler32 v0.3.10
   Compiling glob v0.3.4
   Compiling clang-sys v1.9.1
   Compiling nom v7.1.3
   Compiling slotmap v1.1.1
   Compiling getrandom v0.3.4
   Compiling arrayvec v0.7.8
   Compiling crossbeam-utils v0.8.23
   Compiling crossbeam-epoch v0.9.21
   Compiling adler2 v2.0.1
   Compiling regex-syntax v0.8.11
   Compiling regex-automata v0.4.18
   Compiling libloading v0.8.9
   Compiling ahash v0.8.12
   Compiling either v1.18.0
   Compiling crossbeam-deque v0.8.8
   Compiling log v0.4.34
   Compiling bindgen v0.72.1
   Compiling itertools v0.13.0
   Compiling regex v1.13.1
   Compiling cexpr v0.6.0
   Compiling num-integer v0.1.47
   Compiling find-msvc-tools v0.1.14
   Compiling shlex v2.0.1
   Compiling shlex v1.3.0
   Compiling zerocopy v0.8.59
   Compiling rustc-hash v2.1.3
   Compiling rayon-core v1.13.0
   Compiling cc v1.5.1
   Compiling miniz_oxide v0.9.1
   Compiling num_cpus v1.17.0
   Compiling zerocopy-derive v0.8.59
   Compiling equator-macro v0.4.2
   Compiling smallvec v1.16.2
   Compiling pkg-config v0.3.34
   Compiling equivalent v1.0.2
   Compiling equator v0.4.2
   Compiling flate2 v1.1.10
   Compiling num-bigint v0.4.8
   Compiling paste v1.0.15
   Compiling anyhow v1.0.104
   Compiling num-rational v0.4.2
   Compiling aligned-vec v0.6.4
   Compiling miniz_oxide v0.8.9
   Compiling either_n v0.2.0
   Compiling thiserror v2.0.21
   Compiling stable_deref_trait v1.2.1
   Compiling as-slice v0.2.1
   Compiling syn-helpers v0.5.0
   Compiling v_frame v0.3.9
   Compiling rayon v1.12.0
   Compiling fdeflate v0.3.7
   Compiling num-complex v0.4.6
   Compiling thiserror-impl v2.0.21
   Compiling libm v0.2.16
   Compiling float-cmp v0.9.0
   Compiling foldhash v0.1.5
   Compiling av-scenechange v0.14.1
   Compiling roxmltree v0.20.0
   Compiling allocator-api2 v0.2.21
   Compiling ttf-parser v0.20.0
   Compiling built v0.8.1
   Compiling weezl v0.1.12
   Compiling strict-num v0.1.1
   Compiling rav1e v0.8.1
   Compiling fontconfig-parser v0.5.8
   Compiling hashbrown v0.15.5
   Compiling self-rust-tokenize-derive v0.3.4
   Compiling aligned v0.4.3
   Compiling kurbo v0.8.3
   Compiling no_std_io2 v0.9.4
   Compiling nom v8.0.0
   Compiling memmap2 v0.9.11
   Compiling profiling-procmacros v1.0.18
   Compiling arg_enum_proc_macro v0.3.4
   Compiling pulp v0.22.3
   Compiling unicode-script v0.5.8
   Compiling unicode-bidi-mirroring v0.1.0
   Compiling winnow v1.0.4
   Compiling y4m v0.8.0
   Compiling unicode-ccc v0.1.2
   Compiling arrayref v0.3.9
   Compiling once_cell v1.21.4
   Compiling hashbrown v0.17.1
   Compiling pastey v0.1.1
   Compiling unicode-properties v0.1.4
   Compiling color_quant v1.1.0
   Compiling quick-error v2.0.1
   Compiling tinyvec v1.13.3
   Compiling siphasher v0.3.11
   Compiling svgrtypes v0.46.0
   Compiling tiny-skia-path v0.11.4
   Compiling fontdb v0.16.2
   Compiling rustybuzz v0.12.1
   Compiling indexmap v2.14.2
   Compiling toml_parser v1.1.3+spec-1.1.0
   Compiling av1-grain v0.2.5
   Compiling profiling v1.0.18
   Compiling bitstream-io v4.10.0
   Compiling self-rust-tokenize v0.3.4
   Compiling lru v0.14.0
   Compiling kurbo v0.11.3
   Compiling simplecss v0.2.2
   Compiling maybe-rayon v0.1.1
   Compiling itertools v0.14.0
   Compiling half v2.7.1
   Compiling ffmpeg-sys-next v9.0.0
   Compiling raw-cpuid v11.6.0
   Compiling rgb v0.8.53
   Compiling num-derive v0.4.2
   Compiling simd_helpers v0.1.0
   Compiling base64 v0.21.7
   Compiling toml_datetime v1.1.1+spec-1.1.0
   Compiling pulp-wasm-simd-flag v0.1.1
   Compiling zune-core v0.5.3
   Compiling data-url v0.3.2
   Compiling imgref v1.12.3
   Compiling unicode-vo v0.1.0
   Compiling noop_proc_macro v0.3.0
   Compiling futures-core v0.3.34
   Compiling pico-args v0.5.0
   Compiling new_debug_unreachable v1.0.6
   Compiling typewit_proc_macros v1.8.1
   Compiling unicode-bidi v0.3.18
   Compiling futures-sink v0.3.34
   Compiling xmlwriter v0.1.0
   Compiling siphasher v1.0.4
   Compiling bytecount v0.6.9
   Compiling pxfm v0.1.30
   Compiling reborrow v0.5.5
   Compiling moxcms v0.8.1
   Compiling nom_locate v4.2.0
   Compiling usvgr v0.46.0
   Compiling zune-jpeg v0.5.15
   Compiling futures-channel v0.3.34
   Compiling typewit v1.15.2
   Compiling loop9 v0.1.5
   Compiling toml_edit v0.25.15+spec-1.1.0
   Compiling png v0.18.1
   Compiling avif-serialize v0.8.9
   Compiling zune-inflate v0.2.54
   Compiling futures-macro v0.3.34
   Compiling parking_lot_core v0.9.12
   Compiling portable-atomic v1.15.0
   Compiling slab v0.4.12
   Compiling serde_core v1.0.229
   Compiling futures-io v0.3.34
   Compiling getrandom v0.4.3
   Compiling byteorder-lite v0.1.0
   Compiling bit_field v0.10.3
   Compiling bitflags v1.3.2
   Compiling fax v0.2.7
   Compiling pin-project-lite v0.2.17
   Compiling lebe v0.5.3
   Compiling futures-task v0.3.34
   Compiling image-webp v0.2.4
   Compiling futures-util v0.3.34
   Compiling exr v1.74.2
   Compiling tiff v0.11.3
   Compiling png v0.17.16
   Compiling image v0.25.10
   Compiling ravif v0.13.0
error: failed to run custom build command for `ffmpeg-sys-next v9.0.0`

Caused by:
  process didn't exit successfully: `/home/user/benchmark-work/fframes-cpu/target/release/build/ffmpeg-sys-next-8f4c5e37c46ccde6/build-script-build` (exit status: 101)
  --- stdout
  cargo:rerun-if-env-changed=FFMPEG_DIR
  cargo:rustc-link-search=native=/home/user/benchmark-work/fframes-cpu/target/release/build/ffmpeg-sys-next-5a74da218068f89a/out/dist/lib
  cargo:rustc-link-lib=static=avcodec
  cargo:rustc-link-lib=static=avdevice
  cargo:rustc-link-lib=static=avfilter
  cargo:rustc-link-lib=static=avformat
  cargo:rustc-link-lib=static=avutil
  cargo:rustc-link-lib=static=swresample
  cargo:rustc-link-lib=static=swscale
  cargo:rustc-link-arg=-Wl,--no-as-needed
  cargo:rerun-if-env-changed=FFMPEG_MARCH
  cargo:rerun-if-env-changed=FFMPEG_MTUNE
  configure stdout: ERROR: x264 not found using pkg-config

  If you think configure made a mistake, make sure you are using the latest
  version from Git.  If the latest version fails, report the problem to the
  ffmpeg-user@ffmpeg.org mailing list or IRC #ffmpeg on irc.libera.chat.
  Include the log file "ffbuild/config.log" produced by configure as this will help
  solve the problem.

  configure stderr: 

  --- stderr
  Cloning into 'ffmpeg-9.0'...

  thread 'main' panicked at /home/user/.cargo/registry/src/index.crates.io-1949cf8c6b5b557f/ffmpeg-sys-next-9.0.0/build.rs:1102:39:
  called `Result::unwrap()` on an `Err` value: Custom { kind: Other, error: "configure failed " }
  note: run with `RUST_BACKTRACE=1` environment variable to display a backtrace
warning: build failed, waiting for other jobs to finish...
