   Compiling ffmpeg-sys-next v9.0.0
   Compiling webvtt-parser v1.0.1 (/home/user/benchmark-work/fframes/webvtt-parser)
   Compiling proc-macro-crate v3.5.0
   Compiling gif v0.14.2
   Compiling png v0.18.1
   Compiling qoi v0.4.1
   Compiling scopeguard v1.2.0
   Compiling unicode-width v0.2.2
   Compiling itoa v1.0.18
   Compiling ttf-parser v0.25.1
   Compiling base64 v0.22.1
   Compiling serde v1.0.229
   Compiling fframes-media v1.0.1 (/home/user/benchmark-work/fframes/fframes-media)
   Compiling console v0.16.6
   Compiling lock_api v0.4.14
   Compiling image v0.25.10
   Compiling getrandom v0.4.3
   Compiling tiny-skia v0.11.4
   Compiling futures-executor v0.3.34
   Compiling serde_core v1.0.229
   Compiling parking_lot_core v0.9.12
   Compiling portable-atomic v1.15.0
   Compiling const_panic v0.2.17
   Compiling konst_kernel v0.3.15
   Compiling gif v0.12.0
   Compiling num-iter v0.1.46
   Compiling serde_derive v1.0.229
   Compiling unit-prefix v0.5.2
   Compiling lazy_static v1.5.1
   Compiling konst_proc_macros v0.3.10
   Compiling static_assertions v1.1.0
   Compiling rust-fuzzy-search v0.1.1
   Compiling mutate_once v0.1.2
   Compiling jpeg-decoder v0.3.2
   Compiling fframes v1.0.1 (/home/user/benchmark-work/fframes/fframes)
   Compiling svgr v0.46.0
   Compiling kamadak-exif v0.6.1
   Compiling svgr-macro v1.0.1 (/home/user/benchmark-work/fframes/svgr-macro)
   Compiling colored v2.2.0
   Compiling microfft v0.6.0
   Compiling konst v0.3.17
   Compiling indicatif v0.18.6
   Compiling num v0.4.3
   Compiling parking_lot v0.12.5
   Compiling futures v0.3.34
   Compiling uuid v1.26.1
   Compiling fframes-media-dir-macro v1.0.1 (/home/user/benchmark-work/fframes/media-dir-macro)
   Compiling memmap v0.7.0
   Compiling rangemap v1.8.0
   Compiling helios-fframes-cpu-comparison v0.1.0 (/home/user/benchmark-work/fframes-cpu)
    Finished `release` profile [optimized] target(s) in 7m 31s
