{
    "frames": [
        {
            "key_frame": 1,
            "pts": 0,
            "pkt_dts": 0,
            "best_effort_timestamp": 0,
            "duration": 512,
            "pict_type": "I",
            "side_data_list": [
                {
                    "side_data_type": "H.26[45] User Data Unregistered SEI message"
                }
            ]
        },
        {
            "key_frame": 0,
            "pts": 512,
            "pkt_dts": 512,
            "best_effort_timestamp": 512,
            "duration": 512,
            "pict_type": "B"
        },
        {
            "key_frame": 0,
            "pts": 1024,
            "pkt_dts": 1024,
            "best_effort_timestamp": 1024,
            "duration": 512,
            "pict_type": "B"
        },
        {
            "key_frame": 0,
            "pts": 1536,
            "pkt_dts": 1536,
            "best_effort_timestamp": 1536,
            "duration": 512,
            "pict_type": "B"
        },
        {
            "key_frame": 0,
            "pts": 2048,
            "pkt_dts": 2048,
            "best_effort_timestamp": 2048,
            "duration": 512,
            "pict_type": "P"
        },
        {
            "key_frame": 0,
            "pts": 2560,
            "pkt_dts": 2560,
            "best_effort_timestamp": 2560,
            "duration": 512,
            "pict_type": "B"
        },
        {
            "key_frame": 0,
            "pts": 3072,
            "pkt_dts": 3072,
            "best_effort_timestamp": 3072,
            "duration": 512,
            "pict_type": "B"
        },
        {
            "key_frame": 0,
            "pts": 3584,
            "pkt_dts": 3584,
            "best_effort_timestamp": 3584,
            "duration": 512,
            "pict_type": "B"
        },
        {
            "key_frame": 0,
            "pts": 4096,
            "pkt_dts": 4096,
            "best_effort_timestamp": 4096,
            "duration": 512,
            "pict_type": "P"
        },
        {
            "key_frame": 0,
            "pts": 4608,
            "pkt_dts": 4608,
            "best_effort_timestamp": 4608,
            "duration": 512,
            "pict_type": "B"
        },
        {
            "key_frame": 0,
            "pts": 5120,
            "pkt_dts": 5120,
            "best_effort_timestamp": 5120,
            "duration": 512,
            "pict_type": "B"
        },
        {
            "key_frame": 0,
            "pts": 5632,
            "pkt_dts": 5632,
            "best_effort_timestamp": 5632,
            "duration": 512,
            "pict_type": "B"
        },
        {
            "key_frame": 0,
            "pts": 6144,
            "pkt_dts": 6144,
            "best_effort_timestamp": 6144,
            "duration": 512,
            "pict_type": "P"
        },
        {
            "key_frame": 0,
            "pts": 6656,
            "pkt_dts": 6656,
            "best_effort_timestamp": 6656,
            "duration": 512,
            "pict_type": "B"
        },
        {
            "key_frame": 0,
            "pts": 7168,
            "pkt_dts": 7168,
            "best_effort_timestamp": 7168,
            "duration": 512,
            "pict_type": "B"
        },
        {
            "key_frame": 0,
            "pts": 7680,
            "pkt_dts": 7680,
            "best_effort_timestamp": 7680,
            "duration": 512,
            "pict_type": "B"
        },
        {
            "key_frame": 0,
            "pts": 8192,
            "pkt_dts": 8192,
            "best_effort_timestamp": 8192,
            "duration": 512,
            "pict_type": "P"
        },
        {
            "key_frame": 0,
            "pts": 8704,
            "pkt_dts": 8704,
            "best_effort_timestamp": 8704,
            "duration": 512,
            "pict_type": "B"
        },
        {
            "key_frame": 0,
            "pts": 9216,
            "pkt_dts": 9216,
            "best_effort_timestamp": 9216,
            "duration": 512,
            "pict_type": "P"
        },
        {
            "key_frame": 0,
            "pts": 9728,
            "pkt_dts": 9728,
            "best_effort_timestamp": 9728,
            "duration": 512,
            "pict_type": "P"
        },
        {
            "key_frame": 0,
            "pts": 10240,
            "pkt_dts": 10240,
            "best_effort_timestamp": 10240,
            "duration": 512,
            "pict_type": "P"
        },
        {
            "key_frame": 0,
            "pts": 10752,
            "pkt_dts": 10752,
            "best_effort_timestamp": 10752,
            "duration": 512,
            "pict_type": "P"
        },
        {
            "key_frame": 0,
            "pts": 11264,
            "pkt_dts": 11264,
            "best_effort_timestamp": 11264,
            "duration": 512,
            "pict_type": "P"
        },
        {
            "key_frame": 1,
            "pts": 11776,
            "pkt_dts": 11776,
            "best_effort_timestamp": 11776,
            "duration": 512,
            "pict_type": "I"
        },
        {
            "key_frame": 0,
            "pts": 12288,
            "pkt_dts": 12288,
            "best_effort_timestamp": 12288,
            "duration": 512,
            "pict_type": "B"
        },
        {
            "key_frame": 0,
            "pts": 12800,
            "pkt_dts": 12800,
            "best_effort_timestamp": 12800,
            "duration": 512,
            "pict_type": "B"
        },
        {
            "key_frame": 0,
            "pts": 13312,
            "pkt_dts": 13312,
            "best_effort_timestamp": 13312,
            "duration": 512,
            "pict_type": "B"
        },
        {
            "key_frame": 0,
            "pts": 13824,
            "pkt_dts": 13824,
            "best_effort_timestamp": 13824,
            "duration": 512,
            "pict_type": "P"
        },
        {
            "key_frame": 0,
            "pts": 14336,
            "pkt_dts": 14336,
            "best_effort_timestamp": 14336,
            "duration": 512,
            "pict_type": "B"
        },
        {
            "key_frame": 0,
            "pts": 14848,
            "pkt_dts": 14848,
            "best_effort_timestamp": 14848,
            "duration": 512,
            "pict_type": "B"
        },
        {
            "key_frame": 0,
            "pts": 15360,
            "pkt_dts": 15360,
            "best_effort_timestamp": 15360,
            "duration": 512,
            "pict_type": "B"
        },
        {
            "key_frame": 0,
            "pts": 15872,
            "pkt_dts": 15872,
            "best_effort_timestamp": 15872,
            "duration": 512,
            "pict_type": "P"
        },
        {
            "key_frame": 0,
            "pts": 16384,
            "pkt_dts": 16384,
            "best_effort_timestamp": 16384,
            "duration": 512,
            "pict_type": "B"
        },
        {
            "key_frame": 0,
            "pts": 16896,
            "pkt_dts": 16896,
            "best_effort_timestamp": 16896,
            "duration": 512,
            "pict_type": "B"
        },
        {
            "key_frame": 0,
            "pts": 17408,
            "pkt_dts": 17408,
            "best_effort_timestamp": 17408,
            "duration": 512,
            "pict_type": "B"
        },
        {
            "key_frame": 0,
            "pts": 17920,
            "pkt_dts": 17920,
            "best_effort_timestamp": 17920,
            "duration": 512,
            "pict_type": "P"
        },
        {
            "key_frame": 0,
            "pts": 18432,
            "pkt_dts": 18432,
            "best_effort_timestamp": 18432,
            "duration": 512,
            "pict_type": "B"
        },
        {
            "key_frame": 0,
            "pts": 18944,
            "pkt_dts": 18944,
            "best_effort_timestamp": 18944,
            "duration": 512,
            "pict_type": "B"
        },
        {
            "key_frame": 0,
            "pts": 19456,
            "pkt_dts": 19456,
            "best_effort_timestamp": 19456,
            "duration": 512,
            "pict_type": "B"
        },
        {
            "key_frame": 0,
            "pts": 19968,
            "pkt_dts": 19968,
            "best_effort_timestamp": 19968,
            "duration": 512,
            "pict_type": "P"
        },
        {
            "key_frame": 0,
            "pts": 20480,
            "pkt_dts": 20480,
            "best_effort_timestamp": 20480,
            "duration": 512,
            "pict_type": "B"
        },
        {
            "key_frame": 0,
            "pts": 20992,
            "pkt_dts": 20992,
            "best_effort_timestamp": 20992,
            "duration": 512,
            "pict_type": "P"
        },
        {
            "key_frame": 0,
            "pts": 21504,
            "pkt_dts": 21504,
            "best_effort_timestamp": 21504,
            "duration": 512,
            "pict_type": "P"
        },
        {
            "key_frame": 0,
            "pts": 22016,
            "pkt_dts": 22016,
            "best_effort_timestamp": 22016,
            "duration": 512,
            "pict_type": "P"
        },
        {
            "key_frame": 0,
            "pts": 22528,
            "pkt_dts": 22528,
            "best_effort_timestamp": 22528,
            "duration": 512,
            "pict_type": "P"
        },
        {
            "key_frame": 0,
            "pts": 23040,
            "pkt_dts": 23040,
            "best_effort_timestamp": 23040,
            "duration": 512,
            "pict_type": "P"
        },
        {
            "key_frame": 1,
            "pts": 23552,
            "pkt_dts": 23552,
            "best_effort_timestamp": 23552,
            "duration": 512,
            "pict_type": "I"
        },
        {
            "key_frame": 0,
            "pts": 24064,
            "pkt_dts": 24064,
            "best_effort_timestamp": 24064,
            "duration": 512,
            "pict_type": "B"
        },
        {
            "key_frame": 0,
            "pts": 24576,
            "pkt_dts": 24576,
            "best_effort_timestamp": 24576,
            "duration": 512,
            "pict_type": "B"
        },
        {
            "key_frame": 0,
            "pts": 25088,
            "pkt_dts": 25088,
            "best_effort_timestamp": 25088,
            "duration": 512,
            "pict_type": "P"
        },
        {
            "key_frame": 1,
            "pts": 25600,
            "pkt_dts": 25600,
            "best_effort_timestamp": 25600,
            "duration": 512,
            "pict_type": "I",
            "side_data_list": [
                {
                    "side_data_type": "H.26[45] User Data Unregistered SEI message"
                }
            ]
        },
        {
            "key_frame": 0,
            "pts": 26112,
            "pkt_dts": 26112,
            "best_effort_timestamp": 26112,
            "duration": 512,
            "pict_type": "B"
        },
        {
            "key_frame": 0,
            "pts": 26624,
            "pkt_dts": 26624,
            "best_effort_timestamp": 26624,
            "duration": 512,
            "pict_type": "B"
        },
        {
            "key_frame": 0,
            "pts": 27136,
            "pkt_dts": 27136,
            "best_effort_timestamp": 27136,
            "duration": 512,
            "pict_type": "B"
        },
        {
            "key_frame": 0,
            "pts": 27648,
            "pkt_dts": 27648,
            "best_effort_timestamp": 27648,
            "duration": 512,
            "pict_type": "P"
        },
        {
            "key_frame": 0,
            "pts": 28160,
            "pkt_dts": 28160,
            "best_effort_timestamp": 28160,
            "duration": 512,
            "pict_type": "B"
        },
        {
            "key_frame": 0,
            "pts": 28672,
            "pkt_dts": 28672,
            "best_effort_timestamp": 28672,
            "duration": 512,
            "pict_type": "B"
        },
        {
            "key_frame": 0,
            "pts": 29184,
            "pkt_dts": 29184,
            "best_effort_timestamp": 29184,
            "duration": 512,
            "pict_type": "B"
        },
        {
            "key_frame": 0,
            "pts": 29696,
            "pkt_dts": 29696,
            "best_effort_timestamp": 29696,
            "duration": 512,
            "pict_type": "P"
        },
        {
            "key_frame": 0,
            "pts": 30208,
            "pkt_dts": 30208,
            "best_effort_timestamp": 30208,
            "duration": 512,
            "pict_type": "B"
        },
        {
            "key_frame": 0,
            "pts": 30720,
            "pkt_dts": 30720,
            "best_effort_timestamp": 30720,
            "duration": 512,
            "pict_type": "B"
        },
        {
            "key_frame": 0,
            "pts": 31232,
            "pkt_dts": 31232,
            "best_effort_timestamp": 31232,
            "duration": 512,
            "pict_type": "B"
        },
        {
            "key_frame": 0,
            "pts": 31744,
            "pkt_dts": 31744,
            "best_effort_timestamp": 31744,
            "duration": 512,
            "pict_type": "P"
        },
        {
            "key_frame": 0,
            "pts": 32256,
            "pkt_dts": 32256,
            "best_effort_timestamp": 32256,
            "duration": 512,
            "pict_type": "B"
        },
        {
            "key_frame": 0,
            "pts": 32768,
            "pkt_dts": 32768,
            "best_effort_timestamp": 32768,
            "duration": 512,
            "pict_type": "B"
        },
        {
            "key_frame": 0,
            "pts": 33280,
            "pkt_dts": 33280,
            "best_effort_timestamp": 33280,
            "duration": 512,
            "pict_type": "B"
        },
        {
            "key_frame": 0,
            "pts": 33792,
            "pkt_dts": 33792,
            "best_effort_timestamp": 33792,
            "duration": 512,
            "pict_type": "P"
        },
        {
            "key_frame": 0,
            "pts": 34304,
            "pkt_dts": 34304,
            "best_effort_timestamp": 34304,
            "duration": 512,
            "pict_type": "B"
        },
        {
            "key_frame": 0,
            "pts": 34816,
            "pkt_dts": 34816,
            "best_effort_timestamp": 34816,
            "duration": 512,
            "pict_type": "P"
        },
        {
            "key_frame": 0,
            "pts": 35328,
            "pkt_dts": 35328,
            "best_effort_timestamp": 35328,
            "duration": 512,
            "pict_type": "P"
        },
        {
            "key_frame": 0,
            "pts": 35840,
            "pkt_dts": 35840,
            "best_effort_timestamp": 35840,
            "duration": 512,
            "pict_type": "P"
        },
        {
            "key_frame": 0,
            "pts": 36352,
            "pkt_dts": 36352,
            "best_effort_timestamp": 36352,
            "duration": 512,
            "pict_type": "P"
        },
        {
            "key_frame": 0,
            "pts": 36864,
            "pkt_dts": 36864,
            "best_effort_timestamp": 36864,
            "duration": 512,
            "pict_type": "P"
        },
        {
            "key_frame": 1,
            "pts": 37376,
            "pkt_dts": 37376,
            "best_effort_timestamp": 37376,
            "duration": 512,
            "pict_type": "I"
        },
        {
            "key_frame": 0,
            "pts": 37888,
            "pkt_dts": 37888,
            "best_effort_timestamp": 37888,
            "duration": 512,
            "pict_type": "B"
        },
        {
            "key_frame": 0,
            "pts": 38400,
            "pkt_dts": 38400,
            "best_effort_timestamp": 38400,
            "duration": 512,
            "pict_type": "B"
        },
        {
            "key_frame": 0,
            "pts": 38912,
            "pkt_dts": 38912,
            "best_effort_timestamp": 38912,
            "duration": 512,
            "pict_type": "B"
        },
        {
            "key_frame": 0,
            "pts": 39424,
            "pkt_dts": 39424,
            "best_effort_timestamp": 39424,
            "duration": 512,
            "pict_type": "P"
        },
        {
            "key_frame": 0,
            "pts": 39936,
            "pkt_dts": 39936,
            "best_effort_timestamp": 39936,
            "duration": 512,
            "pict_type": "B"
        },
        {
            "key_frame": 0,
            "pts": 40448,
            "pkt_dts": 40448,
            "best_effort_timestamp": 40448,
            "duration": 512,
            "pict_type": "B"
        },
        {
            "key_frame": 0,
            "pts": 40960,
            "pkt_dts": 40960,
            "best_effort_timestamp": 40960,
            "duration": 512,
            "pict_type": "B"
        },
        {
            "key_frame": 0,
            "pts": 41472,
            "pkt_dts": 41472,
            "best_effort_timestamp": 41472,
            "duration": 512,
            "pict_type": "P"
        },
        {
            "key_frame": 0,
            "pts": 41984,
            "pkt_dts": 41984,
            "best_effort_timestamp": 41984,
            "duration": 512,
            "pict_type": "B"
        },
        {
            "key_frame": 0,
            "pts": 42496,
            "pkt_dts": 42496,
            "best_effort_timestamp": 42496,
            "duration": 512,
            "pict_type": "B"
        },
        {
            "key_frame": 0,
            "pts": 43008,
            "pkt_dts": 43008,
            "best_effort_timestamp": 43008,
            "duration": 512,
            "pict_type": "B"
        },
        {
            "key_frame": 0,
            "pts": 43520,
            "pkt_dts": 43520,
            "best_effort_timestamp": 43520,
            "duration": 512,
            "pict_type": "P"
        },
        {
            "key_frame": 0,
            "pts": 44032,
            "pkt_dts": 44032,
            "best_effort_timestamp": 44032,
            "duration": 512,
            "pict_type": "B"
        },
        {
            "key_frame": 0,
            "pts": 44544,
            "pkt_dts": 44544,
            "best_effort_timestamp": 44544,
            "duration": 512,
            "pict_type": "B"
        },
        {
            "key_frame": 0,
            "pts": 45056,
            "pkt_dts": 45056,
            "best_effort_timestamp": 45056,
            "duration": 512,
            "pict_type": "B"
        },
        {
            "key_frame": 0,
            "pts": 45568,
            "pkt_dts": 45568,
            "best_effort_timestamp": 45568,
            "duration": 512,
            "pict_type": "P"
        },
        {
            "key_frame": 0,
            "pts": 46080,
            "pkt_dts": 46080,
            "best_effort_timestamp": 46080,
            "duration": 512,
            "pict_type": "B"
        },
        {
            "key_frame": 0,
            "pts": 46592,
            "pkt_dts": 46592,
            "best_effort_timestamp": 46592,
            "duration": 512,
            "pict_type": "P"
        },
        {
            "key_frame": 0,
            "pts": 47104,
            "pkt_dts": 47104,
            "best_effort_timestamp": 47104,
            "duration": 512,
            "pict_type": "P"
        },
        {
            "key_frame": 0,
            "pts": 47616,
            "pkt_dts": 47616,
            "best_effort_timestamp": 47616,
            "duration": 512,
            "pict_type": "P"
        },
        {
            "key_frame": 0,
            "pts": 48128,
            "pkt_dts": 48128,
            "best_effort_timestamp": 48128,
            "duration": 512,
            "pict_type": "P"
        },
        {
            "key_frame": 0,
            "pts": 48640,
            "pkt_dts": 48640,
            "best_effort_timestamp": 48640,
            "duration": 512,
            "pict_type": "P"
        },
        {
            "key_frame": 1,
            "pts": 49152,
            "pkt_dts": 49152,
            "best_effort_timestamp": 49152,
            "duration": 512,
            "pict_type": "I"
        },
        {
            "key_frame": 0,
            "pts": 49664,
            "pkt_dts": 49664,
            "best_effort_timestamp": 49664,
            "duration": 512,
            "pict_type": "B"
        },
        {
            "key_frame": 0,
            "pts": 50176,
            "pkt_dts": 50176,
            "best_effort_timestamp": 50176,
            "duration": 512,
            "pict_type": "B"
        },
        {
            "key_frame": 0,
            "pts": 50688,
            "pkt_dts": 50688,
            "best_effort_timestamp": 50688,
            "duration": 512,
            "pict_type": "P"
        },
        {
            "key_frame": 1,
            "pts": 51200,
            "pkt_dts": 51200,
            "best_effort_timestamp": 51200,
            "duration": 512,
            "pict_type": "I",
            "side_data_list": [
                {
                    "side_data_type": "H.26[45] User Data Unregistered SEI message"
                }
            ]
        },
        {
            "key_frame": 0,
            "pts": 51712,
            "pkt_dts": 51712,
            "best_effort_timestamp": 51712,
            "duration": 512,
            "pict_type": "B"
        },
        {
            "key_frame": 0,
            "pts": 52224,
            "pkt_dts": 52224,
            "best_effort_timestamp": 52224,
            "duration": 512,
            "pict_type": "B"
        },
        {
            "key_frame": 0,
            "pts": 52736,
            "pkt_dts": 52736,
            "best_effort_timestamp": 52736,
            "duration": 512,
            "pict_type": "B"
        },
        {
            "key_frame": 0,
            "pts": 53248,
            "pkt_dts": 53248,
            "best_effort_timestamp": 53248,
            "duration": 512,
            "pict_type": "P"
        },
        {
            "key_frame": 0,
            "pts": 53760,
            "pkt_dts": 53760,
            "best_effort_timestamp": 53760,
            "duration": 512,
            "pict_type": "B"
        },
        {
            "key_frame": 0,
            "pts": 54272,
            "pkt_dts": 54272,
            "best_effort_timestamp": 54272,
            "duration": 512,
            "pict_type": "B"
        },
        {
            "key_frame": 0,
            "pts": 54784,
            "pkt_dts": 54784,
            "best_effort_timestamp": 54784,
            "duration": 512,
            "pict_type": "B"
        },
        {
            "key_frame": 0,
            "pts": 55296,
            "pkt_dts": 55296,
            "best_effort_timestamp": 55296,
            "duration": 512,
            "pict_type": "P"
        },
        {
            "key_frame": 0,
            "pts": 55808,
            "pkt_dts": 55808,
            "best_effort_timestamp": 55808,
            "duration": 512,
            "pict_type": "B"
        },
        {
            "key_frame": 0,
            "pts": 56320,
            "pkt_dts": 56320,
            "best_effort_timestamp": 56320,
            "duration": 512,
            "pict_type": "B"
        },
        {
            "key_frame": 0,
            "pts": 56832,
            "pkt_dts": 56832,
            "best_effort_timestamp": 56832,
            "duration": 512,
            "pict_type": "B"
        },
        {
            "key_frame": 0,
            "pts": 57344,
            "pkt_dts": 57344,
            "best_effort_timestamp": 57344,
            "duration": 512,
            "pict_type": "P"
        },
        {
            "key_frame": 0,
            "pts": 57856,
            "pkt_dts": 57856,
            "best_effort_timestamp": 57856,
            "duration": 512,
            "pict_type": "B"
        },
        {
            "key_frame": 0,
            "pts": 58368,
            "pkt_dts": 58368,
            "best_effort_timestamp": 58368,
            "duration": 512,
            "pict_type": "B"
        },
        {
            "key_frame": 0,
            "pts": 58880,
            "pkt_dts": 58880,
            "best_effort_timestamp": 58880,
            "duration": 512,
            "pict_type": "B"
        },
        {
            "key_frame": 0,
            "pts": 59392,
            "pkt_dts": 59392,
            "best_effort_timestamp": 59392,
            "duration": 512,
            "pict_type": "P"
        },
        {
            "key_frame": 0,
            "pts": 59904,
            "pkt_dts": 59904,
            "best_effort_timestamp": 59904,
            "duration": 512,
            "pict_type": "B"
        },
        {
            "key_frame": 0,
            "pts": 60416,
            "pkt_dts": 60416,
            "best_effort_timestamp": 60416,
            "duration": 512,
            "pict_type": "P"
        },
        {
            "key_frame": 0,
            "pts": 60928,
            "pkt_dts": 60928,
            "best_effort_timestamp": 60928,
            "duration": 512,
            "pict_type": "P"
        },
        {
            "key_frame": 0,
            "pts": 61440,
            "pkt_dts": 61440,
            "best_effort_timestamp": 61440,
            "duration": 512,
            "pict_type": "P"
        },
        {
            "key_frame": 0,
            "pts": 61952,
            "pkt_dts": 61952,
            "best_effort_timestamp": 61952,
            "duration": 512,
            "pict_type": "P"
        },
        {
            "key_frame": 0,
            "pts": 62464,
            "pkt_dts": 62464,
            "best_effort_timestamp": 62464,
            "duration": 512,
            "pict_type": "P"
        },
        {
            "key_frame": 1,
            "pts": 62976,
            "pkt_dts": 62976,
            "best_effort_timestamp": 62976,
            "duration": 512,
            "pict_type": "I"
        },
        {
            "key_frame": 0,
            "pts": 63488,
            "pkt_dts": 63488,
            "best_effort_timestamp": 63488,
            "duration": 512,
            "pict_type": "B"
        },
        {
            "key_frame": 0,
            "pts": 64000,
            "pkt_dts": 64000,
            "best_effort_timestamp": 64000,
            "duration": 512,
            "pict_type": "B"
        },
        {
            "key_frame": 0,
            "pts": 64512,
            "pkt_dts": 64512,
            "best_effort_timestamp": 64512,
            "duration": 512,
            "pict_type": "B"
        },
        {
            "key_frame": 0,
            "pts": 65024,
            "pkt_dts": 65024,
            "best_effort_timestamp": 65024,
            "duration": 512,
            "pict_type": "P"
        },
        {
            "key_frame": 0,
            "pts": 65536,
            "pkt_dts": 65536,
            "best_effort_timestamp": 65536,
            "duration": 512,
            "pict_type": "B"
        },
        {
            "key_frame": 0,
            "pts": 66048,
            "pkt_dts": 66048,
            "best_effort_timestamp": 66048,
            "duration": 512,
            "pict_type": "B"
        },
        {
            "key_frame": 0,
            "pts": 66560,
            "pkt_dts": 66560,
            "best_effort_timestamp": 66560,
            "duration": 512,
            "pict_type": "B"
        },
        {
            "key_frame": 0,
            "pts": 67072,
            "pkt_dts": 67072,
            "best_effort_timestamp": 67072,
            "duration": 512,
            "pict_type": "P"
        },
        {
            "key_frame": 0,
            "pts": 67584,
            "pkt_dts": 67584,
            "best_effort_timestamp": 67584,
            "duration": 512,
            "pict_type": "B"
        },
        {
            "key_frame": 0,
            "pts": 68096,
            "pkt_dts": 68096,
            "best_effort_timestamp": 68096,
            "duration": 512,
            "pict_type": "B"
        },
        {
            "key_frame": 0,
            "pts": 68608,
            "pkt_dts": 68608,
            "best_effort_timestamp": 68608,
            "duration": 512,
            "pict_type": "B"
        },
        {
            "key_frame": 0,
            "pts": 69120,
            "pkt_dts": 69120,
            "best_effort_timestamp": 69120,
            "duration": 512,
            "pict_type": "P"
        },
        {
            "key_frame": 0,
            "pts": 69632,
            "pkt_dts": 69632,
            "best_effort_timestamp": 69632,
            "duration": 512,
            "pict_type": "B"
        },
        {
            "key_frame": 0,
            "pts": 70144,
            "pkt_dts": 70144,
            "best_effort_timestamp": 70144,
            "duration": 512,
            "pict_type": "B"
        },
        {
            "key_frame": 0,
            "pts": 70656,
            "pkt_dts": 70656,
            "best_effort_timestamp": 70656,
            "duration": 512,
            "pict_type": "B"
        },
        {
            "key_frame": 0,
            "pts": 71168,
            "pkt_dts": 71168,
            "best_effort_timestamp": 71168,
            "duration": 512,
            "pict_type": "P"
        },
        {
            "key_frame": 0,
            "pts": 71680,
            "pkt_dts": 71680,
            "best_effort_timestamp": 71680,
            "duration": 512,
            "pict_type": "B"
        },
        {
            "key_frame": 0,
            "pts": 72192,
            "pkt_dts": 72192,
            "best_effort_timestamp": 72192,
            "duration": 512,
            "pict_type": "B"
        },
        {
            "key_frame": 0,
            "pts": 72704,
            "pkt_dts": 72704,
            "best_effort_timestamp": 72704,
            "duration": 512,
            "pict_type": "P"
        },
        {
            "key_frame": 0,
            "pts": 73216,
            "pkt_dts": 73216,
            "best_effort_timestamp": 73216,
            "duration": 512,
            "pict_type": "P"
        },
        {
            "key_frame": 0,
            "pts": 73728,
            "pkt_dts": 73728,
            "best_effort_timestamp": 73728,
            "duration": 512,
            "pict_type": "P"
        },
        {
            "key_frame": 0,
            "pts": 74240,
            "pkt_dts": 74240,
            "best_effort_timestamp": 74240,
            "duration": 512,
            "pict_type": "P"
        },
        {
            "key_frame": 1,
            "pts": 74752,
            "pkt_dts": 74752,
            "best_effort_timestamp": 74752,
            "duration": 512,
            "pict_type": "I"
        },
        {
            "key_frame": 0,
            "pts": 75264,
            "pkt_dts": 75264,
            "best_effort_timestamp": 75264,
            "duration": 512,
            "pict_type": "B"
        },
        {
            "key_frame": 0,
            "pts": 75776,
            "pkt_dts": 75776,
            "best_effort_timestamp": 75776,
            "duration": 512,
            "pict_type": "B"
        },
        {
            "key_frame": 0,
            "pts": 76288,
            "pkt_dts": 76288,
            "best_effort_timestamp": 76288,
            "duration": 512,
            "pict_type": "P"
        },
        {
            "key_frame": 1,
            "pts": 76800,
            "pkt_dts": 76800,
            "best_effort_timestamp": 76800,
            "duration": 512,
            "pict_type": "I",
            "side_data_list": [
                {
                    "side_data_type": "H.26[45] User Data Unregistered SEI message"
                }
            ]
        },
        {
            "key_frame": 0,
            "pts": 77312,
            "pkt_dts": 77312,
            "best_effort_timestamp": 77312,
            "duration": 512,
            "pict_type": "B"
        },
        {
            "key_frame": 0,
            "pts": 77824,
            "pkt_dts": 77824,
            "best_effort_timestamp": 77824,
            "duration": 512,
            "pict_type": "B"
        },
        {
            "key_frame": 0,
            "pts": 78336,
            "pkt_dts": 78336,
            "best_effort_timestamp": 78336,
            "duration": 512,
            "pict_type": "B"
        },
        {
            "key_frame": 0,
            "pts": 78848,
            "pkt_dts": 78848,
            "best_effort_timestamp": 78848,
            "duration": 512,
            "pict_type": "P"
        },
        {
            "key_frame": 0,
            "pts": 79360,
            "pkt_dts": 79360,
            "best_effort_timestamp": 79360,
            "duration": 512,
            "pict_type": "B"
        },
        {
            "key_frame": 0,
            "pts": 79872,
            "pkt_dts": 79872,
            "best_effort_timestamp": 79872,
            "duration": 512,
            "pict_type": "B"
        },
        {
            "key_frame": 0,
            "pts": 80384,
            "pkt_dts": 80384,
            "best_effort_timestamp": 80384,
            "duration": 512,
            "pict_type": "B"
        },
        {
            "key_frame": 0,
            "pts": 80896,
            "pkt_dts": 80896,
            "best_effort_timestamp": 80896,
            "duration": 512,
            "pict_type": "P"
        },
        {
            "key_frame": 0,
            "pts": 81408,
            "pkt_dts": 81408,
            "best_effort_timestamp": 81408,
            "duration": 512,
            "pict_type": "B"
        },
        {
            "key_frame": 0,
            "pts": 81920,
            "pkt_dts": 81920,
            "best_effort_timestamp": 81920,
            "duration": 512,
            "pict_type": "B"
        },
        {
            "key_frame": 0,
            "pts": 82432,
            "pkt_dts": 82432,
            "best_effort_timestamp": 82432,
            "duration": 512,
            "pict_type": "B"
        },
        {
            "key_frame": 0,
            "pts": 82944,
            "pkt_dts": 82944,
            "best_effort_timestamp": 82944,
            "duration": 512,
            "pict_type": "P"
        },
        {
            "key_frame": 0,
            "pts": 83456,
            "pkt_dts": 83456,
            "best_effort_timestamp": 83456,
            "duration": 512,
            "pict_type": "B"
        },
        {
            "key_frame": 0,
            "pts": 83968,
            "pkt_dts": 83968,
            "best_effort_timestamp": 83968,
            "duration": 512,
            "pict_type": "B"
        },
        {
            "key_frame": 0,
            "pts": 84480,
            "pkt_dts": 84480,
            "best_effort_timestamp": 84480,
            "duration": 512,
            "pict_type": "B"
        },
        {
            "key_frame": 0,
            "pts": 84992,
            "pkt_dts": 84992,
            "best_effort_timestamp": 84992,
            "duration": 512,
            "pict_type": "P"
        },
        {
            "key_frame": 0,
            "pts": 85504,
            "pkt_dts": 85504,
            "best_effort_timestamp": 85504,
            "duration": 512,
            "pict_type": "B"
        },
        {
            "key_frame": 0,
            "pts": 86016,
            "pkt_dts": 86016,
            "best_effort_timestamp": 86016,
            "duration": 512,
            "pict_type": "B"
        },
        {
            "key_frame": 0,
            "pts": 86528,
            "pkt_dts": 86528,
            "best_effort_timestamp": 86528,
            "duration": 512,
            "pict_type": "P"
        },
        {
            "key_frame": 0,
            "pts": 87040,
            "pkt_dts": 87040,
            "best_effort_timestamp": 87040,
            "duration": 512,
            "pict_type": "P"
        },
        {
            "key_frame": 0,
            "pts": 87552,
            "pkt_dts": 87552,
            "best_effort_timestamp": 87552,
            "duration": 512,
            "pict_type": "P"
        },
        {
            "key_frame": 0,
            "pts": 88064,
            "pkt_dts": 88064,
            "best_effort_timestamp": 88064,
            "duration": 512,
            "pict_type": "P"
        },
        {
            "key_frame": 1,
            "pts": 88576,
            "pkt_dts": 88576,
            "best_effort_timestamp": 88576,
            "duration": 512,
            "pict_type": "I"
        },
        {
            "key_frame": 0,
            "pts": 89088,
            "pkt_dts": 89088,
            "best_effort_timestamp": 89088,
            "duration": 512,
            "pict_type": "B"
        },
        {
            "key_frame": 0,
            "pts": 89600,
            "pkt_dts": 89600,
            "best_effort_timestamp": 89600,
            "duration": 512,
            "pict_type": "B"
        },
        {
            "key_frame": 0,
            "pts": 90112,
            "pkt_dts": 90112,
            "best_effort_timestamp": 90112,
            "duration": 512,
            "pict_type": "B"
        },
        {
            "key_frame": 0,
            "pts": 90624,
            "pkt_dts": 90624,
            "best_effort_timestamp": 90624,
            "duration": 512,
            "pict_type": "P"
        },
        {
            "key_frame": 0,
            "pts": 91136,
            "pkt_dts": 91136,
            "best_effort_timestamp": 91136,
            "duration": 512,
            "pict_type": "B"
        },
        {
            "key_frame": 0,
            "pts": 91648,
            "pkt_dts": 91648,
            "best_effort_timestamp": 91648,
            "duration": 512,
            "pict_type": "B"
        },
        {
            "key_frame": 0,
            "pts": 92160,
            "pkt_dts": 92160,
            "best_effort_timestamp": 92160,
            "duration": 512,
            "pict_type": "B"
        },
        {
            "key_frame": 0,
            "pts": 92672,
            "pkt_dts": 92672,
            "best_effort_timestamp": 92672,
            "duration": 512,
            "pict_type": "P"
        },
        {
            "key_frame": 0,
            "pts": 93184,
            "pkt_dts": 93184,
            "best_effort_timestamp": 93184,
            "duration": 512,
            "pict_type": "B"
        },
        {
            "key_frame": 0,
            "pts": 93696,
            "pkt_dts": 93696,
            "best_effort_timestamp": 93696,
            "duration": 512,
            "pict_type": "B"
        },
        {
            "key_frame": 0,
            "pts": 94208,
            "pkt_dts": 94208,
            "best_effort_timestamp": 94208,
            "duration": 512,
            "pict_type": "B"
        },
        {
            "key_frame": 0,
            "pts": 94720,
            "pkt_dts": 94720,
            "best_effort_timestamp": 94720,
            "duration": 512,
            "pict_type": "P"
        },
        {
            "key_frame": 0,
            "pts": 95232,
            "pkt_dts": 95232,
            "best_effort_timestamp": 95232,
            "duration": 512,
            "pict_type": "B"
        },
        {
            "key_frame": 0,
            "pts": 95744,
            "pkt_dts": 95744,
            "best_effort_timestamp": 95744,
            "duration": 512,
            "pict_type": "B"
        },
        {
            "key_frame": 0,
            "pts": 96256,
            "pkt_dts": 96256,
            "best_effort_timestamp": 96256,
            "duration": 512,
            "pict_type": "B"
        },
        {
            "key_frame": 0,
            "pts": 96768,
            "pkt_dts": 96768,
            "best_effort_timestamp": 96768,
            "duration": 512,
            "pict_type": "P"
        },
        {
            "key_frame": 0,
            "pts": 97280,
            "pkt_dts": 97280,
            "best_effort_timestamp": 97280,
            "duration": 512,
            "pict_type": "B"
        },
        {
            "key_frame": 0,
            "pts": 97792,
            "pkt_dts": 97792,
            "best_effort_timestamp": 97792,
            "duration": 512,
            "pict_type": "P"
        },
        {
            "key_frame": 0,
            "pts": 98304,
            "pkt_dts": 98304,
            "best_effort_timestamp": 98304,
            "duration": 512,
            "pict_type": "P"
        },
        {
            "key_frame": 0,
            "pts": 98816,
            "pkt_dts": 98816,
            "best_effort_timestamp": 98816,
            "duration": 512,
            "pict_type": "P"
        },
        {
            "key_frame": 0,
            "pts": 99328,
            "pkt_dts": 99328,
            "best_effort_timestamp": 99328,
            "duration": 512,
            "pict_type": "P"
        },
        {
            "key_frame": 0,
            "pts": 99840,
            "pkt_dts": 99840,
            "best_effort_timestamp": 99840,
            "duration": 512,
            "pict_type": "P"
        },
        {
            "key_frame": 1,
            "pts": 100352,
            "pkt_dts": 100352,
            "best_effort_timestamp": 100352,
            "duration": 512,
            "pict_type": "I"
        },
        {
            "key_frame": 0,
            "pts": 100864,
            "pkt_dts": 100864,
            "best_effort_timestamp": 100864,
            "duration": 512,
            "pict_type": "B"
        },
        {
            "key_frame": 0,
            "pts": 101376,
            "pkt_dts": 101376,
            "best_effort_timestamp": 101376,
            "duration": 512,
            "pict_type": "B"
        },
        {
            "key_frame": 0,
            "pts": 101888,
            "pkt_dts": 101888,
            "best_effort_timestamp": 101888,
            "duration": 512,
            "pict_type": "P"
        },
        {
            "key_frame": 1,
            "pts": 102400,
            "pkt_dts": 102400,
            "best_effort_timestamp": 102400,
            "duration": 512,
            "pict_type": "I",
            "side_data_list": [
                {
                    "side_data_type": "H.26[45] User Data Unregistered SEI message"
                }
            ]
        },
        {
            "key_frame": 0,
            "pts": 102912,
            "pkt_dts": 102912,
            "best_effort_timestamp": 102912,
            "duration": 512,
            "pict_type": "B"
        },
        {
            "key_frame": 0,
            "pts": 103424,
            "pkt_dts": 103424,
            "best_effort_timestamp": 103424,
            "duration": 512,
            "pict_type": "B"
        },
        {
            "key_frame": 0,
            "pts": 103936,
            "pkt_dts": 103936,
            "best_effort_timestamp": 103936,
            "duration": 512,
            "pict_type": "B"
        },
        {
            "key_frame": 0,
            "pts": 104448,
            "pkt_dts": 104448,
            "best_effort_timestamp": 104448,
            "duration": 512,
            "pict_type": "P"
        },
        {
            "key_frame": 0,
            "pts": 104960,
            "pkt_dts": 104960,
            "best_effort_timestamp": 104960,
            "duration": 512,
            "pict_type": "B"
        },
        {
            "key_frame": 0,
            "pts": 105472,
            "pkt_dts": 105472,
            "best_effort_timestamp": 105472,
            "duration": 512,
            "pict_type": "B"
        },
        {
            "key_frame": 0,
            "pts": 105984,
            "pkt_dts": 105984,
            "best_effort_timestamp": 105984,
            "duration": 512,
            "pict_type": "B"
        },
        {
            "key_frame": 0,
            "pts": 106496,
            "pkt_dts": 106496,
            "best_effort_timestamp": 106496,
            "duration": 512,
            "pict_type": "P"
        },
        {
            "key_frame": 0,
            "pts": 107008,
            "pkt_dts": 107008,
            "best_effort_timestamp": 107008,
            "duration": 512,
            "pict_type": "B"
        },
        {
            "key_frame": 0,
            "pts": 107520,
            "pkt_dts": 107520,
            "best_effort_timestamp": 107520,
            "duration": 512,
            "pict_type": "B"
        },
        {
            "key_frame": 0,
            "pts": 108032,
            "pkt_dts": 108032,
            "best_effort_timestamp": 108032,
            "duration": 512,
            "pict_type": "B"
        },
        {
            "key_frame": 0,
            "pts": 108544,
            "pkt_dts": 108544,
            "best_effort_timestamp": 108544,
            "duration": 512,
            "pict_type": "P"
        },
        {
            "key_frame": 0,
            "pts": 109056,
            "pkt_dts": 109056,
            "best_effort_timestamp": 109056,
            "duration": 512,
            "pict_type": "B"
        },
        {
            "key_frame": 0,
            "pts": 109568,
            "pkt_dts": 109568,
            "best_effort_timestamp": 109568,
            "duration": 512,
            "pict_type": "B"
        },
        {
            "key_frame": 0,
            "pts": 110080,
            "pkt_dts": 110080,
            "best_effort_timestamp": 110080,
            "duration": 512,
            "pict_type": "B"
        },
        {
            "key_frame": 0,
            "pts": 110592,
            "pkt_dts": 110592,
            "best_effort_timestamp": 110592,
            "duration": 512,
            "pict_type": "P"
        },
        {
            "key_frame": 0,
            "pts": 111104,
            "pkt_dts": 111104,
            "best_effort_timestamp": 111104,
            "duration": 512,
            "pict_type": "B"
        },
        {
            "key_frame": 0,
            "pts": 111616,
            "pkt_dts": 111616,
            "best_effort_timestamp": 111616,
            "duration": 512,
            "pict_type": "P"
        },
        {
            "key_frame": 0,
            "pts": 112128,
            "pkt_dts": 112128,
            "best_effort_timestamp": 112128,
            "duration": 512,
            "pict_type": "P"
        },
        {
            "key_frame": 0,
            "pts": 112640,
            "pkt_dts": 112640,
            "best_effort_timestamp": 112640,
            "duration": 512,
            "pict_type": "P"
        },
        {
            "key_frame": 0,
            "pts": 113152,
            "pkt_dts": 113152,
            "best_effort_timestamp": 113152,
            "duration": 512,
            "pict_type": "P"
        },
        {
            "key_frame": 0,
            "pts": 113664,
            "pkt_dts": 113664,
            "best_effort_timestamp": 113664,
            "duration": 512,
            "pict_type": "P"
        },
        {
            "key_frame": 1,
            "pts": 114176,
            "pkt_dts": 114176,
            "best_effort_timestamp": 114176,
            "duration": 512,
            "pict_type": "I"
        },
        {
            "key_frame": 0,
            "pts": 114688,
            "pkt_dts": 114688,
            "best_effort_timestamp": 114688,
            "duration": 512,
            "pict_type": "B"
        },
        {
            "key_frame": 0,
            "pts": 115200,
            "pkt_dts": 115200,
            "best_effort_timestamp": 115200,
            "duration": 512,
            "pict_type": "B"
        },
        {
            "key_frame": 0,
            "pts": 115712,
            "pkt_dts": 115712,
            "best_effort_timestamp": 115712,
            "duration": 512,
            "pict_type": "B"
        },
        {
            "key_frame": 0,
            "pts": 116224,
            "pkt_dts": 116224,
            "best_effort_timestamp": 116224,
            "duration": 512,
            "pict_type": "P"
        },
        {
            "key_frame": 0,
            "pts": 116736,
            "pkt_dts": 116736,
            "best_effort_timestamp": 116736,
            "duration": 512,
            "pict_type": "B"
        },
        {
            "key_frame": 0,
            "pts": 117248,
            "pkt_dts": 117248,
            "best_effort_timestamp": 117248,
            "duration": 512,
            "pict_type": "B"
        },
        {
            "key_frame": 0,
            "pts": 117760,
            "pkt_dts": 117760,
            "best_effort_timestamp": 117760,
            "duration": 512,
            "pict_type": "B"
        },
        {
            "key_frame": 0,
            "pts": 118272,
            "pkt_dts": 118272,
            "best_effort_timestamp": 118272,
            "duration": 512,
            "pict_type": "P"
        },
        {
            "key_frame": 0,
            "pts": 118784,
            "pkt_dts": 118784,
            "best_effort_timestamp": 118784,
            "duration": 512,
            "pict_type": "B"
        },
        {
            "key_frame": 0,
            "pts": 119296,
            "pkt_dts": 119296,
            "best_effort_timestamp": 119296,
            "duration": 512,
            "pict_type": "B"
        },
        {
            "key_frame": 0,
            "pts": 119808,
            "pkt_dts": 119808,
            "best_effort_timestamp": 119808,
            "duration": 512,
            "pict_type": "B"
        },
        {
            "key_frame": 0,
            "pts": 120320,
            "pkt_dts": 120320,
            "best_effort_timestamp": 120320,
            "duration": 512,
            "pict_type": "P"
        },
        {
            "key_frame": 0,
            "pts": 120832,
            "pkt_dts": 120832,
            "best_effort_timestamp": 120832,
            "duration": 512,
            "pict_type": "B"
        },
        {
            "key_frame": 0,
            "pts": 121344,
            "pkt_dts": 121344,
            "best_effort_timestamp": 121344,
            "duration": 512,
            "pict_type": "B"
        },
        {
            "key_frame": 0,
            "pts": 121856,
            "pkt_dts": 121856,
            "best_effort_timestamp": 121856,
            "duration": 512,
            "pict_type": "B"
        },
        {
            "key_frame": 0,
            "pts": 122368,
            "pkt_dts": 122368,
            "best_effort_timestamp": 122368,
            "duration": 512,
            "pict_type": "P"
        },
        {
            "key_frame": 0,
            "pts": 122880,
            "pkt_dts": 122880,
            "best_effort_timestamp": 122880,
            "duration": 512,
            "pict_type": "B"
        },
        {
            "key_frame": 0,
            "pts": 123392,
            "pkt_dts": 123392,
            "best_effort_timestamp": 123392,
            "duration": 512,
            "pict_type": "P"
        },
        {
            "key_frame": 0,
            "pts": 123904,
            "pkt_dts": 123904,
            "best_effort_timestamp": 123904,
            "duration": 512,
            "pict_type": "P"
        },
        {
            "key_frame": 0,
            "pts": 124416,
            "pkt_dts": 124416,
            "best_effort_timestamp": 124416,
            "duration": 512,
            "pict_type": "P"
        },
        {
            "key_frame": 0,
            "pts": 124928,
            "pkt_dts": 124928,
            "best_effort_timestamp": 124928,
            "duration": 512,
            "pict_type": "P"
        },
        {
            "key_frame": 0,
            "pts": 125440,
            "pkt_dts": 125440,
            "best_effort_timestamp": 125440,
            "duration": 512,
            "pict_type": "P"
        },
        {
            "key_frame": 1,
            "pts": 125952,
            "pkt_dts": 125952,
            "best_effort_timestamp": 125952,
            "duration": 512,
            "pict_type": "I"
        },
        {
            "key_frame": 0,
            "pts": 126464,
            "pkt_dts": 126464,
            "best_effort_timestamp": 126464,
            "duration": 512,
            "pict_type": "B"
        },
        {
            "key_frame": 0,
            "pts": 126976,
            "pkt_dts": 126976,
            "best_effort_timestamp": 126976,
            "duration": 512,
            "pict_type": "B"
        },
        {
            "key_frame": 0,
            "pts": 127488,
            "pkt_dts": 127488,
            "best_effort_timestamp": 127488,
            "duration": 512,
            "pict_type": "P"
        },
        {
            "key_frame": 1,
            "pts": 128000,
            "pkt_dts": 128000,
            "best_effort_timestamp": 128000,
            "duration": 512,
            "pict_type": "I",
            "side_data_list": [
                {
                    "side_data_type": "H.26[45] User Data Unregistered SEI message"
                }
            ]
        },
        {
            "key_frame": 0,
            "pts": 128512,
            "pkt_dts": 128512,
            "best_effort_timestamp": 128512,
            "duration": 512,
            "pict_type": "B"
        },
        {
            "key_frame": 0,
            "pts": 129024,
            "pkt_dts": 129024,
            "best_effort_timestamp": 129024,
            "duration": 512,
            "pict_type": "B"
        },
        {
            "key_frame": 0,
            "pts": 129536,
            "pkt_dts": 129536,
            "best_effort_timestamp": 129536,
            "duration": 512,
            "pict_type": "B"
        },
        {
            "key_frame": 0,
            "pts": 130048,
            "pkt_dts": 130048,
            "best_effort_timestamp": 130048,
            "duration": 512,
            "pict_type": "P"
        },
        {
            "key_frame": 0,
            "pts": 130560,
            "pkt_dts": 130560,
            "best_effort_timestamp": 130560,
            "duration": 512,
            "pict_type": "B"
        },
        {
            "key_frame": 0,
            "pts": 131072,
            "pkt_dts": 131072,
            "best_effort_timestamp": 131072,
            "duration": 512,
            "pict_type": "B"
        },
        {
            "key_frame": 0,
            "pts": 131584,
            "pkt_dts": 131584,
            "best_effort_timestamp": 131584,
            "duration": 512,
            "pict_type": "B"
        },
        {
            "key_frame": 0,
            "pts": 132096,
            "pkt_dts": 132096,
            "best_effort_timestamp": 132096,
            "duration": 512,
            "pict_type": "P"
        },
        {
            "key_frame": 0,
            "pts": 132608,
            "pkt_dts": 132608,
            "best_effort_timestamp": 132608,
            "duration": 512,
            "pict_type": "B"
        },
        {
            "key_frame": 0,
            "pts": 133120,
            "pkt_dts": 133120,
            "best_effort_timestamp": 133120,
            "duration": 512,
            "pict_type": "B"
        },
        {
            "key_frame": 0,
            "pts": 133632,
            "pkt_dts": 133632,
            "best_effort_timestamp": 133632,
            "duration": 512,
            "pict_type": "B"
        },
        {
            "key_frame": 0,
            "pts": 134144,
            "pkt_dts": 134144,
            "best_effort_timestamp": 134144,
            "duration": 512,
            "pict_type": "P"
        },
        {
            "key_frame": 0,
            "pts": 134656,
            "pkt_dts": 134656,
            "best_effort_timestamp": 134656,
            "duration": 512,
            "pict_type": "B"
        },
        {
            "key_frame": 0,
            "pts": 135168,
            "pkt_dts": 135168,
            "best_effort_timestamp": 135168,
            "duration": 512,
            "pict_type": "B"
        },
        {
            "key_frame": 0,
            "pts": 135680,
            "pkt_dts": 135680,
            "best_effort_timestamp": 135680,
            "duration": 512,
            "pict_type": "B"
        },
        {
            "key_frame": 0,
            "pts": 136192,
            "pkt_dts": 136192,
            "best_effort_timestamp": 136192,
            "duration": 512,
            "pict_type": "P"
        },
        {
            "key_frame": 0,
            "pts": 136704,
            "pkt_dts": 136704,
            "best_effort_timestamp": 136704,
            "duration": 512,
            "pict_type": "B"
        },
        {
            "key_frame": 0,
            "pts": 137216,
            "pkt_dts": 137216,
            "best_effort_timestamp": 137216,
            "duration": 512,
            "pict_type": "P"
        },
        {
            "key_frame": 0,
            "pts": 137728,
            "pkt_dts": 137728,
            "best_effort_timestamp": 137728,
            "duration": 512,
            "pict_type": "P"
        },
        {
            "key_frame": 0,
            "pts": 138240,
            "pkt_dts": 138240,
            "best_effort_timestamp": 138240,
            "duration": 512,
            "pict_type": "P"
        },
        {
            "key_frame": 0,
            "pts": 138752,
            "pkt_dts": 138752,
            "best_effort_timestamp": 138752,
            "duration": 512,
            "pict_type": "P"
        },
        {
            "key_frame": 0,
            "pts": 139264,
            "pkt_dts": 139264,
            "best_effort_timestamp": 139264,
            "duration": 512,
            "pict_type": "P"
        },
        {
            "key_frame": 1,
            "pts": 139776,
            "pkt_dts": 139776,
            "best_effort_timestamp": 139776,
            "duration": 512,
            "pict_type": "I"
        },
        {
            "key_frame": 0,
            "pts": 140288,
            "pkt_dts": 140288,
            "best_effort_timestamp": 140288,
            "duration": 512,
            "pict_type": "B"
        },
        {
            "key_frame": 0,
            "pts": 140800,
            "pkt_dts": 140800,
            "best_effort_timestamp": 140800,
            "duration": 512,
            "pict_type": "B"
        },
        {
            "key_frame": 0,
            "pts": 141312,
            "pkt_dts": 141312,
            "best_effort_timestamp": 141312,
            "duration": 512,
            "pict_type": "B"
        },
        {
            "key_frame": 0,
            "pts": 141824,
            "pkt_dts": 141824,
            "best_effort_timestamp": 141824,
            "duration": 512,
            "pict_type": "P"
        },
        {
            "key_frame": 0,
            "pts": 142336,
            "pkt_dts": 142336,
            "best_effort_timestamp": 142336,
            "duration": 512,
            "pict_type": "B"
        },
        {
            "key_frame": 0,
            "pts": 142848,
            "pkt_dts": 142848,
            "best_effort_timestamp": 142848,
            "duration": 512,
            "pict_type": "B"
        },
        {
            "key_frame": 0,
            "pts": 143360,
            "pkt_dts": 143360,
            "best_effort_timestamp": 143360,
            "duration": 512,
            "pict_type": "B"
        },
        {
            "key_frame": 0,
            "pts": 143872,
            "pkt_dts": 143872,
            "best_effort_timestamp": 143872,
            "duration": 512,
            "pict_type": "P"
        },
        {
            "key_frame": 0,
            "pts": 144384,
            "pkt_dts": 144384,
            "best_effort_timestamp": 144384,
            "duration": 512,
            "pict_type": "B"
        },
        {
            "key_frame": 0,
            "pts": 144896,
            "pkt_dts": 144896,
            "best_effort_timestamp": 144896,
            "duration": 512,
            "pict_type": "B"
        },
        {
            "key_frame": 0,
            "pts": 145408,
            "pkt_dts": 145408,
            "best_effort_timestamp": 145408,
            "duration": 512,
            "pict_type": "B"
        },
        {
            "key_frame": 0,
            "pts": 145920,
            "pkt_dts": 145920,
            "best_effort_timestamp": 145920,
            "duration": 512,
            "pict_type": "P"
        },
        {
            "key_frame": 0,
            "pts": 146432,
            "pkt_dts": 146432,
            "best_effort_timestamp": 146432,
            "duration": 512,
            "pict_type": "B"
        },
        {
            "key_frame": 0,
            "pts": 146944,
            "pkt_dts": 146944,
            "best_effort_timestamp": 146944,
            "duration": 512,
            "pict_type": "B"
        },
        {
            "key_frame": 0,
            "pts": 147456,
            "pkt_dts": 147456,
            "best_effort_timestamp": 147456,
            "duration": 512,
            "pict_type": "B"
        },
        {
            "key_frame": 0,
            "pts": 147968,
            "pkt_dts": 147968,
            "best_effort_timestamp": 147968,
            "duration": 512,
            "pict_type": "P"
        },
        {
            "key_frame": 0,
            "pts": 148480,
            "pkt_dts": 148480,
            "best_effort_timestamp": 148480,
            "duration": 512,
            "pict_type": "B"
        },
        {
            "key_frame": 0,
            "pts": 148992,
            "pkt_dts": 148992,
            "best_effort_timestamp": 148992,
            "duration": 512,
            "pict_type": "P"
        },
        {
            "key_frame": 0,
            "pts": 149504,
            "pkt_dts": 149504,
            "best_effort_timestamp": 149504,
            "duration": 512,
            "pict_type": "P"
        },
        {
            "key_frame": 0,
            "pts": 150016,
            "pkt_dts": 150016,
            "best_effort_timestamp": 150016,
            "duration": 512,
            "pict_type": "P"
        },
        {
            "key_frame": 0,
            "pts": 150528,
            "pkt_dts": 150528,
            "best_effort_timestamp": 150528,
            "duration": 512,
            "pict_type": "P"
        },
        {
            "key_frame": 0,
            "pts": 151040,
            "pkt_dts": 151040,
            "best_effort_timestamp": 151040,
            "duration": 512,
            "pict_type": "P"
        },
        {
            "key_frame": 1,
            "pts": 151552,
            "pkt_dts": 151552,
            "best_effort_timestamp": 151552,
            "duration": 512,
            "pict_type": "I"
        },
        {
            "key_frame": 0,
            "pts": 152064,
            "pkt_dts": 152064,
            "best_effort_timestamp": 152064,
            "duration": 512,
            "pict_type": "B"
        },
        {
            "key_frame": 0,
            "pts": 152576,
            "best_effort_timestamp": 152576,
            "duration": 512,
            "pict_type": "B"
        },
        {
            "key_frame": 0,
            "pts": 153088,
            "best_effort_timestamp": 153088,
            "duration": 512,
            "pict_type": "P"
        }
    ],
    "programs": [

    ],
    "stream_groups": [

    ],
    "streams": [
        {
            "codec_name": "h264",
            "codec_type": "video",
            "width": 1920,
            "height": 1080,
            "pix_fmt": "yuv420p",
            "color_range": "tv",
            "color_space": "smpte170m",
            "r_frame_rate": "30/1",
            "avg_frame_rate": "30/1",
            "time_base": "1/15360",
            "start_pts": 0,
            "duration_ts": 153600,
            "nb_frames": "300",
            "disposition": {
                "default": 1,
                "dub": 0,
                "original": 0,
                "comment": 0,
                "lyrics": 0,
                "karaoke": 0,
                "forced": 0,
                "hearing_impaired": 0,
                "visual_impaired": 0,
                "clean_effects": 0,
                "attached_pic": 0,
                "timed_thumbnails": 0,
                "non_diegetic": 0,
                "captions": 0,
                "descriptions": 0,
                "metadata": 0,
                "dependent": 0,
                "still_image": 0,
                "multilayer": 0
            },
            "tags": {
                "language": "und",
                "handler_name": "VideoHandler"
            }
        }
    ]
}
