[h264_videotoolbox @ 0x8bd1d8000] This device does not support the qmax option. Value ignored.
[h264_videotoolbox @ 0x8bd1d8000] This device does not support the qmax option. Value ignored.
[h264_videotoolbox @ 0x8bd1d8000] This device does not support the qmax option. Value ignored.
[h264_videotoolbox @ 0x8bd1d8000] This device does not support the qmax option. Value ignored.
COMPARISON_ACTUAL_EXPORT_PATH=HardwareFrames
COMPARISON_ACTUAL_EXPORT_PATH=HardwareFrames
COMPARISON_ACTUAL_EXPORT_PATH=HardwareFrames
        0.26 real         0.19 user         0.07 sys
            90898432  maximum resident set size
                   0  average shared memory size
                   0  average unshared data size
                   0  average unshared stack size
                8728  page reclaims
                  48  page faults
                   0  swaps
                   0  block input operations
                   0  block output operations
                   0  messages sent
                   0  messages received
                   0  signals received
                   2  voluntary context switches
                2039  involuntary context switches
          2521209249  instructions retired
           931204675  cycles elapsed
           234914488  peak memory footprint
