{
    "frames": [
        {
            "key_frame": 1,
            "pts": 0,
            "pkt_dts": 0,
            "best_effort_timestamp": 0,
            "duration": 1,
            "pict_type": "I",
            "side_data_list": [
                {
                    "side_data_type": "H.26[45] User Data Unregistered SEI message"
                }
            ]
        },
        {
            "key_frame": 0,
            "pts": 1,
            "pkt_dts": 1,
            "best_effort_timestamp": 1,
            "duration": 1,
            "pict_type": "B"
        },
        {
            "key_frame": 0,
            "pts": 2,
            "pkt_dts": 2,
            "best_effort_timestamp": 2,
            "duration": 1,
            "pict_type": "B"
        },
        {
            "key_frame": 0,
            "pts": 3,
            "pkt_dts": 3,
            "best_effort_timestamp": 3,
            "duration": 1,
            "pict_type": "B"
        },
        {
            "key_frame": 0,
            "pts": 4,
            "pkt_dts": 4,
            "best_effort_timestamp": 4,
            "duration": 1,
            "pict_type": "P"
        },
        {
            "key_frame": 0,
            "pts": 5,
            "pkt_dts": 5,
            "best_effort_timestamp": 5,
            "duration": 1,
            "pict_type": "B"
        },
        {
            "key_frame": 0,
            "pts": 6,
            "pkt_dts": 6,
            "best_effort_timestamp": 6,
            "duration": 1,
            "pict_type": "B"
        },
        {
            "key_frame": 0,
            "pts": 7,
            "pkt_dts": 7,
            "best_effort_timestamp": 7,
            "duration": 1,
            "pict_type": "B"
        },
        {
            "key_frame": 0,
            "pts": 8,
            "pkt_dts": 8,
            "best_effort_timestamp": 8,
            "duration": 1,
            "pict_type": "P"
        },
        {
            "key_frame": 0,
            "pts": 9,
            "pkt_dts": 9,
            "best_effort_timestamp": 9,
            "duration": 1,
            "pict_type": "B"
        },
        {
            "key_frame": 0,
            "pts": 10,
            "pkt_dts": 10,
            "best_effort_timestamp": 10,
            "duration": 1,
            "pict_type": "B"
        },
        {
            "key_frame": 0,
            "pts": 11,
            "pkt_dts": 11,
            "best_effort_timestamp": 11,
            "duration": 1,
            "pict_type": "B"
        },
        {
            "key_frame": 0,
            "pts": 12,
            "pkt_dts": 12,
            "best_effort_timestamp": 12,
            "duration": 1,
            "pict_type": "P"
        },
        {
            "key_frame": 0,
            "pts": 13,
            "pkt_dts": 13,
            "best_effort_timestamp": 13,
            "duration": 1,
            "pict_type": "B"
        },
        {
            "key_frame": 0,
            "pts": 14,
            "pkt_dts": 14,
            "best_effort_timestamp": 14,
            "duration": 1,
            "pict_type": "B"
        },
        {
            "key_frame": 0,
            "pts": 15,
            "pkt_dts": 15,
            "best_effort_timestamp": 15,
            "duration": 1,
            "pict_type": "B"
        },
        {
            "key_frame": 0,
            "pts": 16,
            "pkt_dts": 16,
            "best_effort_timestamp": 16,
            "duration": 1,
            "pict_type": "P"
        },
        {
            "key_frame": 0,
            "pts": 17,
            "pkt_dts": 17,
            "best_effort_timestamp": 17,
            "duration": 1,
            "pict_type": "B"
        },
        {
            "key_frame": 0,
            "pts": 18,
            "pkt_dts": 18,
            "best_effort_timestamp": 18,
            "duration": 1,
            "pict_type": "B"
        },
        {
            "key_frame": 0,
            "pts": 19,
            "pkt_dts": 19,
            "best_effort_timestamp": 19,
            "duration": 1,
            "pict_type": "B"
        },
        {
            "key_frame": 0,
            "pts": 20,
            "pkt_dts": 20,
            "best_effort_timestamp": 20,
            "duration": 1,
            "pict_type": "P"
        },
        {
            "key_frame": 0,
            "pts": 21,
            "pkt_dts": 21,
            "best_effort_timestamp": 21,
            "duration": 1,
            "pict_type": "P"
        },
        {
            "key_frame": 0,
            "pts": 22,
            "pkt_dts": 22,
            "best_effort_timestamp": 22,
            "duration": 1,
            "pict_type": "P"
        },
        {
            "key_frame": 1,
            "pts": 23,
            "pkt_dts": 23,
            "best_effort_timestamp": 23,
            "duration": 1,
            "pict_type": "I"
        },
        {
            "key_frame": 0,
            "pts": 24,
            "pkt_dts": 24,
            "best_effort_timestamp": 24,
            "duration": 1,
            "pict_type": "B"
        },
        {
            "key_frame": 0,
            "pts": 25,
            "pkt_dts": 25,
            "best_effort_timestamp": 25,
            "duration": 1,
            "pict_type": "B"
        },
        {
            "key_frame": 0,
            "pts": 26,
            "pkt_dts": 26,
            "best_effort_timestamp": 26,
            "duration": 1,
            "pict_type": "B"
        },
        {
            "key_frame": 0,
            "pts": 27,
            "pkt_dts": 27,
            "best_effort_timestamp": 27,
            "duration": 1,
            "pict_type": "P"
        },
        {
            "key_frame": 0,
            "pts": 28,
            "pkt_dts": 28,
            "best_effort_timestamp": 28,
            "duration": 1,
            "pict_type": "B"
        },
        {
            "key_frame": 0,
            "pts": 29,
            "pkt_dts": 29,
            "best_effort_timestamp": 29,
            "duration": 1,
            "pict_type": "B"
        },
        {
            "key_frame": 0,
            "pts": 30,
            "pkt_dts": 30,
            "best_effort_timestamp": 30,
            "duration": 1,
            "pict_type": "B"
        },
        {
            "key_frame": 0,
            "pts": 31,
            "pkt_dts": 31,
            "best_effort_timestamp": 31,
            "duration": 1,
            "pict_type": "P"
        },
        {
            "key_frame": 0,
            "pts": 32,
            "pkt_dts": 32,
            "best_effort_timestamp": 32,
            "duration": 1,
            "pict_type": "B"
        },
        {
            "key_frame": 0,
            "pts": 33,
            "pkt_dts": 33,
            "best_effort_timestamp": 33,
            "duration": 1,
            "pict_type": "B"
        },
        {
            "key_frame": 0,
            "pts": 34,
            "pkt_dts": 34,
            "best_effort_timestamp": 34,
            "duration": 1,
            "pict_type": "B"
        },
        {
            "key_frame": 0,
            "pts": 35,
            "pkt_dts": 35,
            "best_effort_timestamp": 35,
            "duration": 1,
            "pict_type": "P"
        },
        {
            "key_frame": 0,
            "pts": 36,
            "pkt_dts": 36,
            "best_effort_timestamp": 36,
            "duration": 1,
            "pict_type": "B"
        },
        {
            "key_frame": 0,
            "pts": 37,
            "pkt_dts": 37,
            "best_effort_timestamp": 37,
            "duration": 1,
            "pict_type": "P"
        },
        {
            "key_frame": 1,
            "pts": 38,
            "pkt_dts": 38,
            "best_effort_timestamp": 38,
            "duration": 1,
            "pict_type": "I",
            "side_data_list": [
                {
                    "side_data_type": "H.26[45] User Data Unregistered SEI message"
                }
            ]
        },
        {
            "key_frame": 0,
            "pts": 39,
            "pkt_dts": 39,
            "best_effort_timestamp": 39,
            "duration": 1,
            "pict_type": "B"
        },
        {
            "key_frame": 0,
            "pts": 40,
            "pkt_dts": 40,
            "best_effort_timestamp": 40,
            "duration": 1,
            "pict_type": "B"
        },
        {
            "key_frame": 0,
            "pts": 41,
            "pkt_dts": 41,
            "best_effort_timestamp": 41,
            "duration": 1,
            "pict_type": "B"
        },
        {
            "key_frame": 0,
            "pts": 42,
            "pkt_dts": 42,
            "best_effort_timestamp": 42,
            "duration": 1,
            "pict_type": "P"
        },
        {
            "key_frame": 0,
            "pts": 43,
            "pkt_dts": 43,
            "best_effort_timestamp": 43,
            "duration": 1,
            "pict_type": "B"
        },
        {
            "key_frame": 0,
            "pts": 44,
            "pkt_dts": 44,
            "best_effort_timestamp": 44,
            "duration": 1,
            "pict_type": "B"
        },
        {
            "key_frame": 0,
            "pts": 45,
            "pkt_dts": 45,
            "best_effort_timestamp": 45,
            "duration": 1,
            "pict_type": "B"
        },
        {
            "key_frame": 0,
            "pts": 46,
            "pkt_dts": 46,
            "best_effort_timestamp": 46,
            "duration": 1,
            "pict_type": "P"
        },
        {
            "key_frame": 0,
            "pts": 47,
            "pkt_dts": 47,
            "best_effort_timestamp": 47,
            "duration": 1,
            "pict_type": "B"
        },
        {
            "key_frame": 0,
            "pts": 48,
            "pkt_dts": 48,
            "best_effort_timestamp": 48,
            "duration": 1,
            "pict_type": "B"
        },
        {
            "key_frame": 0,
            "pts": 49,
            "pkt_dts": 49,
            "best_effort_timestamp": 49,
            "duration": 1,
            "pict_type": "B"
        },
        {
            "key_frame": 0,
            "pts": 50,
            "pkt_dts": 50,
            "best_effort_timestamp": 50,
            "duration": 1,
            "pict_type": "P"
        },
        {
            "key_frame": 0,
            "pts": 51,
            "pkt_dts": 51,
            "best_effort_timestamp": 51,
            "duration": 1,
            "pict_type": "B"
        },
        {
            "key_frame": 0,
            "pts": 52,
            "pkt_dts": 52,
            "best_effort_timestamp": 52,
            "duration": 1,
            "pict_type": "B"
        },
        {
            "key_frame": 0,
            "pts": 53,
            "pkt_dts": 53,
            "best_effort_timestamp": 53,
            "duration": 1,
            "pict_type": "B"
        },
        {
            "key_frame": 0,
            "pts": 54,
            "pkt_dts": 54,
            "best_effort_timestamp": 54,
            "duration": 1,
            "pict_type": "P"
        },
        {
            "key_frame": 0,
            "pts": 55,
            "pkt_dts": 55,
            "best_effort_timestamp": 55,
            "duration": 1,
            "pict_type": "B"
        },
        {
            "key_frame": 0,
            "pts": 56,
            "pkt_dts": 56,
            "best_effort_timestamp": 56,
            "duration": 1,
            "pict_type": "B"
        },
        {
            "key_frame": 0,
            "pts": 57,
            "pkt_dts": 57,
            "best_effort_timestamp": 57,
            "duration": 1,
            "pict_type": "B"
        },
        {
            "key_frame": 0,
            "pts": 58,
            "pkt_dts": 58,
            "best_effort_timestamp": 58,
            "duration": 1,
            "pict_type": "P"
        },
        {
            "key_frame": 0,
            "pts": 59,
            "pkt_dts": 59,
            "best_effort_timestamp": 59,
            "duration": 1,
            "pict_type": "P"
        },
        {
            "key_frame": 0,
            "pts": 60,
            "pkt_dts": 60,
            "best_effort_timestamp": 60,
            "duration": 1,
            "pict_type": "P"
        },
        {
            "key_frame": 1,
            "pts": 61,
            "pkt_dts": 61,
            "best_effort_timestamp": 61,
            "duration": 1,
            "pict_type": "I"
        },
        {
            "key_frame": 0,
            "pts": 62,
            "pkt_dts": 62,
            "best_effort_timestamp": 62,
            "duration": 1,
            "pict_type": "B"
        },
        {
            "key_frame": 0,
            "pts": 63,
            "pkt_dts": 63,
            "best_effort_timestamp": 63,
            "duration": 1,
            "pict_type": "B"
        },
        {
            "key_frame": 0,
            "pts": 64,
            "pkt_dts": 64,
            "best_effort_timestamp": 64,
            "duration": 1,
            "pict_type": "B"
        },
        {
            "key_frame": 0,
            "pts": 65,
            "pkt_dts": 65,
            "best_effort_timestamp": 65,
            "duration": 1,
            "pict_type": "P"
        },
        {
            "key_frame": 0,
            "pts": 66,
            "pkt_dts": 66,
            "best_effort_timestamp": 66,
            "duration": 1,
            "pict_type": "B"
        },
        {
            "key_frame": 0,
            "pts": 67,
            "pkt_dts": 67,
            "best_effort_timestamp": 67,
            "duration": 1,
            "pict_type": "B"
        },
        {
            "key_frame": 0,
            "pts": 68,
            "pkt_dts": 68,
            "best_effort_timestamp": 68,
            "duration": 1,
            "pict_type": "B"
        },
        {
            "key_frame": 0,
            "pts": 69,
            "pkt_dts": 69,
            "best_effort_timestamp": 69,
            "duration": 1,
            "pict_type": "P"
        },
        {
            "key_frame": 0,
            "pts": 70,
            "pkt_dts": 70,
            "best_effort_timestamp": 70,
            "duration": 1,
            "pict_type": "B"
        },
        {
            "key_frame": 0,
            "pts": 71,
            "pkt_dts": 71,
            "best_effort_timestamp": 71,
            "duration": 1,
            "pict_type": "B"
        },
        {
            "key_frame": 0,
            "pts": 72,
            "pkt_dts": 72,
            "best_effort_timestamp": 72,
            "duration": 1,
            "pict_type": "B"
        },
        {
            "key_frame": 0,
            "pts": 73,
            "pkt_dts": 73,
            "best_effort_timestamp": 73,
            "duration": 1,
            "pict_type": "P"
        },
        {
            "key_frame": 0,
            "pts": 74,
            "pkt_dts": 74,
            "best_effort_timestamp": 74,
            "duration": 1,
            "pict_type": "B"
        },
        {
            "key_frame": 0,
            "pts": 75,
            "pkt_dts": 75,
            "best_effort_timestamp": 75,
            "duration": 1,
            "pict_type": "P"
        },
        {
            "key_frame": 1,
            "pts": 76,
            "pkt_dts": 76,
            "best_effort_timestamp": 76,
            "duration": 1,
            "pict_type": "I",
            "side_data_list": [
                {
                    "side_data_type": "H.26[45] User Data Unregistered SEI message"
                }
            ]
        },
        {
            "key_frame": 0,
            "pts": 77,
            "pkt_dts": 77,
            "best_effort_timestamp": 77,
            "duration": 1,
            "pict_type": "B"
        },
        {
            "key_frame": 0,
            "pts": 78,
            "pkt_dts": 78,
            "best_effort_timestamp": 78,
            "duration": 1,
            "pict_type": "B"
        },
        {
            "key_frame": 0,
            "pts": 79,
            "pkt_dts": 79,
            "best_effort_timestamp": 79,
            "duration": 1,
            "pict_type": "B"
        },
        {
            "key_frame": 0,
            "pts": 80,
            "pkt_dts": 80,
            "best_effort_timestamp": 80,
            "duration": 1,
            "pict_type": "P"
        },
        {
            "key_frame": 0,
            "pts": 81,
            "pkt_dts": 81,
            "best_effort_timestamp": 81,
            "duration": 1,
            "pict_type": "B"
        },
        {
            "key_frame": 0,
            "pts": 82,
            "pkt_dts": 82,
            "best_effort_timestamp": 82,
            "duration": 1,
            "pict_type": "B"
        },
        {
            "key_frame": 0,
            "pts": 83,
            "pkt_dts": 83,
            "best_effort_timestamp": 83,
            "duration": 1,
            "pict_type": "B"
        },
        {
            "key_frame": 0,
            "pts": 84,
            "pkt_dts": 84,
            "best_effort_timestamp": 84,
            "duration": 1,
            "pict_type": "P"
        },
        {
            "key_frame": 0,
            "pts": 85,
            "pkt_dts": 85,
            "best_effort_timestamp": 85,
            "duration": 1,
            "pict_type": "B"
        },
        {
            "key_frame": 0,
            "pts": 86,
            "pkt_dts": 86,
            "best_effort_timestamp": 86,
            "duration": 1,
            "pict_type": "B"
        },
        {
            "key_frame": 0,
            "pts": 87,
            "pkt_dts": 87,
            "best_effort_timestamp": 87,
            "duration": 1,
            "pict_type": "B"
        },
        {
            "key_frame": 0,
            "pts": 88,
            "pkt_dts": 88,
            "best_effort_timestamp": 88,
            "duration": 1,
            "pict_type": "P"
        },
        {
            "key_frame": 0,
            "pts": 89,
            "pkt_dts": 89,
            "best_effort_timestamp": 89,
            "duration": 1,
            "pict_type": "B"
        },
        {
            "key_frame": 0,
            "pts": 90,
            "pkt_dts": 90,
            "best_effort_timestamp": 90,
            "duration": 1,
            "pict_type": "B"
        },
        {
            "key_frame": 0,
            "pts": 91,
            "pkt_dts": 91,
            "best_effort_timestamp": 91,
            "duration": 1,
            "pict_type": "B"
        },
        {
            "key_frame": 0,
            "pts": 92,
            "pkt_dts": 92,
            "best_effort_timestamp": 92,
            "duration": 1,
            "pict_type": "P"
        },
        {
            "key_frame": 0,
            "pts": 93,
            "pkt_dts": 93,
            "best_effort_timestamp": 93,
            "duration": 1,
            "pict_type": "B"
        },
        {
            "key_frame": 0,
            "pts": 94,
            "pkt_dts": 94,
            "best_effort_timestamp": 94,
            "duration": 1,
            "pict_type": "B"
        },
        {
            "key_frame": 0,
            "pts": 95,
            "pkt_dts": 95,
            "best_effort_timestamp": 95,
            "duration": 1,
            "pict_type": "B"
        },
        {
            "key_frame": 0,
            "pts": 96,
            "pkt_dts": 96,
            "best_effort_timestamp": 96,
            "duration": 1,
            "pict_type": "P"
        },
        {
            "key_frame": 0,
            "pts": 97,
            "pkt_dts": 97,
            "best_effort_timestamp": 97,
            "duration": 1,
            "pict_type": "P"
        },
        {
            "key_frame": 0,
            "pts": 98,
            "pkt_dts": 98,
            "best_effort_timestamp": 98,
            "duration": 1,
            "pict_type": "P"
        },
        {
            "key_frame": 1,
            "pts": 99,
            "pkt_dts": 99,
            "best_effort_timestamp": 99,
            "duration": 1,
            "pict_type": "I"
        },
        {
            "key_frame": 0,
            "pts": 100,
            "pkt_dts": 100,
            "best_effort_timestamp": 100,
            "duration": 1,
            "pict_type": "B"
        },
        {
            "key_frame": 0,
            "pts": 101,
            "pkt_dts": 101,
            "best_effort_timestamp": 101,
            "duration": 1,
            "pict_type": "B"
        },
        {
            "key_frame": 0,
            "pts": 102,
            "pkt_dts": 102,
            "best_effort_timestamp": 102,
            "duration": 1,
            "pict_type": "B"
        },
        {
            "key_frame": 0,
            "pts": 103,
            "pkt_dts": 103,
            "best_effort_timestamp": 103,
            "duration": 1,
            "pict_type": "P"
        },
        {
            "key_frame": 0,
            "pts": 104,
            "pkt_dts": 104,
            "best_effort_timestamp": 104,
            "duration": 1,
            "pict_type": "B"
        },
        {
            "key_frame": 0,
            "pts": 105,
            "pkt_dts": 105,
            "best_effort_timestamp": 105,
            "duration": 1,
            "pict_type": "B"
        },
        {
            "key_frame": 0,
            "pts": 106,
            "pkt_dts": 106,
            "best_effort_timestamp": 106,
            "duration": 1,
            "pict_type": "B"
        },
        {
            "key_frame": 0,
            "pts": 107,
            "pkt_dts": 107,
            "best_effort_timestamp": 107,
            "duration": 1,
            "pict_type": "P"
        },
        {
            "key_frame": 0,
            "pts": 108,
            "pkt_dts": 108,
            "best_effort_timestamp": 108,
            "duration": 1,
            "pict_type": "B"
        },
        {
            "key_frame": 0,
            "pts": 109,
            "pkt_dts": 109,
            "best_effort_timestamp": 109,
            "duration": 1,
            "pict_type": "B"
        },
        {
            "key_frame": 0,
            "pts": 110,
            "pkt_dts": 110,
            "best_effort_timestamp": 110,
            "duration": 1,
            "pict_type": "B"
        },
        {
            "key_frame": 0,
            "pts": 111,
            "pkt_dts": 111,
            "best_effort_timestamp": 111,
            "duration": 1,
            "pict_type": "P"
        },
        {
            "key_frame": 0,
            "pts": 112,
            "pkt_dts": 112,
            "best_effort_timestamp": 112,
            "duration": 1,
            "pict_type": "B"
        },
        {
            "key_frame": 0,
            "pts": 113,
            "pkt_dts": 113,
            "best_effort_timestamp": 113,
            "duration": 1,
            "pict_type": "P"
        },
        {
            "key_frame": 1,
            "pts": 114,
            "pkt_dts": 114,
            "best_effort_timestamp": 114,
            "duration": 1,
            "pict_type": "I",
            "side_data_list": [
                {
                    "side_data_type": "H.26[45] User Data Unregistered SEI message"
                }
            ]
        },
        {
            "key_frame": 0,
            "pts": 115,
            "pkt_dts": 115,
            "best_effort_timestamp": 115,
            "duration": 1,
            "pict_type": "B"
        },
        {
            "key_frame": 0,
            "pts": 116,
            "pkt_dts": 116,
            "best_effort_timestamp": 116,
            "duration": 1,
            "pict_type": "B"
        },
        {
            "key_frame": 0,
            "pts": 117,
            "pkt_dts": 117,
            "best_effort_timestamp": 117,
            "duration": 1,
            "pict_type": "B"
        },
        {
            "key_frame": 0,
            "pts": 118,
            "pkt_dts": 118,
            "best_effort_timestamp": 118,
            "duration": 1,
            "pict_type": "P"
        },
        {
            "key_frame": 0,
            "pts": 119,
            "pkt_dts": 119,
            "best_effort_timestamp": 119,
            "duration": 1,
            "pict_type": "B"
        },
        {
            "key_frame": 0,
            "pts": 120,
            "pkt_dts": 120,
            "best_effort_timestamp": 120,
            "duration": 1,
            "pict_type": "B"
        },
        {
            "key_frame": 0,
            "pts": 121,
            "pkt_dts": 121,
            "best_effort_timestamp": 121,
            "duration": 1,
            "pict_type": "B"
        },
        {
            "key_frame": 0,
            "pts": 122,
            "pkt_dts": 122,
            "best_effort_timestamp": 122,
            "duration": 1,
            "pict_type": "P"
        },
        {
            "key_frame": 0,
            "pts": 123,
            "pkt_dts": 123,
            "best_effort_timestamp": 123,
            "duration": 1,
            "pict_type": "B"
        },
        {
            "key_frame": 0,
            "pts": 124,
            "pkt_dts": 124,
            "best_effort_timestamp": 124,
            "duration": 1,
            "pict_type": "B"
        },
        {
            "key_frame": 0,
            "pts": 125,
            "pkt_dts": 125,
            "best_effort_timestamp": 125,
            "duration": 1,
            "pict_type": "B"
        },
        {
            "key_frame": 0,
            "pts": 126,
            "pkt_dts": 126,
            "best_effort_timestamp": 126,
            "duration": 1,
            "pict_type": "P"
        },
        {
            "key_frame": 0,
            "pts": 127,
            "pkt_dts": 127,
            "best_effort_timestamp": 127,
            "duration": 1,
            "pict_type": "B"
        },
        {
            "key_frame": 0,
            "pts": 128,
            "pkt_dts": 128,
            "best_effort_timestamp": 128,
            "duration": 1,
            "pict_type": "B"
        },
        {
            "key_frame": 0,
            "pts": 129,
            "pkt_dts": 129,
            "best_effort_timestamp": 129,
            "duration": 1,
            "pict_type": "B"
        },
        {
            "key_frame": 0,
            "pts": 130,
            "pkt_dts": 130,
            "best_effort_timestamp": 130,
            "duration": 1,
            "pict_type": "P"
        },
        {
            "key_frame": 0,
            "pts": 131,
            "pkt_dts": 131,
            "best_effort_timestamp": 131,
            "duration": 1,
            "pict_type": "B"
        },
        {
            "key_frame": 0,
            "pts": 132,
            "pkt_dts": 132,
            "best_effort_timestamp": 132,
            "duration": 1,
            "pict_type": "B"
        },
        {
            "key_frame": 0,
            "pts": 133,
            "pkt_dts": 133,
            "best_effort_timestamp": 133,
            "duration": 1,
            "pict_type": "B"
        },
        {
            "key_frame": 0,
            "pts": 134,
            "pkt_dts": 134,
            "best_effort_timestamp": 134,
            "duration": 1,
            "pict_type": "P"
        },
        {
            "key_frame": 0,
            "pts": 135,
            "pkt_dts": 135,
            "best_effort_timestamp": 135,
            "duration": 1,
            "pict_type": "P"
        },
        {
            "key_frame": 0,
            "pts": 136,
            "pkt_dts": 136,
            "best_effort_timestamp": 136,
            "duration": 1,
            "pict_type": "P"
        },
        {
            "key_frame": 1,
            "pts": 137,
            "pkt_dts": 137,
            "best_effort_timestamp": 137,
            "duration": 1,
            "pict_type": "I"
        },
        {
            "key_frame": 0,
            "pts": 138,
            "pkt_dts": 138,
            "best_effort_timestamp": 138,
            "duration": 1,
            "pict_type": "B"
        },
        {
            "key_frame": 0,
            "pts": 139,
            "pkt_dts": 139,
            "best_effort_timestamp": 139,
            "duration": 1,
            "pict_type": "B"
        },
        {
            "key_frame": 0,
            "pts": 140,
            "pkt_dts": 140,
            "best_effort_timestamp": 140,
            "duration": 1,
            "pict_type": "B"
        },
        {
            "key_frame": 0,
            "pts": 141,
            "pkt_dts": 141,
            "best_effort_timestamp": 141,
            "duration": 1,
            "pict_type": "P"
        },
        {
            "key_frame": 0,
            "pts": 142,
            "pkt_dts": 142,
            "best_effort_timestamp": 142,
            "duration": 1,
            "pict_type": "B"
        },
        {
            "key_frame": 0,
            "pts": 143,
            "pkt_dts": 143,
            "best_effort_timestamp": 143,
            "duration": 1,
            "pict_type": "B"
        },
        {
            "key_frame": 0,
            "pts": 144,
            "pkt_dts": 144,
            "best_effort_timestamp": 144,
            "duration": 1,
            "pict_type": "B"
        },
        {
            "key_frame": 0,
            "pts": 145,
            "pkt_dts": 145,
            "best_effort_timestamp": 145,
            "duration": 1,
            "pict_type": "P"
        },
        {
            "key_frame": 0,
            "pts": 146,
            "pkt_dts": 146,
            "best_effort_timestamp": 146,
            "duration": 1,
            "pict_type": "B"
        },
        {
            "key_frame": 0,
            "pts": 147,
            "pkt_dts": 147,
            "best_effort_timestamp": 147,
            "duration": 1,
            "pict_type": "B"
        },
        {
            "key_frame": 0,
            "pts": 148,
            "pkt_dts": 148,
            "best_effort_timestamp": 148,
            "duration": 1,
            "pict_type": "B"
        },
        {
            "key_frame": 0,
            "pts": 149,
            "pkt_dts": 149,
            "best_effort_timestamp": 149,
            "duration": 1,
            "pict_type": "P"
        },
        {
            "key_frame": 0,
            "pts": 150,
            "pkt_dts": 150,
            "best_effort_timestamp": 150,
            "duration": 1,
            "pict_type": "B"
        },
        {
            "key_frame": 0,
            "pts": 151,
            "pkt_dts": 151,
            "best_effort_timestamp": 151,
            "duration": 1,
            "pict_type": "P"
        },
        {
            "key_frame": 1,
            "pts": 152,
            "pkt_dts": 152,
            "best_effort_timestamp": 152,
            "duration": 1,
            "pict_type": "I",
            "side_data_list": [
                {
                    "side_data_type": "H.26[45] User Data Unregistered SEI message"
                }
            ]
        },
        {
            "key_frame": 0,
            "pts": 153,
            "pkt_dts": 153,
            "best_effort_timestamp": 153,
            "duration": 1,
            "pict_type": "B"
        },
        {
            "key_frame": 0,
            "pts": 154,
            "pkt_dts": 154,
            "best_effort_timestamp": 154,
            "duration": 1,
            "pict_type": "B"
        },
        {
            "key_frame": 0,
            "pts": 155,
            "pkt_dts": 155,
            "best_effort_timestamp": 155,
            "duration": 1,
            "pict_type": "B"
        },
        {
            "key_frame": 0,
            "pts": 156,
            "pkt_dts": 156,
            "best_effort_timestamp": 156,
            "duration": 1,
            "pict_type": "P"
        },
        {
            "key_frame": 0,
            "pts": 157,
            "pkt_dts": 157,
            "best_effort_timestamp": 157,
            "duration": 1,
            "pict_type": "B"
        },
        {
            "key_frame": 0,
            "pts": 158,
            "pkt_dts": 158,
            "best_effort_timestamp": 158,
            "duration": 1,
            "pict_type": "B"
        },
        {
            "key_frame": 0,
            "pts": 159,
            "pkt_dts": 159,
            "best_effort_timestamp": 159,
            "duration": 1,
            "pict_type": "B"
        },
        {
            "key_frame": 0,
            "pts": 160,
            "pkt_dts": 160,
            "best_effort_timestamp": 160,
            "duration": 1,
            "pict_type": "P"
        },
        {
            "key_frame": 0,
            "pts": 161,
            "pkt_dts": 161,
            "best_effort_timestamp": 161,
            "duration": 1,
            "pict_type": "B"
        },
        {
            "key_frame": 0,
            "pts": 162,
            "pkt_dts": 162,
            "best_effort_timestamp": 162,
            "duration": 1,
            "pict_type": "B"
        },
        {
            "key_frame": 0,
            "pts": 163,
            "pkt_dts": 163,
            "best_effort_timestamp": 163,
            "duration": 1,
            "pict_type": "B"
        },
        {
            "key_frame": 0,
            "pts": 164,
            "pkt_dts": 164,
            "best_effort_timestamp": 164,
            "duration": 1,
            "pict_type": "P"
        },
        {
            "key_frame": 0,
            "pts": 165,
            "pkt_dts": 165,
            "best_effort_timestamp": 165,
            "duration": 1,
            "pict_type": "B"
        },
        {
            "key_frame": 0,
            "pts": 166,
            "pkt_dts": 166,
            "best_effort_timestamp": 166,
            "duration": 1,
            "pict_type": "B"
        },
        {
            "key_frame": 0,
            "pts": 167,
            "pkt_dts": 167,
            "best_effort_timestamp": 167,
            "duration": 1,
            "pict_type": "B"
        },
        {
            "key_frame": 0,
            "pts": 168,
            "pkt_dts": 168,
            "best_effort_timestamp": 168,
            "duration": 1,
            "pict_type": "P"
        },
        {
            "key_frame": 0,
            "pts": 169,
            "pkt_dts": 169,
            "best_effort_timestamp": 169,
            "duration": 1,
            "pict_type": "B"
        },
        {
            "key_frame": 0,
            "pts": 170,
            "pkt_dts": 170,
            "best_effort_timestamp": 170,
            "duration": 1,
            "pict_type": "B"
        },
        {
            "key_frame": 0,
            "pts": 171,
            "pkt_dts": 171,
            "best_effort_timestamp": 171,
            "duration": 1,
            "pict_type": "B"
        },
        {
            "key_frame": 0,
            "pts": 172,
            "pkt_dts": 172,
            "best_effort_timestamp": 172,
            "duration": 1,
            "pict_type": "P"
        },
        {
            "key_frame": 0,
            "pts": 173,
            "pkt_dts": 173,
            "best_effort_timestamp": 173,
            "duration": 1,
            "pict_type": "P"
        },
        {
            "key_frame": 0,
            "pts": 174,
            "pkt_dts": 174,
            "best_effort_timestamp": 174,
            "duration": 1,
            "pict_type": "P"
        },
        {
            "key_frame": 1,
            "pts": 175,
            "pkt_dts": 175,
            "best_effort_timestamp": 175,
            "duration": 1,
            "pict_type": "I"
        },
        {
            "key_frame": 0,
            "pts": 176,
            "pkt_dts": 176,
            "best_effort_timestamp": 176,
            "duration": 1,
            "pict_type": "B"
        },
        {
            "key_frame": 0,
            "pts": 177,
            "pkt_dts": 177,
            "best_effort_timestamp": 177,
            "duration": 1,
            "pict_type": "B"
        },
        {
            "key_frame": 0,
            "pts": 178,
            "pkt_dts": 178,
            "best_effort_timestamp": 178,
            "duration": 1,
            "pict_type": "B"
        },
        {
            "key_frame": 0,
            "pts": 179,
            "pkt_dts": 179,
            "best_effort_timestamp": 179,
            "duration": 1,
            "pict_type": "P"
        },
        {
            "key_frame": 0,
            "pts": 180,
            "pkt_dts": 180,
            "best_effort_timestamp": 180,
            "duration": 1,
            "pict_type": "B"
        },
        {
            "key_frame": 0,
            "pts": 181,
            "pkt_dts": 181,
            "best_effort_timestamp": 181,
            "duration": 1,
            "pict_type": "B"
        },
        {
            "key_frame": 0,
            "pts": 182,
            "pkt_dts": 182,
            "best_effort_timestamp": 182,
            "duration": 1,
            "pict_type": "B"
        },
        {
            "key_frame": 0,
            "pts": 183,
            "pkt_dts": 183,
            "best_effort_timestamp": 183,
            "duration": 1,
            "pict_type": "P"
        },
        {
            "key_frame": 0,
            "pts": 184,
            "pkt_dts": 184,
            "best_effort_timestamp": 184,
            "duration": 1,
            "pict_type": "B"
        },
        {
            "key_frame": 0,
            "pts": 185,
            "pkt_dts": 185,
            "best_effort_timestamp": 185,
            "duration": 1,
            "pict_type": "B"
        },
        {
            "key_frame": 0,
            "pts": 186,
            "pkt_dts": 186,
            "best_effort_timestamp": 186,
            "duration": 1,
            "pict_type": "B"
        },
        {
            "key_frame": 0,
            "pts": 187,
            "pkt_dts": 187,
            "best_effort_timestamp": 187,
            "duration": 1,
            "pict_type": "P"
        },
        {
            "key_frame": 0,
            "pts": 188,
            "pkt_dts": 188,
            "best_effort_timestamp": 188,
            "duration": 1,
            "pict_type": "B"
        },
        {
            "key_frame": 0,
            "pts": 189,
            "pkt_dts": 189,
            "best_effort_timestamp": 189,
            "duration": 1,
            "pict_type": "P"
        },
        {
            "key_frame": 1,
            "pts": 190,
            "pkt_dts": 190,
            "best_effort_timestamp": 190,
            "duration": 1,
            "pict_type": "I",
            "side_data_list": [
                {
                    "side_data_type": "H.26[45] User Data Unregistered SEI message"
                }
            ]
        },
        {
            "key_frame": 0,
            "pts": 191,
            "pkt_dts": 191,
            "best_effort_timestamp": 191,
            "duration": 1,
            "pict_type": "B"
        },
        {
            "key_frame": 0,
            "pts": 192,
            "pkt_dts": 192,
            "best_effort_timestamp": 192,
            "duration": 1,
            "pict_type": "B"
        },
        {
            "key_frame": 0,
            "pts": 193,
            "pkt_dts": 193,
            "best_effort_timestamp": 193,
            "duration": 1,
            "pict_type": "B"
        },
        {
            "key_frame": 0,
            "pts": 194,
            "pkt_dts": 194,
            "best_effort_timestamp": 194,
            "duration": 1,
            "pict_type": "P"
        },
        {
            "key_frame": 0,
            "pts": 195,
            "pkt_dts": 195,
            "best_effort_timestamp": 195,
            "duration": 1,
            "pict_type": "B"
        },
        {
            "key_frame": 0,
            "pts": 196,
            "pkt_dts": 196,
            "best_effort_timestamp": 196,
            "duration": 1,
            "pict_type": "B"
        },
        {
            "key_frame": 0,
            "pts": 197,
            "pkt_dts": 197,
            "best_effort_timestamp": 197,
            "duration": 1,
            "pict_type": "B"
        },
        {
            "key_frame": 0,
            "pts": 198,
            "pkt_dts": 198,
            "best_effort_timestamp": 198,
            "duration": 1,
            "pict_type": "P"
        },
        {
            "key_frame": 0,
            "pts": 199,
            "pkt_dts": 199,
            "best_effort_timestamp": 199,
            "duration": 1,
            "pict_type": "B"
        },
        {
            "key_frame": 0,
            "pts": 200,
            "pkt_dts": 200,
            "best_effort_timestamp": 200,
            "duration": 1,
            "pict_type": "B"
        },
        {
            "key_frame": 0,
            "pts": 201,
            "pkt_dts": 201,
            "best_effort_timestamp": 201,
            "duration": 1,
            "pict_type": "B"
        },
        {
            "key_frame": 0,
            "pts": 202,
            "pkt_dts": 202,
            "best_effort_timestamp": 202,
            "duration": 1,
            "pict_type": "P"
        },
        {
            "key_frame": 0,
            "pts": 203,
            "pkt_dts": 203,
            "best_effort_timestamp": 203,
            "duration": 1,
            "pict_type": "B"
        },
        {
            "key_frame": 0,
            "pts": 204,
            "pkt_dts": 204,
            "best_effort_timestamp": 204,
            "duration": 1,
            "pict_type": "B"
        },
        {
            "key_frame": 0,
            "pts": 205,
            "pkt_dts": 205,
            "best_effort_timestamp": 205,
            "duration": 1,
            "pict_type": "B"
        },
        {
            "key_frame": 0,
            "pts": 206,
            "pkt_dts": 206,
            "best_effort_timestamp": 206,
            "duration": 1,
            "pict_type": "P"
        },
        {
            "key_frame": 0,
            "pts": 207,
            "pkt_dts": 207,
            "best_effort_timestamp": 207,
            "duration": 1,
            "pict_type": "B"
        },
        {
            "key_frame": 0,
            "pts": 208,
            "pkt_dts": 208,
            "best_effort_timestamp": 208,
            "duration": 1,
            "pict_type": "B"
        },
        {
            "key_frame": 0,
            "pts": 209,
            "pkt_dts": 209,
            "best_effort_timestamp": 209,
            "duration": 1,
            "pict_type": "B"
        },
        {
            "key_frame": 0,
            "pts": 210,
            "pkt_dts": 210,
            "best_effort_timestamp": 210,
            "duration": 1,
            "pict_type": "P"
        },
        {
            "key_frame": 0,
            "pts": 211,
            "pkt_dts": 211,
            "best_effort_timestamp": 211,
            "duration": 1,
            "pict_type": "P"
        },
        {
            "key_frame": 0,
            "pts": 212,
            "pkt_dts": 212,
            "best_effort_timestamp": 212,
            "duration": 1,
            "pict_type": "P"
        },
        {
            "key_frame": 1,
            "pts": 213,
            "pkt_dts": 213,
            "best_effort_timestamp": 213,
            "duration": 1,
            "pict_type": "I"
        },
        {
            "key_frame": 0,
            "pts": 214,
            "pkt_dts": 214,
            "best_effort_timestamp": 214,
            "duration": 1,
            "pict_type": "B"
        },
        {
            "key_frame": 0,
            "pts": 215,
            "pkt_dts": 215,
            "best_effort_timestamp": 215,
            "duration": 1,
            "pict_type": "B"
        },
        {
            "key_frame": 0,
            "pts": 216,
            "pkt_dts": 216,
            "best_effort_timestamp": 216,
            "duration": 1,
            "pict_type": "B"
        },
        {
            "key_frame": 0,
            "pts": 217,
            "pkt_dts": 217,
            "best_effort_timestamp": 217,
            "duration": 1,
            "pict_type": "P"
        },
        {
            "key_frame": 0,
            "pts": 218,
            "pkt_dts": 218,
            "best_effort_timestamp": 218,
            "duration": 1,
            "pict_type": "B"
        },
        {
            "key_frame": 0,
            "pts": 219,
            "pkt_dts": 219,
            "best_effort_timestamp": 219,
            "duration": 1,
            "pict_type": "B"
        },
        {
            "key_frame": 0,
            "pts": 220,
            "pkt_dts": 220,
            "best_effort_timestamp": 220,
            "duration": 1,
            "pict_type": "B"
        },
        {
            "key_frame": 0,
            "pts": 221,
            "pkt_dts": 221,
            "best_effort_timestamp": 221,
            "duration": 1,
            "pict_type": "P"
        },
        {
            "key_frame": 0,
            "pts": 222,
            "pkt_dts": 222,
            "best_effort_timestamp": 222,
            "duration": 1,
            "pict_type": "B"
        },
        {
            "key_frame": 0,
            "pts": 223,
            "pkt_dts": 223,
            "best_effort_timestamp": 223,
            "duration": 1,
            "pict_type": "B"
        },
        {
            "key_frame": 0,
            "pts": 224,
            "pkt_dts": 224,
            "best_effort_timestamp": 224,
            "duration": 1,
            "pict_type": "B"
        },
        {
            "key_frame": 0,
            "pts": 225,
            "pkt_dts": 225,
            "best_effort_timestamp": 225,
            "duration": 1,
            "pict_type": "P"
        },
        {
            "key_frame": 0,
            "pts": 226,
            "pkt_dts": 226,
            "best_effort_timestamp": 226,
            "duration": 1,
            "pict_type": "B"
        },
        {
            "key_frame": 0,
            "pts": 227,
            "pkt_dts": 227,
            "best_effort_timestamp": 227,
            "duration": 1,
            "pict_type": "P"
        },
        {
            "key_frame": 1,
            "pts": 228,
            "pkt_dts": 228,
            "best_effort_timestamp": 228,
            "duration": 1,
            "pict_type": "I",
            "side_data_list": [
                {
                    "side_data_type": "H.26[45] User Data Unregistered SEI message"
                }
            ]
        },
        {
            "key_frame": 0,
            "pts": 229,
            "pkt_dts": 229,
            "best_effort_timestamp": 229,
            "duration": 1,
            "pict_type": "B"
        },
        {
            "key_frame": 0,
            "pts": 230,
            "pkt_dts": 230,
            "best_effort_timestamp": 230,
            "duration": 1,
            "pict_type": "B"
        },
        {
            "key_frame": 0,
            "pts": 231,
            "pkt_dts": 231,
            "best_effort_timestamp": 231,
            "duration": 1,
            "pict_type": "B"
        },
        {
            "key_frame": 0,
            "pts": 232,
            "pkt_dts": 232,
            "best_effort_timestamp": 232,
            "duration": 1,
            "pict_type": "P"
        },
        {
            "key_frame": 0,
            "pts": 233,
            "pkt_dts": 233,
            "best_effort_timestamp": 233,
            "duration": 1,
            "pict_type": "B"
        },
        {
            "key_frame": 0,
            "pts": 234,
            "pkt_dts": 234,
            "best_effort_timestamp": 234,
            "duration": 1,
            "pict_type": "B"
        },
        {
            "key_frame": 0,
            "pts": 235,
            "pkt_dts": 235,
            "best_effort_timestamp": 235,
            "duration": 1,
            "pict_type": "B"
        },
        {
            "key_frame": 0,
            "pts": 236,
            "pkt_dts": 236,
            "best_effort_timestamp": 236,
            "duration": 1,
            "pict_type": "P"
        },
        {
            "key_frame": 0,
            "pts": 237,
            "pkt_dts": 237,
            "best_effort_timestamp": 237,
            "duration": 1,
            "pict_type": "B"
        },
        {
            "key_frame": 0,
            "pts": 238,
            "pkt_dts": 238,
            "best_effort_timestamp": 238,
            "duration": 1,
            "pict_type": "B"
        },
        {
            "key_frame": 0,
            "pts": 239,
            "pkt_dts": 239,
            "best_effort_timestamp": 239,
            "duration": 1,
            "pict_type": "B"
        },
        {
            "key_frame": 0,
            "pts": 240,
            "pkt_dts": 240,
            "best_effort_timestamp": 240,
            "duration": 1,
            "pict_type": "P"
        },
        {
            "key_frame": 0,
            "pts": 241,
            "pkt_dts": 241,
            "best_effort_timestamp": 241,
            "duration": 1,
            "pict_type": "B"
        },
        {
            "key_frame": 0,
            "pts": 242,
            "pkt_dts": 242,
            "best_effort_timestamp": 242,
            "duration": 1,
            "pict_type": "B"
        },
        {
            "key_frame": 0,
            "pts": 243,
            "pkt_dts": 243,
            "best_effort_timestamp": 243,
            "duration": 1,
            "pict_type": "B"
        },
        {
            "key_frame": 0,
            "pts": 244,
            "pkt_dts": 244,
            "best_effort_timestamp": 244,
            "duration": 1,
            "pict_type": "P"
        },
        {
            "key_frame": 0,
            "pts": 245,
            "pkt_dts": 245,
            "best_effort_timestamp": 245,
            "duration": 1,
            "pict_type": "B"
        },
        {
            "key_frame": 0,
            "pts": 246,
            "pkt_dts": 246,
            "best_effort_timestamp": 246,
            "duration": 1,
            "pict_type": "B"
        },
        {
            "key_frame": 0,
            "pts": 247,
            "pkt_dts": 247,
            "best_effort_timestamp": 247,
            "duration": 1,
            "pict_type": "B"
        },
        {
            "key_frame": 0,
            "pts": 248,
            "pkt_dts": 248,
            "best_effort_timestamp": 248,
            "duration": 1,
            "pict_type": "P"
        },
        {
            "key_frame": 0,
            "pts": 249,
            "pkt_dts": 249,
            "best_effort_timestamp": 249,
            "duration": 1,
            "pict_type": "P"
        },
        {
            "key_frame": 0,
            "pts": 250,
            "pkt_dts": 250,
            "best_effort_timestamp": 250,
            "duration": 1,
            "pict_type": "P"
        },
        {
            "key_frame": 1,
            "pts": 251,
            "pkt_dts": 251,
            "best_effort_timestamp": 251,
            "duration": 1,
            "pict_type": "I"
        },
        {
            "key_frame": 0,
            "pts": 252,
            "pkt_dts": 252,
            "best_effort_timestamp": 252,
            "duration": 1,
            "pict_type": "B"
        },
        {
            "key_frame": 0,
            "pts": 253,
            "pkt_dts": 253,
            "best_effort_timestamp": 253,
            "duration": 1,
            "pict_type": "B"
        },
        {
            "key_frame": 0,
            "pts": 254,
            "pkt_dts": 254,
            "best_effort_timestamp": 254,
            "duration": 1,
            "pict_type": "B"
        },
        {
            "key_frame": 0,
            "pts": 255,
            "pkt_dts": 255,
            "best_effort_timestamp": 255,
            "duration": 1,
            "pict_type": "P"
        },
        {
            "key_frame": 0,
            "pts": 256,
            "pkt_dts": 256,
            "best_effort_timestamp": 256,
            "duration": 1,
            "pict_type": "B"
        },
        {
            "key_frame": 0,
            "pts": 257,
            "pkt_dts": 257,
            "best_effort_timestamp": 257,
            "duration": 1,
            "pict_type": "B"
        },
        {
            "key_frame": 0,
            "pts": 258,
            "pkt_dts": 258,
            "best_effort_timestamp": 258,
            "duration": 1,
            "pict_type": "B"
        },
        {
            "key_frame": 0,
            "pts": 259,
            "pkt_dts": 259,
            "best_effort_timestamp": 259,
            "duration": 1,
            "pict_type": "P"
        },
        {
            "key_frame": 0,
            "pts": 260,
            "pkt_dts": 260,
            "best_effort_timestamp": 260,
            "duration": 1,
            "pict_type": "B"
        },
        {
            "key_frame": 0,
            "pts": 261,
            "pkt_dts": 261,
            "best_effort_timestamp": 261,
            "duration": 1,
            "pict_type": "B"
        },
        {
            "key_frame": 0,
            "pts": 262,
            "pkt_dts": 262,
            "best_effort_timestamp": 262,
            "duration": 1,
            "pict_type": "B"
        },
        {
            "key_frame": 0,
            "pts": 263,
            "pkt_dts": 263,
            "best_effort_timestamp": 263,
            "duration": 1,
            "pict_type": "P"
        },
        {
            "key_frame": 0,
            "pts": 264,
            "pkt_dts": 264,
            "best_effort_timestamp": 264,
            "duration": 1,
            "pict_type": "B"
        },
        {
            "key_frame": 0,
            "pts": 265,
            "pkt_dts": 265,
            "best_effort_timestamp": 265,
            "duration": 1,
            "pict_type": "P"
        },
        {
            "key_frame": 1,
            "pts": 266,
            "pkt_dts": 266,
            "best_effort_timestamp": 266,
            "duration": 1,
            "pict_type": "I",
            "side_data_list": [
                {
                    "side_data_type": "H.26[45] User Data Unregistered SEI message"
                }
            ]
        },
        {
            "key_frame": 0,
            "pts": 267,
            "pkt_dts": 267,
            "best_effort_timestamp": 267,
            "duration": 1,
            "pict_type": "B"
        },
        {
            "key_frame": 0,
            "pts": 268,
            "pkt_dts": 268,
            "best_effort_timestamp": 268,
            "duration": 1,
            "pict_type": "B"
        },
        {
            "key_frame": 0,
            "pts": 269,
            "pkt_dts": 269,
            "best_effort_timestamp": 269,
            "duration": 1,
            "pict_type": "B"
        },
        {
            "key_frame": 0,
            "pts": 270,
            "pkt_dts": 270,
            "best_effort_timestamp": 270,
            "duration": 1,
            "pict_type": "P"
        },
        {
            "key_frame": 0,
            "pts": 271,
            "pkt_dts": 271,
            "best_effort_timestamp": 271,
            "duration": 1,
            "pict_type": "B"
        },
        {
            "key_frame": 0,
            "pts": 272,
            "pkt_dts": 272,
            "best_effort_timestamp": 272,
            "duration": 1,
            "pict_type": "B"
        },
        {
            "key_frame": 0,
            "pts": 273,
            "pkt_dts": 273,
            "best_effort_timestamp": 273,
            "duration": 1,
            "pict_type": "B"
        },
        {
            "key_frame": 0,
            "pts": 274,
            "pkt_dts": 274,
            "best_effort_timestamp": 274,
            "duration": 1,
            "pict_type": "P"
        },
        {
            "key_frame": 0,
            "pts": 275,
            "pkt_dts": 275,
            "best_effort_timestamp": 275,
            "duration": 1,
            "pict_type": "B"
        },
        {
            "key_frame": 0,
            "pts": 276,
            "pkt_dts": 276,
            "best_effort_timestamp": 276,
            "duration": 1,
            "pict_type": "B"
        },
        {
            "key_frame": 0,
            "pts": 277,
            "pkt_dts": 277,
            "best_effort_timestamp": 277,
            "duration": 1,
            "pict_type": "B"
        },
        {
            "key_frame": 0,
            "pts": 278,
            "pkt_dts": 278,
            "best_effort_timestamp": 278,
            "duration": 1,
            "pict_type": "P"
        },
        {
            "key_frame": 0,
            "pts": 279,
            "pkt_dts": 279,
            "best_effort_timestamp": 279,
            "duration": 1,
            "pict_type": "B"
        },
        {
            "key_frame": 0,
            "pts": 280,
            "pkt_dts": 280,
            "best_effort_timestamp": 280,
            "duration": 1,
            "pict_type": "B"
        },
        {
            "key_frame": 0,
            "pts": 281,
            "pkt_dts": 281,
            "best_effort_timestamp": 281,
            "duration": 1,
            "pict_type": "B"
        },
        {
            "key_frame": 0,
            "pts": 282,
            "pkt_dts": 282,
            "best_effort_timestamp": 282,
            "duration": 1,
            "pict_type": "P"
        },
        {
            "key_frame": 0,
            "pts": 283,
            "pkt_dts": 283,
            "best_effort_timestamp": 283,
            "duration": 1,
            "pict_type": "B"
        },
        {
            "key_frame": 0,
            "pts": 284,
            "pkt_dts": 284,
            "best_effort_timestamp": 284,
            "duration": 1,
            "pict_type": "B"
        },
        {
            "key_frame": 0,
            "pts": 285,
            "pkt_dts": 285,
            "best_effort_timestamp": 285,
            "duration": 1,
            "pict_type": "B"
        },
        {
            "key_frame": 0,
            "pts": 286,
            "pkt_dts": 286,
            "best_effort_timestamp": 286,
            "duration": 1,
            "pict_type": "P"
        },
        {
            "key_frame": 0,
            "pts": 287,
            "pkt_dts": 287,
            "best_effort_timestamp": 287,
            "duration": 1,
            "pict_type": "P"
        },
        {
            "key_frame": 0,
            "pts": 288,
            "pkt_dts": 288,
            "best_effort_timestamp": 288,
            "duration": 1,
            "pict_type": "P"
        },
        {
            "key_frame": 1,
            "pts": 289,
            "pkt_dts": 289,
            "best_effort_timestamp": 289,
            "duration": 1,
            "pict_type": "I"
        },
        {
            "key_frame": 0,
            "pts": 290,
            "pkt_dts": 290,
            "best_effort_timestamp": 290,
            "duration": 1,
            "pict_type": "B"
        },
        {
            "key_frame": 0,
            "pts": 291,
            "pkt_dts": 291,
            "best_effort_timestamp": 291,
            "duration": 1,
            "pict_type": "B"
        },
        {
            "key_frame": 0,
            "pts": 292,
            "pkt_dts": 292,
            "best_effort_timestamp": 292,
            "duration": 1,
            "pict_type": "B"
        },
        {
            "key_frame": 0,
            "pts": 293,
            "pkt_dts": 293,
            "best_effort_timestamp": 293,
            "duration": 1,
            "pict_type": "P"
        },
        {
            "key_frame": 0,
            "pts": 294,
            "pkt_dts": 294,
            "best_effort_timestamp": 294,
            "duration": 1,
            "pict_type": "B"
        },
        {
            "key_frame": 0,
            "pts": 295,
            "pkt_dts": 295,
            "best_effort_timestamp": 295,
            "duration": 1,
            "pict_type": "B"
        },
        {
            "key_frame": 0,
            "pts": 296,
            "pkt_dts": 296,
            "best_effort_timestamp": 296,
            "duration": 1,
            "pict_type": "B"
        },
        {
            "key_frame": 0,
            "pts": 297,
            "pkt_dts": 297,
            "best_effort_timestamp": 297,
            "duration": 1,
            "pict_type": "P"
        },
        {
            "key_frame": 0,
            "pts": 298,
            "best_effort_timestamp": 298,
            "duration": 1,
            "pict_type": "B"
        },
        {
            "key_frame": 0,
            "pts": 299,
            "best_effort_timestamp": 299,
            "duration": 1,
            "pict_type": "P"
        }
    ],
    "programs": [

    ],
    "stream_groups": [

    ],
    "streams": [
        {
            "codec_name": "h264",
            "codec_type": "video",
            "width": 1920,
            "height": 1080,
            "pix_fmt": "yuv420p",
            "color_range": "tv",
            "color_space": "smpte170m",
            "r_frame_rate": "30/1",
            "avg_frame_rate": "30/1",
            "time_base": "1/30",
            "start_pts": 0,
            "duration_ts": 300,
            "nb_frames": "300",
            "disposition": {
                "default": 1,
                "dub": 0,
                "original": 0,
                "comment": 0,
                "lyrics": 0,
                "karaoke": 0,
                "forced": 0,
                "hearing_impaired": 0,
                "visual_impaired": 0,
                "clean_effects": 0,
                "attached_pic": 0,
                "timed_thumbnails": 0,
                "non_diegetic": 0,
                "captions": 0,
                "descriptions": 0,
                "metadata": 0,
                "dependent": 0,
                "still_image": 0,
                "multilayer": 0
            },
            "tags": {
                "language": "und",
                "handler_name": "VideoHandler",
                "encoder": "Lavc63.1.102 libx264"
            }
        }
    ]
}
