[h264_videotoolbox @ 0xb871d8000] This device does not support the qmax option. Value ignored.
[h264_videotoolbox @ 0xb871d8000] This device does not support the qmax option. Value ignored.
[h264_videotoolbox @ 0xb871d8000] This device does not support the qmax option. Value ignored.
[h264_videotoolbox @ 0xb871d8000] This device does not support the qmax option. Value ignored.
COMPARISON_ACTUAL_EXPORT_PATH=HardwareFrames
COMPARISON_ACTUAL_EXPORT_PATH=HardwareFrames
COMPARISON_ACTUAL_EXPORT_PATH=HardwareFrames
        0.54 real         0.06 user         0.04 sys
            60325888  maximum resident set size
                   0  average shared memory size
                   0  average unshared data size
                   0  average unshared stack size
                4901  page reclaims
                  50  page faults
                   0  swaps
                   0  block input operations
                   0  block output operations
                   0  messages sent
                   0  messages received
                   0  signals received
                   2  voluntary context switches
                1065  involuntary context switches
           958781812  instructions retired
           359534381  cycles elapsed
           202064544  peak memory footprint
