[h264_videotoolbox @ 0x7a32c4000] This device does not support the qmax option. Value ignored.
[h264_videotoolbox @ 0x7a32c4000] This device does not support the qmax option. Value ignored.
[h264_videotoolbox @ 0x7a32c4000] This device does not support the qmax option. Value ignored.
[h264_videotoolbox @ 0x7a32c4000] This device does not support the qmax option. Value ignored.
COMPARISON_ACTUAL_EXPORT_PATH=HardwareFrames
COMPARISON_ACTUAL_EXPORT_PATH=HardwareFrames
COMPARISON_ACTUAL_EXPORT_PATH=HardwareFrames
        0.63 real         0.09 user         0.12 sys
            70975488  maximum resident set size
                   0  average shared memory size
                   0  average unshared data size
                   0  average unshared stack size
                5713  page reclaims
                 393  page faults
                   0  swaps
                   0  block input operations
                   0  block output operations
                   0  messages sent
                   0  messages received
                   0  signals received
                1722  voluntary context switches
                1256  involuntary context switches
          2023021906  instructions retired
           806777207  cycles elapsed
           205030072  peak memory footprint
