
 RUN  v4.1.8 /private/tmp/helios-gpu-transport-mutants/portable

 ❯ tests/gpu-transport.test.ts (5 tests | 1 failed) 992ms
     × matches JSON RGBA and NV12 exactly for path state, paint, transforms, pinned text and shuffled seeking 134ms

 Test Files  1 failed | 2 passed (3)
      Tests  1 failed | 16 passed (17)
   Start at  20:05:13
   Duration  1.88s (transform 102ms, setup 0ms, import 358ms, tests 1.23s, environment 0ms)


⎯⎯⎯⎯⎯⎯⎯ Failed Tests 1 ⎯⎯⎯⎯⎯⎯⎯

 FAIL  tests/gpu-transport.test.ts > native binary command boundary > matches JSON RGBA and NV12 exactly for path state, paint, transforms, pinned text and shuffled seeking
AssertionError: invalid binary color
: expected 1 to be +0 // Object.is equality

- Expected
+ Received

- 0
+ 1

 ❯ tests/gpu-transport.test.ts:61:55
     59|       const control = invoke(mode, json, { pinned: font.toString('base…
     60|       expect(control.status, control.stderr.toString()).toBe(0);
     61|       expect(result.status, result.stderr.toString()).toBe(0);
       |                                                       ^
     62|       expect(result.stdout).toEqual(control.stdout);
     63|       expect(JSON.parse(result.stderr.toString())).toMatchObject({ pro…

⎯⎯⎯⎯⎯⎯⎯⎯⎯⎯⎯⎯⎯⎯⎯⎯⎯⎯⎯⎯⎯⎯⎯⎯[1/1]⎯

