{
    "streams": [
        {
            "index": 0,
            "codec_name": "hevc",
            "codec_long_name": "H.265 / HEVC (High Efficiency Video Coding)",
            "profile": "Main",
            "codec_type": "video",
            "codec_tag_string": "hvc1",
            "codec_tag": "0x31637668",
            "width": 256,
            "height": 128,
            "coded_width": 256,
            "coded_height": 128,
            "has_b_frames": 0,
            "pix_fmt": "yuv420p",
            "level": 123,
            "color_range": "tv",
            "color_space": "bt709",
            "color_transfer": "bt709",
            "color_primaries": "bt709",
            "chroma_location": "left",
            "view_ids_available": "",
            "view_pos_available": "",
            "id": "0x1",
            "r_frame_rate": "30000/1001",
            "avg_frame_rate": "30000/1001",
            "time_base": "1/30000",
            "start_pts": 0,
            "start_time": "0.000000",
            "duration_ts": 300300,
            "duration": "10.010000",
            "bit_rate": "205211",
            "nb_frames": "300",
            "extradata": "\n00000000: 0101 6000 0000 b000 0000 0000 7bf0 00fc  ..`.........{...\n00000010: fdf8 f800 000f 03a0 0001 0018 4001 0c01  ............@...\n00000020: ffff 0160 0000 0300 b000 0003 0000 0300  ...`............\n00000030: 7b17 0240 a100 0100 2742 0101 0160 0000  {..@....'B...`..\n00000040: 0300 b000 0003 0000 0300 7ba0 0808 0816  ..........{.....\n00000050: 205e e459 14bf f2e7 f13f a9a8 0808 0804   ^.Y.....?......\n00000060: a200 0100 0744 01c0 72f4 5364            .....D..r.Sd\n",
            "extradata_size": 108,
            "disposition": {
                "default": 1,
                "dub": 0,
                "original": 0,
                "comment": 0,
                "lyrics": 0,
                "karaoke": 0,
                "forced": 0,
                "hearing_impaired": 0,
                "visual_impaired": 0,
                "clean_effects": 0,
                "attached_pic": 0,
                "timed_thumbnails": 0,
                "non_diegetic": 0,
                "captions": 0,
                "descriptions": 0,
                "metadata": 0,
                "dependent": 0,
                "still_image": 0,
                "multilayer": 0
            },
            "tags": {
                "language": "und",
                "handler_name": "VideoHandler"
            }
        }
    ]
}
