[h264_videotoolbox @ 0xbf6e70000] This device does not support the qmax option. Value ignored.
[h264_videotoolbox @ 0xbf6e70000] This device does not support the qmax option. Value ignored.
COMPARISON_ACTUAL_EXPORT_PATH=HardwareFrames
[h264_videotoolbox @ 0xbf6e70000] This device does not support the qmax option. Value ignored.
[h264_videotoolbox @ 0xbf6e70000] This device does not support the qmax option. Value ignored.
COMPARISON_ACTUAL_EXPORT_PATH=HardwareFrames
COMPARISON_ACTUAL_EXPORT_PATH=HardwareFrames
COMPARISON_ACTUAL_EXPORT_PATH=HardwareFrames
       36.58 real        93.97 user        26.23 sys
          3215589376  maximum resident set size
                   0  average shared memory size
                   0  average unshared data size
                   0  average unshared stack size
             1512232  page reclaims
                  86  page faults
                   0  swaps
                   0  block input operations
                   5  block output operations
                   0  messages sent
                   0  messages received
                   0  signals received
               26844  voluntary context switches
             1451132  involuntary context switches
       1115041236142  instructions retired
        408568541333  cycles elapsed
          4211985864  peak memory footprint
