[h264_videotoolbox @ 0xad0a60000] This device does not support the qmax option. Value ignored.
[h264_videotoolbox @ 0xad0a60000] This device does not support the qmax option. Value ignored.
COMPARISON_ACTUAL_EXPORT_PATH=HardwareFrames
[h264_videotoolbox @ 0xad0a60000] This device does not support the qmax option. Value ignored.
[h264_videotoolbox @ 0xad0a60000] This device does not support the qmax option. Value ignored.
COMPARISON_ACTUAL_EXPORT_PATH=HardwareFrames
COMPARISON_ACTUAL_EXPORT_PATH=HardwareFrames
COMPARISON_ACTUAL_EXPORT_PATH=HardwareFrames
       27.65 real       112.20 user        12.97 sys
          3434463232  maximum resident set size
                   0  average shared memory size
                   0  average unshared data size
                   0  average unshared stack size
             1612587  page reclaims
                  81  page faults
                   0  swaps
                   0  block input operations
                   0  block output operations
                   0  messages sent
                   0  messages received
                   0  signals received
               27303  voluntary context switches
              411286  involuntary context switches
       1130909321086  instructions retired
        419360347557  cycles elapsed
          4477095680  peak memory footprint
