{
    "streams": [
        {
            "index": 0,
            "codec_name": "h264",
            "codec_long_name": "H.264 / AVC / MPEG-4 AVC / MPEG-4 part 10",
            "profile": "High",
            "codec_type": "video",
            "codec_tag_string": "avc1",
            "codec_tag": "0x31637661",
            "mime_codec_string": "avc1.640020",
            "width": 256,
            "height": 128,
            "coded_width": 256,
            "coded_height": 128,
            "has_b_frames": 0,
            "pix_fmt": "yuv420p",
            "level": 32,
            "color_range": "tv",
            "color_space": "bt709",
            "color_transfer": "bt709",
            "color_primaries": "bt709",
            "chroma_location": "left",
            "field_order": "progressive",
            "is_avc": "true",
            "nal_length_size": "4",
            "id": "0x1",
            "r_frame_rate": "30000/1001",
            "avg_frame_rate": "30000/1001",
            "time_base": "1/30000",
            "start_pts": 0,
            "start_time": "0.000000",
            "duration_ts": 300300,
            "duration": "10.010000",
            "bit_rate": "223106",
            "bits_per_raw_sample": "8",
            "nb_frames": "300",
            "extradata": "\n00000000: 0164 0020 ffe1 000e 2764 0020 ac56 8101  .d. ....'d. .V..\n00000010: 1a6a 0202 0204 0100 0428 ee3c b0fd f8f8  .j.......(.<....\n00000020: 00                                       .\n",
            "extradata_size": 33,
            "disposition": {
                "default": 1,
                "dub": 0,
                "original": 0,
                "comment": 0,
                "lyrics": 0,
                "karaoke": 0,
                "forced": 0,
                "hearing_impaired": 0,
                "visual_impaired": 0,
                "clean_effects": 0,
                "attached_pic": 0,
                "timed_thumbnails": 0,
                "non_diegetic": 0,
                "captions": 0,
                "descriptions": 0,
                "metadata": 0,
                "dependent": 0,
                "still_image": 0,
                "multilayer": 0
            },
            "tags": {
                "language": "und",
                "handler_name": "VideoHandler"
            }
        }
    ]
}
