[h264_videotoolbox @ 0x9f3638000] This device does not support the qmax option. Value ignored.
[h264_videotoolbox @ 0x9f3638000] This device does not support the qmax option. Value ignored.
[h264_videotoolbox @ 0x9f3638000] This device does not support the qmax option. Value ignored.
[h264_videotoolbox @ 0x9f3638000] This device does not support the qmax option. Value ignored.
        0.97 real         0.18 user         0.08 sys
            91111424  maximum resident set size
                   0  average shared memory size
                   0  average unshared data size
                   0  average unshared stack size
                8543  page reclaims
                 163  page faults
                   0  swaps
                   0  block input operations
                   0  block output operations
                   0  messages sent
                   0  messages received
                   0  signals received
                 110  voluntary context switches
                1963  involuntary context switches
          2550560717  instructions retired
           898349159  cycles elapsed
           231932624  peak memory footprint
