{
    "frames": [
        {
            "key_frame": 1,
            "pts": 0,
            "pkt_dts": 0,
            "best_effort_timestamp": 0,
            "duration": 2048,
            "pict_type": "I"
        },
        {
            "key_frame": 1,
            "pts": 2048,
            "pkt_dts": 2048,
            "best_effort_timestamp": 2048,
            "duration": 2048,
            "pict_type": "I"
        },
        {
            "key_frame": 1,
            "pts": 4096,
            "pkt_dts": 4096,
            "best_effort_timestamp": 4096,
            "duration": 2048,
            "pict_type": "I"
        },
        {
            "key_frame": 1,
            "pts": 6144,
            "pkt_dts": 6144,
            "best_effort_timestamp": 6144,
            "duration": 2048,
            "pict_type": "I"
        },
        {
            "key_frame": 1,
            "pts": 8192,
            "pkt_dts": 8192,
            "best_effort_timestamp": 8192,
            "duration": 2048,
            "pict_type": "I"
        },
        {
            "key_frame": 1,
            "pts": 10240,
            "pkt_dts": 10240,
            "best_effort_timestamp": 10240,
            "duration": 2048,
            "pict_type": "I"
        },
        {
            "key_frame": 1,
            "pts": 12288,
            "pkt_dts": 12288,
            "best_effort_timestamp": 12288,
            "duration": 2048,
            "pict_type": "I"
        },
        {
            "key_frame": 1,
            "pts": 14336,
            "pkt_dts": 14336,
            "best_effort_timestamp": 14336,
            "duration": 2048,
            "pict_type": "I"
        },
        {
            "key_frame": 1,
            "pts": 16384,
            "pkt_dts": 16384,
            "best_effort_timestamp": 16384,
            "duration": 2048,
            "pict_type": "I"
        },
        {
            "key_frame": 1,
            "pts": 18432,
            "pkt_dts": 18432,
            "best_effort_timestamp": 18432,
            "duration": 2048,
            "pict_type": "I"
        },
        {
            "key_frame": 1,
            "pts": 20480,
            "pkt_dts": 20480,
            "best_effort_timestamp": 20480,
            "duration": 2048,
            "pict_type": "I"
        },
        {
            "key_frame": 1,
            "pts": 22528,
            "pkt_dts": 22528,
            "best_effort_timestamp": 22528,
            "duration": 2048,
            "pict_type": "I"
        },
        {
            "key_frame": 1,
            "pts": 24576,
            "pkt_dts": 24576,
            "best_effort_timestamp": 24576,
            "duration": 2048,
            "pict_type": "I"
        },
        {
            "key_frame": 1,
            "pts": 26624,
            "pkt_dts": 26624,
            "best_effort_timestamp": 26624,
            "duration": 2048,
            "pict_type": "I"
        },
        {
            "key_frame": 1,
            "pts": 28672,
            "pkt_dts": 28672,
            "best_effort_timestamp": 28672,
            "duration": 2048,
            "pict_type": "I"
        },
        {
            "key_frame": 1,
            "pts": 30720,
            "pkt_dts": 30720,
            "best_effort_timestamp": 30720,
            "duration": 2048,
            "pict_type": "I"
        },
        {
            "key_frame": 1,
            "pts": 32768,
            "pkt_dts": 32768,
            "best_effort_timestamp": 32768,
            "duration": 2048,
            "pict_type": "I"
        },
        {
            "key_frame": 1,
            "pts": 34816,
            "pkt_dts": 34816,
            "best_effort_timestamp": 34816,
            "duration": 2048,
            "pict_type": "I"
        },
        {
            "key_frame": 1,
            "pts": 36864,
            "pkt_dts": 36864,
            "best_effort_timestamp": 36864,
            "duration": 2048,
            "pict_type": "I"
        },
        {
            "key_frame": 1,
            "pts": 38912,
            "pkt_dts": 38912,
            "best_effort_timestamp": 38912,
            "duration": 2048,
            "pict_type": "I"
        },
        {
            "key_frame": 1,
            "pts": 40960,
            "pkt_dts": 40960,
            "best_effort_timestamp": 40960,
            "duration": 2048,
            "pict_type": "I"
        },
        {
            "key_frame": 1,
            "pts": 43008,
            "pkt_dts": 43008,
            "best_effort_timestamp": 43008,
            "duration": 2048,
            "pict_type": "I"
        },
        {
            "key_frame": 1,
            "pts": 45056,
            "pkt_dts": 45056,
            "best_effort_timestamp": 45056,
            "duration": 2048,
            "pict_type": "I"
        },
        {
            "key_frame": 1,
            "pts": 47104,
            "pkt_dts": 47104,
            "best_effort_timestamp": 47104,
            "duration": 2048,
            "pict_type": "I"
        },
        {
            "key_frame": 1,
            "pts": 49152,
            "pkt_dts": 49152,
            "best_effort_timestamp": 49152,
            "duration": 2048,
            "pict_type": "I"
        },
        {
            "key_frame": 1,
            "pts": 51200,
            "pkt_dts": 51200,
            "best_effort_timestamp": 51200,
            "duration": 2048,
            "pict_type": "I"
        },
        {
            "key_frame": 1,
            "pts": 53248,
            "pkt_dts": 53248,
            "best_effort_timestamp": 53248,
            "duration": 2048,
            "pict_type": "I"
        },
        {
            "key_frame": 1,
            "pts": 55296,
            "pkt_dts": 55296,
            "best_effort_timestamp": 55296,
            "duration": 2048,
            "pict_type": "I"
        },
        {
            "key_frame": 1,
            "pts": 57344,
            "pkt_dts": 57344,
            "best_effort_timestamp": 57344,
            "duration": 2048,
            "pict_type": "I"
        },
        {
            "key_frame": 1,
            "pts": 59392,
            "pkt_dts": 59392,
            "best_effort_timestamp": 59392,
            "duration": 2048,
            "pict_type": "I"
        },
        {
            "key_frame": 1,
            "pts": 61440,
            "pkt_dts": 61440,
            "best_effort_timestamp": 61440,
            "duration": 2048,
            "pict_type": "I"
        },
        {
            "key_frame": 1,
            "pts": 63488,
            "pkt_dts": 63488,
            "best_effort_timestamp": 63488,
            "duration": 2048,
            "pict_type": "I"
        },
        {
            "key_frame": 1,
            "pts": 65536,
            "pkt_dts": 65536,
            "best_effort_timestamp": 65536,
            "duration": 2048,
            "pict_type": "I"
        },
        {
            "key_frame": 1,
            "pts": 67584,
            "pkt_dts": 67584,
            "best_effort_timestamp": 67584,
            "duration": 2048,
            "pict_type": "I"
        },
        {
            "key_frame": 1,
            "pts": 69632,
            "pkt_dts": 69632,
            "best_effort_timestamp": 69632,
            "duration": 2048,
            "pict_type": "I"
        },
        {
            "key_frame": 1,
            "pts": 71680,
            "pkt_dts": 71680,
            "best_effort_timestamp": 71680,
            "duration": 2048,
            "pict_type": "I"
        },
        {
            "key_frame": 1,
            "pts": 73728,
            "pkt_dts": 73728,
            "best_effort_timestamp": 73728,
            "duration": 2048,
            "pict_type": "I"
        },
        {
            "key_frame": 1,
            "pts": 75776,
            "pkt_dts": 75776,
            "best_effort_timestamp": 75776,
            "duration": 2048,
            "pict_type": "I"
        },
        {
            "key_frame": 1,
            "pts": 77824,
            "pkt_dts": 77824,
            "best_effort_timestamp": 77824,
            "duration": 2048,
            "pict_type": "I"
        },
        {
            "key_frame": 1,
            "pts": 79872,
            "pkt_dts": 79872,
            "best_effort_timestamp": 79872,
            "duration": 2048,
            "pict_type": "I"
        },
        {
            "key_frame": 1,
            "pts": 81920,
            "pkt_dts": 81920,
            "best_effort_timestamp": 81920,
            "duration": 2048,
            "pict_type": "I"
        },
        {
            "key_frame": 1,
            "pts": 83968,
            "pkt_dts": 83968,
            "best_effort_timestamp": 83968,
            "duration": 2048,
            "pict_type": "I"
        },
        {
            "key_frame": 1,
            "pts": 86016,
            "pkt_dts": 86016,
            "best_effort_timestamp": 86016,
            "duration": 2048,
            "pict_type": "I"
        },
        {
            "key_frame": 1,
            "pts": 88064,
            "pkt_dts": 88064,
            "best_effort_timestamp": 88064,
            "duration": 2048,
            "pict_type": "I"
        },
        {
            "key_frame": 1,
            "pts": 90112,
            "pkt_dts": 90112,
            "best_effort_timestamp": 90112,
            "duration": 2048,
            "pict_type": "I"
        },
        {
            "key_frame": 1,
            "pts": 92160,
            "pkt_dts": 92160,
            "best_effort_timestamp": 92160,
            "duration": 2048,
            "pict_type": "I"
        },
        {
            "key_frame": 1,
            "pts": 94208,
            "pkt_dts": 94208,
            "best_effort_timestamp": 94208,
            "duration": 2048,
            "pict_type": "I"
        },
        {
            "key_frame": 1,
            "pts": 96256,
            "pkt_dts": 96256,
            "best_effort_timestamp": 96256,
            "duration": 2048,
            "pict_type": "I"
        },
        {
            "key_frame": 1,
            "pts": 98304,
            "pkt_dts": 98304,
            "best_effort_timestamp": 98304,
            "duration": 2048,
            "pict_type": "I"
        },
        {
            "key_frame": 1,
            "pts": 100352,
            "pkt_dts": 100352,
            "best_effort_timestamp": 100352,
            "duration": 2048,
            "pict_type": "I"
        },
        {
            "key_frame": 1,
            "pts": 102400,
            "pkt_dts": 102400,
            "best_effort_timestamp": 102400,
            "duration": 2048,
            "pict_type": "I"
        },
        {
            "key_frame": 1,
            "pts": 104448,
            "pkt_dts": 104448,
            "best_effort_timestamp": 104448,
            "duration": 2048,
            "pict_type": "I"
        },
        {
            "key_frame": 1,
            "pts": 106496,
            "pkt_dts": 106496,
            "best_effort_timestamp": 106496,
            "duration": 2048,
            "pict_type": "I"
        },
        {
            "key_frame": 1,
            "pts": 108544,
            "pkt_dts": 108544,
            "best_effort_timestamp": 108544,
            "duration": 2048,
            "pict_type": "I"
        },
        {
            "key_frame": 1,
            "pts": 110592,
            "pkt_dts": 110592,
            "best_effort_timestamp": 110592,
            "duration": 2048,
            "pict_type": "I"
        },
        {
            "key_frame": 1,
            "pts": 112640,
            "pkt_dts": 112640,
            "best_effort_timestamp": 112640,
            "duration": 2048,
            "pict_type": "I"
        },
        {
            "key_frame": 1,
            "pts": 114688,
            "pkt_dts": 114688,
            "best_effort_timestamp": 114688,
            "duration": 2048,
            "pict_type": "I"
        },
        {
            "key_frame": 1,
            "pts": 116736,
            "pkt_dts": 116736,
            "best_effort_timestamp": 116736,
            "duration": 2048,
            "pict_type": "I"
        },
        {
            "key_frame": 1,
            "pts": 118784,
            "pkt_dts": 118784,
            "best_effort_timestamp": 118784,
            "duration": 2048,
            "pict_type": "I"
        },
        {
            "key_frame": 1,
            "pts": 120832,
            "pkt_dts": 120832,
            "best_effort_timestamp": 120832,
            "duration": 2048,
            "pict_type": "I"
        },
        {
            "key_frame": 1,
            "pts": 122880,
            "pkt_dts": 122880,
            "best_effort_timestamp": 122880,
            "duration": 2048,
            "pict_type": "I"
        },
        {
            "key_frame": 1,
            "pts": 124928,
            "pkt_dts": 124928,
            "best_effort_timestamp": 124928,
            "duration": 2048,
            "pict_type": "I"
        },
        {
            "key_frame": 1,
            "pts": 126976,
            "pkt_dts": 126976,
            "best_effort_timestamp": 126976,
            "duration": 2048,
            "pict_type": "I"
        },
        {
            "key_frame": 1,
            "pts": 129024,
            "pkt_dts": 129024,
            "best_effort_timestamp": 129024,
            "duration": 2048,
            "pict_type": "I"
        },
        {
            "key_frame": 1,
            "pts": 131072,
            "pkt_dts": 131072,
            "best_effort_timestamp": 131072,
            "duration": 2048,
            "pict_type": "I"
        },
        {
            "key_frame": 1,
            "pts": 133120,
            "pkt_dts": 133120,
            "best_effort_timestamp": 133120,
            "duration": 2048,
            "pict_type": "I"
        },
        {
            "key_frame": 1,
            "pts": 135168,
            "pkt_dts": 135168,
            "best_effort_timestamp": 135168,
            "duration": 2048,
            "pict_type": "I"
        },
        {
            "key_frame": 1,
            "pts": 137216,
            "pkt_dts": 137216,
            "best_effort_timestamp": 137216,
            "duration": 2048,
            "pict_type": "I"
        },
        {
            "key_frame": 1,
            "pts": 139264,
            "pkt_dts": 139264,
            "best_effort_timestamp": 139264,
            "duration": 2048,
            "pict_type": "I"
        },
        {
            "key_frame": 1,
            "pts": 141312,
            "pkt_dts": 141312,
            "best_effort_timestamp": 141312,
            "duration": 2048,
            "pict_type": "I"
        },
        {
            "key_frame": 1,
            "pts": 143360,
            "pkt_dts": 143360,
            "best_effort_timestamp": 143360,
            "duration": 2048,
            "pict_type": "I"
        },
        {
            "key_frame": 1,
            "pts": 145408,
            "pkt_dts": 145408,
            "best_effort_timestamp": 145408,
            "duration": 2048,
            "pict_type": "I"
        },
        {
            "key_frame": 1,
            "pts": 147456,
            "pkt_dts": 147456,
            "best_effort_timestamp": 147456,
            "duration": 2048,
            "pict_type": "I"
        },
        {
            "key_frame": 1,
            "pts": 149504,
            "pkt_dts": 149504,
            "best_effort_timestamp": 149504,
            "duration": 2048,
            "pict_type": "I"
        },
        {
            "key_frame": 1,
            "pts": 151552,
            "pkt_dts": 151552,
            "best_effort_timestamp": 151552,
            "duration": 2048,
            "pict_type": "I"
        },
        {
            "key_frame": 1,
            "pts": 153600,
            "pkt_dts": 153600,
            "best_effort_timestamp": 153600,
            "duration": 2048,
            "pict_type": "I"
        },
        {
            "key_frame": 1,
            "pts": 155648,
            "pkt_dts": 155648,
            "best_effort_timestamp": 155648,
            "duration": 2048,
            "pict_type": "I"
        },
        {
            "key_frame": 1,
            "pts": 157696,
            "pkt_dts": 157696,
            "best_effort_timestamp": 157696,
            "duration": 2048,
            "pict_type": "I"
        },
        {
            "key_frame": 1,
            "pts": 159744,
            "pkt_dts": 159744,
            "best_effort_timestamp": 159744,
            "duration": 2048,
            "pict_type": "I"
        },
        {
            "key_frame": 1,
            "pts": 161792,
            "pkt_dts": 161792,
            "best_effort_timestamp": 161792,
            "duration": 2048,
            "pict_type": "I"
        },
        {
            "key_frame": 1,
            "pts": 163840,
            "pkt_dts": 163840,
            "best_effort_timestamp": 163840,
            "duration": 2048,
            "pict_type": "I"
        },
        {
            "key_frame": 1,
            "pts": 165888,
            "pkt_dts": 165888,
            "best_effort_timestamp": 165888,
            "duration": 2048,
            "pict_type": "I"
        },
        {
            "key_frame": 1,
            "pts": 167936,
            "pkt_dts": 167936,
            "best_effort_timestamp": 167936,
            "duration": 2048,
            "pict_type": "I"
        },
        {
            "key_frame": 1,
            "pts": 169984,
            "pkt_dts": 169984,
            "best_effort_timestamp": 169984,
            "duration": 2048,
            "pict_type": "I"
        },
        {
            "key_frame": 1,
            "pts": 172032,
            "pkt_dts": 172032,
            "best_effort_timestamp": 172032,
            "duration": 2048,
            "pict_type": "I"
        },
        {
            "key_frame": 1,
            "pts": 174080,
            "pkt_dts": 174080,
            "best_effort_timestamp": 174080,
            "duration": 2048,
            "pict_type": "I"
        },
        {
            "key_frame": 1,
            "pts": 176128,
            "pkt_dts": 176128,
            "best_effort_timestamp": 176128,
            "duration": 2048,
            "pict_type": "I"
        },
        {
            "key_frame": 1,
            "pts": 178176,
            "pkt_dts": 178176,
            "best_effort_timestamp": 178176,
            "duration": 2048,
            "pict_type": "I"
        },
        {
            "key_frame": 1,
            "pts": 180224,
            "pkt_dts": 180224,
            "best_effort_timestamp": 180224,
            "duration": 2048,
            "pict_type": "I"
        },
        {
            "key_frame": 1,
            "pts": 182272,
            "pkt_dts": 182272,
            "best_effort_timestamp": 182272,
            "duration": 2048,
            "pict_type": "I"
        },
        {
            "key_frame": 1,
            "pts": 184320,
            "pkt_dts": 184320,
            "best_effort_timestamp": 184320,
            "duration": 2048,
            "pict_type": "I"
        },
        {
            "key_frame": 1,
            "pts": 186368,
            "pkt_dts": 186368,
            "best_effort_timestamp": 186368,
            "duration": 2048,
            "pict_type": "I"
        },
        {
            "key_frame": 1,
            "pts": 188416,
            "pkt_dts": 188416,
            "best_effort_timestamp": 188416,
            "duration": 2048,
            "pict_type": "I"
        },
        {
            "key_frame": 1,
            "pts": 190464,
            "pkt_dts": 190464,
            "best_effort_timestamp": 190464,
            "duration": 2048,
            "pict_type": "I"
        },
        {
            "key_frame": 1,
            "pts": 192512,
            "pkt_dts": 192512,
            "best_effort_timestamp": 192512,
            "duration": 2048,
            "pict_type": "I"
        },
        {
            "key_frame": 1,
            "pts": 194560,
            "pkt_dts": 194560,
            "best_effort_timestamp": 194560,
            "duration": 2048,
            "pict_type": "I"
        },
        {
            "key_frame": 1,
            "pts": 196608,
            "pkt_dts": 196608,
            "best_effort_timestamp": 196608,
            "duration": 2048,
            "pict_type": "I"
        },
        {
            "key_frame": 1,
            "pts": 198656,
            "pkt_dts": 198656,
            "best_effort_timestamp": 198656,
            "duration": 2048,
            "pict_type": "I"
        },
        {
            "key_frame": 1,
            "pts": 200704,
            "pkt_dts": 200704,
            "best_effort_timestamp": 200704,
            "duration": 2048,
            "pict_type": "I"
        },
        {
            "key_frame": 1,
            "pts": 202752,
            "pkt_dts": 202752,
            "best_effort_timestamp": 202752,
            "duration": 2048,
            "pict_type": "I"
        },
        {
            "key_frame": 1,
            "pts": 204800,
            "pkt_dts": 204800,
            "best_effort_timestamp": 204800,
            "duration": 2048,
            "pict_type": "I"
        },
        {
            "key_frame": 1,
            "pts": 206848,
            "pkt_dts": 206848,
            "best_effort_timestamp": 206848,
            "duration": 2048,
            "pict_type": "I"
        },
        {
            "key_frame": 1,
            "pts": 208896,
            "pkt_dts": 208896,
            "best_effort_timestamp": 208896,
            "duration": 2048,
            "pict_type": "I"
        },
        {
            "key_frame": 1,
            "pts": 210944,
            "pkt_dts": 210944,
            "best_effort_timestamp": 210944,
            "duration": 2048,
            "pict_type": "I"
        },
        {
            "key_frame": 1,
            "pts": 212992,
            "pkt_dts": 212992,
            "best_effort_timestamp": 212992,
            "duration": 2048,
            "pict_type": "I"
        },
        {
            "key_frame": 1,
            "pts": 215040,
            "pkt_dts": 215040,
            "best_effort_timestamp": 215040,
            "duration": 2048,
            "pict_type": "I"
        },
        {
            "key_frame": 1,
            "pts": 217088,
            "pkt_dts": 217088,
            "best_effort_timestamp": 217088,
            "duration": 2048,
            "pict_type": "I"
        },
        {
            "key_frame": 1,
            "pts": 219136,
            "pkt_dts": 219136,
            "best_effort_timestamp": 219136,
            "duration": 2048,
            "pict_type": "I"
        },
        {
            "key_frame": 1,
            "pts": 221184,
            "pkt_dts": 221184,
            "best_effort_timestamp": 221184,
            "duration": 2048,
            "pict_type": "I"
        },
        {
            "key_frame": 1,
            "pts": 223232,
            "pkt_dts": 223232,
            "best_effort_timestamp": 223232,
            "duration": 2048,
            "pict_type": "I"
        },
        {
            "key_frame": 1,
            "pts": 225280,
            "pkt_dts": 225280,
            "best_effort_timestamp": 225280,
            "duration": 2048,
            "pict_type": "I"
        },
        {
            "key_frame": 1,
            "pts": 227328,
            "pkt_dts": 227328,
            "best_effort_timestamp": 227328,
            "duration": 2048,
            "pict_type": "I"
        },
        {
            "key_frame": 1,
            "pts": 229376,
            "pkt_dts": 229376,
            "best_effort_timestamp": 229376,
            "duration": 2048,
            "pict_type": "I"
        },
        {
            "key_frame": 1,
            "pts": 231424,
            "pkt_dts": 231424,
            "best_effort_timestamp": 231424,
            "duration": 2048,
            "pict_type": "I"
        },
        {
            "key_frame": 1,
            "pts": 233472,
            "pkt_dts": 233472,
            "best_effort_timestamp": 233472,
            "duration": 2048,
            "pict_type": "I"
        },
        {
            "key_frame": 1,
            "pts": 235520,
            "pkt_dts": 235520,
            "best_effort_timestamp": 235520,
            "duration": 2048,
            "pict_type": "I"
        },
        {
            "key_frame": 1,
            "pts": 237568,
            "pkt_dts": 237568,
            "best_effort_timestamp": 237568,
            "duration": 2048,
            "pict_type": "I"
        },
        {
            "key_frame": 1,
            "pts": 239616,
            "pkt_dts": 239616,
            "best_effort_timestamp": 239616,
            "duration": 2048,
            "pict_type": "I"
        },
        {
            "key_frame": 1,
            "pts": 241664,
            "pkt_dts": 241664,
            "best_effort_timestamp": 241664,
            "duration": 2048,
            "pict_type": "I"
        },
        {
            "key_frame": 1,
            "pts": 243712,
            "pkt_dts": 243712,
            "best_effort_timestamp": 243712,
            "duration": 2048,
            "pict_type": "I"
        },
        {
            "key_frame": 1,
            "pts": 245760,
            "pkt_dts": 245760,
            "best_effort_timestamp": 245760,
            "duration": 2048,
            "pict_type": "I"
        },
        {
            "key_frame": 1,
            "pts": 247808,
            "pkt_dts": 247808,
            "best_effort_timestamp": 247808,
            "duration": 2048,
            "pict_type": "I"
        },
        {
            "key_frame": 1,
            "pts": 249856,
            "pkt_dts": 249856,
            "best_effort_timestamp": 249856,
            "duration": 2048,
            "pict_type": "I"
        },
        {
            "key_frame": 1,
            "pts": 251904,
            "pkt_dts": 251904,
            "best_effort_timestamp": 251904,
            "duration": 2048,
            "pict_type": "I"
        },
        {
            "key_frame": 1,
            "pts": 253952,
            "pkt_dts": 253952,
            "best_effort_timestamp": 253952,
            "duration": 2048,
            "pict_type": "I"
        },
        {
            "key_frame": 1,
            "pts": 256000,
            "pkt_dts": 256000,
            "best_effort_timestamp": 256000,
            "duration": 2048,
            "pict_type": "I"
        },
        {
            "key_frame": 1,
            "pts": 258048,
            "pkt_dts": 258048,
            "best_effort_timestamp": 258048,
            "duration": 2048,
            "pict_type": "I"
        },
        {
            "key_frame": 1,
            "pts": 260096,
            "pkt_dts": 260096,
            "best_effort_timestamp": 260096,
            "duration": 2048,
            "pict_type": "I"
        },
        {
            "key_frame": 1,
            "pts": 262144,
            "pkt_dts": 262144,
            "best_effort_timestamp": 262144,
            "duration": 2048,
            "pict_type": "I"
        },
        {
            "key_frame": 1,
            "pts": 264192,
            "pkt_dts": 264192,
            "best_effort_timestamp": 264192,
            "duration": 2048,
            "pict_type": "I"
        },
        {
            "key_frame": 1,
            "pts": 266240,
            "pkt_dts": 266240,
            "best_effort_timestamp": 266240,
            "duration": 2048,
            "pict_type": "I"
        },
        {
            "key_frame": 1,
            "pts": 268288,
            "pkt_dts": 268288,
            "best_effort_timestamp": 268288,
            "duration": 2048,
            "pict_type": "I"
        },
        {
            "key_frame": 1,
            "pts": 270336,
            "pkt_dts": 270336,
            "best_effort_timestamp": 270336,
            "duration": 2048,
            "pict_type": "I"
        },
        {
            "key_frame": 1,
            "pts": 272384,
            "pkt_dts": 272384,
            "best_effort_timestamp": 272384,
            "duration": 2048,
            "pict_type": "I"
        },
        {
            "key_frame": 1,
            "pts": 274432,
            "pkt_dts": 274432,
            "best_effort_timestamp": 274432,
            "duration": 2048,
            "pict_type": "I"
        },
        {
            "key_frame": 1,
            "pts": 276480,
            "pkt_dts": 276480,
            "best_effort_timestamp": 276480,
            "duration": 2048,
            "pict_type": "I"
        },
        {
            "key_frame": 1,
            "pts": 278528,
            "pkt_dts": 278528,
            "best_effort_timestamp": 278528,
            "duration": 2048,
            "pict_type": "I"
        },
        {
            "key_frame": 1,
            "pts": 280576,
            "pkt_dts": 280576,
            "best_effort_timestamp": 280576,
            "duration": 2048,
            "pict_type": "I"
        },
        {
            "key_frame": 1,
            "pts": 282624,
            "pkt_dts": 282624,
            "best_effort_timestamp": 282624,
            "duration": 2048,
            "pict_type": "I"
        },
        {
            "key_frame": 1,
            "pts": 284672,
            "pkt_dts": 284672,
            "best_effort_timestamp": 284672,
            "duration": 2048,
            "pict_type": "I"
        },
        {
            "key_frame": 1,
            "pts": 286720,
            "pkt_dts": 286720,
            "best_effort_timestamp": 286720,
            "duration": 2048,
            "pict_type": "I"
        },
        {
            "key_frame": 1,
            "pts": 288768,
            "pkt_dts": 288768,
            "best_effort_timestamp": 288768,
            "duration": 2048,
            "pict_type": "I"
        },
        {
            "key_frame": 1,
            "pts": 290816,
            "pkt_dts": 290816,
            "best_effort_timestamp": 290816,
            "duration": 2048,
            "pict_type": "I"
        },
        {
            "key_frame": 1,
            "pts": 292864,
            "pkt_dts": 292864,
            "best_effort_timestamp": 292864,
            "duration": 2048,
            "pict_type": "I"
        },
        {
            "key_frame": 1,
            "pts": 294912,
            "pkt_dts": 294912,
            "best_effort_timestamp": 294912,
            "duration": 2048,
            "pict_type": "I"
        },
        {
            "key_frame": 1,
            "pts": 296960,
            "pkt_dts": 296960,
            "best_effort_timestamp": 296960,
            "duration": 2048,
            "pict_type": "I"
        },
        {
            "key_frame": 1,
            "pts": 299008,
            "pkt_dts": 299008,
            "best_effort_timestamp": 299008,
            "duration": 2048,
            "pict_type": "I"
        },
        {
            "key_frame": 1,
            "pts": 301056,
            "pkt_dts": 301056,
            "best_effort_timestamp": 301056,
            "duration": 2048,
            "pict_type": "I"
        },
        {
            "key_frame": 1,
            "pts": 303104,
            "pkt_dts": 303104,
            "best_effort_timestamp": 303104,
            "duration": 2048,
            "pict_type": "I"
        },
        {
            "key_frame": 1,
            "pts": 305152,
            "pkt_dts": 305152,
            "best_effort_timestamp": 305152,
            "duration": 2048,
            "pict_type": "I"
        },
        {
            "key_frame": 1,
            "pts": 307200,
            "pkt_dts": 307200,
            "best_effort_timestamp": 307200,
            "duration": 2048,
            "pict_type": "I"
        },
        {
            "key_frame": 1,
            "pts": 309248,
            "pkt_dts": 309248,
            "best_effort_timestamp": 309248,
            "duration": 2048,
            "pict_type": "I"
        },
        {
            "key_frame": 1,
            "pts": 311296,
            "pkt_dts": 311296,
            "best_effort_timestamp": 311296,
            "duration": 2048,
            "pict_type": "I"
        },
        {
            "key_frame": 1,
            "pts": 313344,
            "pkt_dts": 313344,
            "best_effort_timestamp": 313344,
            "duration": 2048,
            "pict_type": "I"
        },
        {
            "key_frame": 1,
            "pts": 315392,
            "pkt_dts": 315392,
            "best_effort_timestamp": 315392,
            "duration": 2048,
            "pict_type": "I"
        },
        {
            "key_frame": 1,
            "pts": 317440,
            "pkt_dts": 317440,
            "best_effort_timestamp": 317440,
            "duration": 2048,
            "pict_type": "I"
        },
        {
            "key_frame": 1,
            "pts": 319488,
            "pkt_dts": 319488,
            "best_effort_timestamp": 319488,
            "duration": 2048,
            "pict_type": "I"
        },
        {
            "key_frame": 1,
            "pts": 321536,
            "pkt_dts": 321536,
            "best_effort_timestamp": 321536,
            "duration": 2048,
            "pict_type": "I"
        },
        {
            "key_frame": 1,
            "pts": 323584,
            "pkt_dts": 323584,
            "best_effort_timestamp": 323584,
            "duration": 2048,
            "pict_type": "I"
        },
        {
            "key_frame": 1,
            "pts": 325632,
            "pkt_dts": 325632,
            "best_effort_timestamp": 325632,
            "duration": 2048,
            "pict_type": "I"
        },
        {
            "key_frame": 1,
            "pts": 327680,
            "pkt_dts": 327680,
            "best_effort_timestamp": 327680,
            "duration": 2048,
            "pict_type": "I"
        },
        {
            "key_frame": 1,
            "pts": 329728,
            "pkt_dts": 329728,
            "best_effort_timestamp": 329728,
            "duration": 2048,
            "pict_type": "I"
        },
        {
            "key_frame": 1,
            "pts": 331776,
            "pkt_dts": 331776,
            "best_effort_timestamp": 331776,
            "duration": 2048,
            "pict_type": "I"
        },
        {
            "key_frame": 1,
            "pts": 333824,
            "pkt_dts": 333824,
            "best_effort_timestamp": 333824,
            "duration": 2048,
            "pict_type": "I"
        },
        {
            "key_frame": 1,
            "pts": 335872,
            "pkt_dts": 335872,
            "best_effort_timestamp": 335872,
            "duration": 2048,
            "pict_type": "I"
        },
        {
            "key_frame": 1,
            "pts": 337920,
            "pkt_dts": 337920,
            "best_effort_timestamp": 337920,
            "duration": 2048,
            "pict_type": "I"
        },
        {
            "key_frame": 1,
            "pts": 339968,
            "pkt_dts": 339968,
            "best_effort_timestamp": 339968,
            "duration": 2048,
            "pict_type": "I"
        },
        {
            "key_frame": 1,
            "pts": 342016,
            "pkt_dts": 342016,
            "best_effort_timestamp": 342016,
            "duration": 2048,
            "pict_type": "I"
        },
        {
            "key_frame": 1,
            "pts": 344064,
            "pkt_dts": 344064,
            "best_effort_timestamp": 344064,
            "duration": 2048,
            "pict_type": "I"
        },
        {
            "key_frame": 1,
            "pts": 346112,
            "pkt_dts": 346112,
            "best_effort_timestamp": 346112,
            "duration": 2048,
            "pict_type": "I"
        },
        {
            "key_frame": 1,
            "pts": 348160,
            "pkt_dts": 348160,
            "best_effort_timestamp": 348160,
            "duration": 2048,
            "pict_type": "I"
        },
        {
            "key_frame": 1,
            "pts": 350208,
            "pkt_dts": 350208,
            "best_effort_timestamp": 350208,
            "duration": 2048,
            "pict_type": "I"
        },
        {
            "key_frame": 1,
            "pts": 352256,
            "pkt_dts": 352256,
            "best_effort_timestamp": 352256,
            "duration": 2048,
            "pict_type": "I"
        },
        {
            "key_frame": 1,
            "pts": 354304,
            "pkt_dts": 354304,
            "best_effort_timestamp": 354304,
            "duration": 2048,
            "pict_type": "I"
        },
        {
            "key_frame": 1,
            "pts": 356352,
            "pkt_dts": 356352,
            "best_effort_timestamp": 356352,
            "duration": 2048,
            "pict_type": "I"
        },
        {
            "key_frame": 1,
            "pts": 358400,
            "pkt_dts": 358400,
            "best_effort_timestamp": 358400,
            "duration": 2048,
            "pict_type": "I"
        },
        {
            "key_frame": 1,
            "pts": 360448,
            "pkt_dts": 360448,
            "best_effort_timestamp": 360448,
            "duration": 2048,
            "pict_type": "I"
        },
        {
            "key_frame": 1,
            "pts": 362496,
            "pkt_dts": 362496,
            "best_effort_timestamp": 362496,
            "duration": 2048,
            "pict_type": "I"
        },
        {
            "key_frame": 1,
            "pts": 364544,
            "pkt_dts": 364544,
            "best_effort_timestamp": 364544,
            "duration": 2048,
            "pict_type": "I"
        },
        {
            "key_frame": 1,
            "pts": 366592,
            "pkt_dts": 366592,
            "best_effort_timestamp": 366592,
            "duration": 2048,
            "pict_type": "I"
        },
        {
            "key_frame": 1,
            "pts": 368640,
            "pkt_dts": 368640,
            "best_effort_timestamp": 368640,
            "duration": 2048,
            "pict_type": "I"
        },
        {
            "key_frame": 1,
            "pts": 370688,
            "pkt_dts": 370688,
            "best_effort_timestamp": 370688,
            "duration": 2048,
            "pict_type": "I"
        },
        {
            "key_frame": 1,
            "pts": 372736,
            "pkt_dts": 372736,
            "best_effort_timestamp": 372736,
            "duration": 2048,
            "pict_type": "I"
        },
        {
            "key_frame": 1,
            "pts": 374784,
            "pkt_dts": 374784,
            "best_effort_timestamp": 374784,
            "duration": 2048,
            "pict_type": "I"
        },
        {
            "key_frame": 1,
            "pts": 376832,
            "pkt_dts": 376832,
            "best_effort_timestamp": 376832,
            "duration": 2048,
            "pict_type": "I"
        },
        {
            "key_frame": 1,
            "pts": 378880,
            "pkt_dts": 378880,
            "best_effort_timestamp": 378880,
            "duration": 2048,
            "pict_type": "I"
        },
        {
            "key_frame": 1,
            "pts": 380928,
            "pkt_dts": 380928,
            "best_effort_timestamp": 380928,
            "duration": 2048,
            "pict_type": "I"
        },
        {
            "key_frame": 1,
            "pts": 382976,
            "pkt_dts": 382976,
            "best_effort_timestamp": 382976,
            "duration": 2048,
            "pict_type": "I"
        },
        {
            "key_frame": 1,
            "pts": 385024,
            "pkt_dts": 385024,
            "best_effort_timestamp": 385024,
            "duration": 2048,
            "pict_type": "I"
        },
        {
            "key_frame": 1,
            "pts": 387072,
            "pkt_dts": 387072,
            "best_effort_timestamp": 387072,
            "duration": 2048,
            "pict_type": "I"
        },
        {
            "key_frame": 1,
            "pts": 389120,
            "pkt_dts": 389120,
            "best_effort_timestamp": 389120,
            "duration": 2048,
            "pict_type": "I"
        },
        {
            "key_frame": 1,
            "pts": 391168,
            "pkt_dts": 391168,
            "best_effort_timestamp": 391168,
            "duration": 2048,
            "pict_type": "I"
        },
        {
            "key_frame": 1,
            "pts": 393216,
            "pkt_dts": 393216,
            "best_effort_timestamp": 393216,
            "duration": 2048,
            "pict_type": "I"
        },
        {
            "key_frame": 1,
            "pts": 395264,
            "pkt_dts": 395264,
            "best_effort_timestamp": 395264,
            "duration": 2048,
            "pict_type": "I"
        },
        {
            "key_frame": 1,
            "pts": 397312,
            "pkt_dts": 397312,
            "best_effort_timestamp": 397312,
            "duration": 2048,
            "pict_type": "I"
        },
        {
            "key_frame": 1,
            "pts": 399360,
            "pkt_dts": 399360,
            "best_effort_timestamp": 399360,
            "duration": 2048,
            "pict_type": "I"
        },
        {
            "key_frame": 1,
            "pts": 401408,
            "pkt_dts": 401408,
            "best_effort_timestamp": 401408,
            "duration": 2048,
            "pict_type": "I"
        },
        {
            "key_frame": 1,
            "pts": 403456,
            "pkt_dts": 403456,
            "best_effort_timestamp": 403456,
            "duration": 2048,
            "pict_type": "I"
        },
        {
            "key_frame": 1,
            "pts": 405504,
            "pkt_dts": 405504,
            "best_effort_timestamp": 405504,
            "duration": 2048,
            "pict_type": "I"
        },
        {
            "key_frame": 1,
            "pts": 407552,
            "pkt_dts": 407552,
            "best_effort_timestamp": 407552,
            "duration": 2048,
            "pict_type": "I"
        },
        {
            "key_frame": 1,
            "pts": 409600,
            "pkt_dts": 409600,
            "best_effort_timestamp": 409600,
            "duration": 2048,
            "pict_type": "I"
        },
        {
            "key_frame": 1,
            "pts": 411648,
            "pkt_dts": 411648,
            "best_effort_timestamp": 411648,
            "duration": 2048,
            "pict_type": "I"
        },
        {
            "key_frame": 1,
            "pts": 413696,
            "pkt_dts": 413696,
            "best_effort_timestamp": 413696,
            "duration": 2048,
            "pict_type": "I"
        },
        {
            "key_frame": 1,
            "pts": 415744,
            "pkt_dts": 415744,
            "best_effort_timestamp": 415744,
            "duration": 2048,
            "pict_type": "I"
        },
        {
            "key_frame": 1,
            "pts": 417792,
            "pkt_dts": 417792,
            "best_effort_timestamp": 417792,
            "duration": 2048,
            "pict_type": "I"
        },
        {
            "key_frame": 1,
            "pts": 419840,
            "pkt_dts": 419840,
            "best_effort_timestamp": 419840,
            "duration": 2048,
            "pict_type": "I"
        },
        {
            "key_frame": 1,
            "pts": 421888,
            "pkt_dts": 421888,
            "best_effort_timestamp": 421888,
            "duration": 2048,
            "pict_type": "I"
        },
        {
            "key_frame": 1,
            "pts": 423936,
            "pkt_dts": 423936,
            "best_effort_timestamp": 423936,
            "duration": 2048,
            "pict_type": "I"
        },
        {
            "key_frame": 1,
            "pts": 425984,
            "pkt_dts": 425984,
            "best_effort_timestamp": 425984,
            "duration": 2048,
            "pict_type": "I"
        },
        {
            "key_frame": 1,
            "pts": 428032,
            "pkt_dts": 428032,
            "best_effort_timestamp": 428032,
            "duration": 2048,
            "pict_type": "I"
        },
        {
            "key_frame": 1,
            "pts": 430080,
            "pkt_dts": 430080,
            "best_effort_timestamp": 430080,
            "duration": 2048,
            "pict_type": "I"
        },
        {
            "key_frame": 1,
            "pts": 432128,
            "pkt_dts": 432128,
            "best_effort_timestamp": 432128,
            "duration": 2048,
            "pict_type": "I"
        },
        {
            "key_frame": 1,
            "pts": 434176,
            "pkt_dts": 434176,
            "best_effort_timestamp": 434176,
            "duration": 2048,
            "pict_type": "I"
        },
        {
            "key_frame": 1,
            "pts": 436224,
            "pkt_dts": 436224,
            "best_effort_timestamp": 436224,
            "duration": 2048,
            "pict_type": "I"
        },
        {
            "key_frame": 1,
            "pts": 438272,
            "pkt_dts": 438272,
            "best_effort_timestamp": 438272,
            "duration": 2048,
            "pict_type": "I"
        },
        {
            "key_frame": 1,
            "pts": 440320,
            "pkt_dts": 440320,
            "best_effort_timestamp": 440320,
            "duration": 2048,
            "pict_type": "I"
        },
        {
            "key_frame": 1,
            "pts": 442368,
            "pkt_dts": 442368,
            "best_effort_timestamp": 442368,
            "duration": 2048,
            "pict_type": "I"
        },
        {
            "key_frame": 1,
            "pts": 444416,
            "pkt_dts": 444416,
            "best_effort_timestamp": 444416,
            "duration": 2048,
            "pict_type": "I"
        },
        {
            "key_frame": 1,
            "pts": 446464,
            "pkt_dts": 446464,
            "best_effort_timestamp": 446464,
            "duration": 2048,
            "pict_type": "I"
        },
        {
            "key_frame": 1,
            "pts": 448512,
            "pkt_dts": 448512,
            "best_effort_timestamp": 448512,
            "duration": 2048,
            "pict_type": "I"
        },
        {
            "key_frame": 1,
            "pts": 450560,
            "pkt_dts": 450560,
            "best_effort_timestamp": 450560,
            "duration": 2048,
            "pict_type": "I"
        },
        {
            "key_frame": 1,
            "pts": 452608,
            "pkt_dts": 452608,
            "best_effort_timestamp": 452608,
            "duration": 2048,
            "pict_type": "I"
        },
        {
            "key_frame": 1,
            "pts": 454656,
            "pkt_dts": 454656,
            "best_effort_timestamp": 454656,
            "duration": 2048,
            "pict_type": "I"
        },
        {
            "key_frame": 1,
            "pts": 456704,
            "pkt_dts": 456704,
            "best_effort_timestamp": 456704,
            "duration": 2048,
            "pict_type": "I"
        },
        {
            "key_frame": 1,
            "pts": 458752,
            "pkt_dts": 458752,
            "best_effort_timestamp": 458752,
            "duration": 2048,
            "pict_type": "I"
        },
        {
            "key_frame": 1,
            "pts": 460800,
            "pkt_dts": 460800,
            "best_effort_timestamp": 460800,
            "duration": 2048,
            "pict_type": "I"
        },
        {
            "key_frame": 1,
            "pts": 462848,
            "pkt_dts": 462848,
            "best_effort_timestamp": 462848,
            "duration": 2048,
            "pict_type": "I"
        },
        {
            "key_frame": 1,
            "pts": 464896,
            "pkt_dts": 464896,
            "best_effort_timestamp": 464896,
            "duration": 2048,
            "pict_type": "I"
        },
        {
            "key_frame": 1,
            "pts": 466944,
            "pkt_dts": 466944,
            "best_effort_timestamp": 466944,
            "duration": 2048,
            "pict_type": "I"
        },
        {
            "key_frame": 1,
            "pts": 468992,
            "pkt_dts": 468992,
            "best_effort_timestamp": 468992,
            "duration": 2048,
            "pict_type": "I"
        },
        {
            "key_frame": 1,
            "pts": 471040,
            "pkt_dts": 471040,
            "best_effort_timestamp": 471040,
            "duration": 2048,
            "pict_type": "I"
        },
        {
            "key_frame": 1,
            "pts": 473088,
            "pkt_dts": 473088,
            "best_effort_timestamp": 473088,
            "duration": 2048,
            "pict_type": "I"
        },
        {
            "key_frame": 1,
            "pts": 475136,
            "pkt_dts": 475136,
            "best_effort_timestamp": 475136,
            "duration": 2048,
            "pict_type": "I"
        },
        {
            "key_frame": 1,
            "pts": 477184,
            "pkt_dts": 477184,
            "best_effort_timestamp": 477184,
            "duration": 2048,
            "pict_type": "I"
        },
        {
            "key_frame": 1,
            "pts": 479232,
            "pkt_dts": 479232,
            "best_effort_timestamp": 479232,
            "duration": 2048,
            "pict_type": "I"
        },
        {
            "key_frame": 1,
            "pts": 481280,
            "pkt_dts": 481280,
            "best_effort_timestamp": 481280,
            "duration": 2048,
            "pict_type": "I"
        },
        {
            "key_frame": 1,
            "pts": 483328,
            "pkt_dts": 483328,
            "best_effort_timestamp": 483328,
            "duration": 2048,
            "pict_type": "I"
        },
        {
            "key_frame": 1,
            "pts": 485376,
            "pkt_dts": 485376,
            "best_effort_timestamp": 485376,
            "duration": 2048,
            "pict_type": "I"
        },
        {
            "key_frame": 1,
            "pts": 487424,
            "pkt_dts": 487424,
            "best_effort_timestamp": 487424,
            "duration": 2048,
            "pict_type": "I"
        },
        {
            "key_frame": 1,
            "pts": 489472,
            "pkt_dts": 489472,
            "best_effort_timestamp": 489472,
            "duration": 2048,
            "pict_type": "I"
        },
        {
            "key_frame": 1,
            "pts": 491520,
            "pkt_dts": 491520,
            "best_effort_timestamp": 491520,
            "duration": 2048,
            "pict_type": "I"
        },
        {
            "key_frame": 1,
            "pts": 493568,
            "pkt_dts": 493568,
            "best_effort_timestamp": 493568,
            "duration": 2048,
            "pict_type": "I"
        },
        {
            "key_frame": 1,
            "pts": 495616,
            "pkt_dts": 495616,
            "best_effort_timestamp": 495616,
            "duration": 2048,
            "pict_type": "I"
        },
        {
            "key_frame": 1,
            "pts": 497664,
            "pkt_dts": 497664,
            "best_effort_timestamp": 497664,
            "duration": 2048,
            "pict_type": "I"
        },
        {
            "key_frame": 1,
            "pts": 499712,
            "pkt_dts": 499712,
            "best_effort_timestamp": 499712,
            "duration": 2048,
            "pict_type": "I"
        },
        {
            "key_frame": 1,
            "pts": 501760,
            "pkt_dts": 501760,
            "best_effort_timestamp": 501760,
            "duration": 2048,
            "pict_type": "I"
        },
        {
            "key_frame": 1,
            "pts": 503808,
            "pkt_dts": 503808,
            "best_effort_timestamp": 503808,
            "duration": 2048,
            "pict_type": "I"
        },
        {
            "key_frame": 1,
            "pts": 505856,
            "pkt_dts": 505856,
            "best_effort_timestamp": 505856,
            "duration": 2048,
            "pict_type": "I"
        },
        {
            "key_frame": 1,
            "pts": 507904,
            "pkt_dts": 507904,
            "best_effort_timestamp": 507904,
            "duration": 2048,
            "pict_type": "I"
        },
        {
            "key_frame": 1,
            "pts": 509952,
            "pkt_dts": 509952,
            "best_effort_timestamp": 509952,
            "duration": 2048,
            "pict_type": "I"
        },
        {
            "key_frame": 1,
            "pts": 512000,
            "pkt_dts": 512000,
            "best_effort_timestamp": 512000,
            "duration": 2048,
            "pict_type": "I"
        },
        {
            "key_frame": 1,
            "pts": 514048,
            "pkt_dts": 514048,
            "best_effort_timestamp": 514048,
            "duration": 2048,
            "pict_type": "I"
        },
        {
            "key_frame": 1,
            "pts": 516096,
            "pkt_dts": 516096,
            "best_effort_timestamp": 516096,
            "duration": 2048,
            "pict_type": "I"
        },
        {
            "key_frame": 1,
            "pts": 518144,
            "pkt_dts": 518144,
            "best_effort_timestamp": 518144,
            "duration": 2048,
            "pict_type": "I"
        },
        {
            "key_frame": 1,
            "pts": 520192,
            "pkt_dts": 520192,
            "best_effort_timestamp": 520192,
            "duration": 2048,
            "pict_type": "I"
        },
        {
            "key_frame": 1,
            "pts": 522240,
            "pkt_dts": 522240,
            "best_effort_timestamp": 522240,
            "duration": 2048,
            "pict_type": "I"
        },
        {
            "key_frame": 1,
            "pts": 524288,
            "pkt_dts": 524288,
            "best_effort_timestamp": 524288,
            "duration": 2048,
            "pict_type": "I"
        },
        {
            "key_frame": 1,
            "pts": 526336,
            "pkt_dts": 526336,
            "best_effort_timestamp": 526336,
            "duration": 2048,
            "pict_type": "I"
        },
        {
            "key_frame": 1,
            "pts": 528384,
            "pkt_dts": 528384,
            "best_effort_timestamp": 528384,
            "duration": 2048,
            "pict_type": "I"
        },
        {
            "key_frame": 1,
            "pts": 530432,
            "pkt_dts": 530432,
            "best_effort_timestamp": 530432,
            "duration": 2048,
            "pict_type": "I"
        },
        {
            "key_frame": 1,
            "pts": 532480,
            "pkt_dts": 532480,
            "best_effort_timestamp": 532480,
            "duration": 2048,
            "pict_type": "I"
        },
        {
            "key_frame": 1,
            "pts": 534528,
            "pkt_dts": 534528,
            "best_effort_timestamp": 534528,
            "duration": 2048,
            "pict_type": "I"
        },
        {
            "key_frame": 1,
            "pts": 536576,
            "pkt_dts": 536576,
            "best_effort_timestamp": 536576,
            "duration": 2048,
            "pict_type": "I"
        },
        {
            "key_frame": 1,
            "pts": 538624,
            "pkt_dts": 538624,
            "best_effort_timestamp": 538624,
            "duration": 2048,
            "pict_type": "I"
        },
        {
            "key_frame": 1,
            "pts": 540672,
            "pkt_dts": 540672,
            "best_effort_timestamp": 540672,
            "duration": 2048,
            "pict_type": "I"
        },
        {
            "key_frame": 1,
            "pts": 542720,
            "pkt_dts": 542720,
            "best_effort_timestamp": 542720,
            "duration": 2048,
            "pict_type": "I"
        },
        {
            "key_frame": 1,
            "pts": 544768,
            "pkt_dts": 544768,
            "best_effort_timestamp": 544768,
            "duration": 2048,
            "pict_type": "I"
        },
        {
            "key_frame": 1,
            "pts": 546816,
            "pkt_dts": 546816,
            "best_effort_timestamp": 546816,
            "duration": 2048,
            "pict_type": "I"
        },
        {
            "key_frame": 1,
            "pts": 548864,
            "pkt_dts": 548864,
            "best_effort_timestamp": 548864,
            "duration": 2048,
            "pict_type": "I"
        },
        {
            "key_frame": 1,
            "pts": 550912,
            "pkt_dts": 550912,
            "best_effort_timestamp": 550912,
            "duration": 2048,
            "pict_type": "I"
        },
        {
            "key_frame": 1,
            "pts": 552960,
            "pkt_dts": 552960,
            "best_effort_timestamp": 552960,
            "duration": 2048,
            "pict_type": "I"
        },
        {
            "key_frame": 1,
            "pts": 555008,
            "pkt_dts": 555008,
            "best_effort_timestamp": 555008,
            "duration": 2048,
            "pict_type": "I"
        },
        {
            "key_frame": 1,
            "pts": 557056,
            "pkt_dts": 557056,
            "best_effort_timestamp": 557056,
            "duration": 2048,
            "pict_type": "I"
        },
        {
            "key_frame": 1,
            "pts": 559104,
            "pkt_dts": 559104,
            "best_effort_timestamp": 559104,
            "duration": 2048,
            "pict_type": "I"
        },
        {
            "key_frame": 1,
            "pts": 561152,
            "pkt_dts": 561152,
            "best_effort_timestamp": 561152,
            "duration": 2048,
            "pict_type": "I"
        },
        {
            "key_frame": 1,
            "pts": 563200,
            "pkt_dts": 563200,
            "best_effort_timestamp": 563200,
            "duration": 2048,
            "pict_type": "I"
        },
        {
            "key_frame": 1,
            "pts": 565248,
            "pkt_dts": 565248,
            "best_effort_timestamp": 565248,
            "duration": 2048,
            "pict_type": "I"
        },
        {
            "key_frame": 1,
            "pts": 567296,
            "pkt_dts": 567296,
            "best_effort_timestamp": 567296,
            "duration": 2048,
            "pict_type": "I"
        },
        {
            "key_frame": 1,
            "pts": 569344,
            "pkt_dts": 569344,
            "best_effort_timestamp": 569344,
            "duration": 2048,
            "pict_type": "I"
        },
        {
            "key_frame": 1,
            "pts": 571392,
            "pkt_dts": 571392,
            "best_effort_timestamp": 571392,
            "duration": 2048,
            "pict_type": "I"
        },
        {
            "key_frame": 1,
            "pts": 573440,
            "pkt_dts": 573440,
            "best_effort_timestamp": 573440,
            "duration": 2048,
            "pict_type": "I"
        },
        {
            "key_frame": 1,
            "pts": 575488,
            "pkt_dts": 575488,
            "best_effort_timestamp": 575488,
            "duration": 2048,
            "pict_type": "I"
        },
        {
            "key_frame": 1,
            "pts": 577536,
            "pkt_dts": 577536,
            "best_effort_timestamp": 577536,
            "duration": 2048,
            "pict_type": "I"
        },
        {
            "key_frame": 1,
            "pts": 579584,
            "pkt_dts": 579584,
            "best_effort_timestamp": 579584,
            "duration": 2048,
            "pict_type": "I"
        },
        {
            "key_frame": 1,
            "pts": 581632,
            "pkt_dts": 581632,
            "best_effort_timestamp": 581632,
            "duration": 2048,
            "pict_type": "I"
        },
        {
            "key_frame": 1,
            "pts": 583680,
            "pkt_dts": 583680,
            "best_effort_timestamp": 583680,
            "duration": 2048,
            "pict_type": "I"
        },
        {
            "key_frame": 1,
            "pts": 585728,
            "pkt_dts": 585728,
            "best_effort_timestamp": 585728,
            "duration": 2048,
            "pict_type": "I"
        },
        {
            "key_frame": 1,
            "pts": 587776,
            "pkt_dts": 587776,
            "best_effort_timestamp": 587776,
            "duration": 2048,
            "pict_type": "I"
        },
        {
            "key_frame": 1,
            "pts": 589824,
            "pkt_dts": 589824,
            "best_effort_timestamp": 589824,
            "duration": 2048,
            "pict_type": "I"
        },
        {
            "key_frame": 1,
            "pts": 591872,
            "pkt_dts": 591872,
            "best_effort_timestamp": 591872,
            "duration": 2048,
            "pict_type": "I"
        },
        {
            "key_frame": 1,
            "pts": 593920,
            "pkt_dts": 593920,
            "best_effort_timestamp": 593920,
            "duration": 2048,
            "pict_type": "I"
        },
        {
            "key_frame": 1,
            "pts": 595968,
            "pkt_dts": 595968,
            "best_effort_timestamp": 595968,
            "duration": 2048,
            "pict_type": "I"
        },
        {
            "key_frame": 1,
            "pts": 598016,
            "pkt_dts": 598016,
            "best_effort_timestamp": 598016,
            "duration": 2048,
            "pict_type": "I"
        },
        {
            "key_frame": 1,
            "pts": 600064,
            "pkt_dts": 600064,
            "best_effort_timestamp": 600064,
            "duration": 2048,
            "pict_type": "I"
        },
        {
            "key_frame": 1,
            "pts": 602112,
            "pkt_dts": 602112,
            "best_effort_timestamp": 602112,
            "duration": 2048,
            "pict_type": "I"
        },
        {
            "key_frame": 1,
            "pts": 604160,
            "pkt_dts": 604160,
            "best_effort_timestamp": 604160,
            "duration": 2048,
            "pict_type": "I"
        },
        {
            "key_frame": 1,
            "pts": 606208,
            "pkt_dts": 606208,
            "best_effort_timestamp": 606208,
            "duration": 2048,
            "pict_type": "I"
        },
        {
            "key_frame": 1,
            "pts": 608256,
            "pkt_dts": 608256,
            "best_effort_timestamp": 608256,
            "duration": 2048,
            "pict_type": "I"
        },
        {
            "key_frame": 1,
            "pts": 610304,
            "pkt_dts": 610304,
            "best_effort_timestamp": 610304,
            "duration": 2048,
            "pict_type": "I"
        },
        {
            "key_frame": 1,
            "pts": 612352,
            "pkt_dts": 612352,
            "best_effort_timestamp": 612352,
            "duration": 2048,
            "pict_type": "I"
        }
    ],
    "programs": [

    ],
    "stream_groups": [

    ],
    "streams": [
        {
            "codec_name": "ffv1",
            "codec_type": "video",
            "width": 1920,
            "height": 1080,
            "pix_fmt": "yuv420p",
            "r_frame_rate": "30/1",
            "avg_frame_rate": "30/1",
            "time_base": "1/61440",
            "start_pts": 0,
            "disposition": {
                "default": 0,
                "dub": 0,
                "original": 0,
                "comment": 0,
                "lyrics": 0,
                "karaoke": 0,
                "forced": 0,
                "hearing_impaired": 0,
                "visual_impaired": 0,
                "clean_effects": 0,
                "attached_pic": 0,
                "timed_thumbnails": 0,
                "non_diegetic": 0,
                "captions": 0,
                "descriptions": 0,
                "metadata": 0,
                "dependent": 0,
                "still_image": 0,
                "multilayer": 0
            },
            "tags": {
                "encoder": "Lavc63.1.102 ffv1"
            }
        }
    ]
}
